[0.009s][info][gc] Using G1
[0.010s][info][gc,init] Version: 17.0.8.1+1 (release)
[0.010s][info][gc,init] CPUs: 8 total, 8 available
[0.010s][info][gc,init] Memory: 7975M
[0.010s][info][gc,init] Large Page Support: Disabled
[0.010s][info][gc,init] NUMA Support: Disabled
[0.010s][info][gc,init] Compressed Oops: Enabled (32-bit)
[0.010s][info][gc,init] Heap Region Size: 1M
[0.010s][info][gc,init] Heap Min Capacity: 8M
[0.010s][info][gc,init] Heap Initial Capacity: 126M
[0.010s][info][gc,init] Heap Max Capacity: 1994M
[0.010s][info][gc,init] Pre-touch: Disabled
[0.010s][info][gc,init] Parallel Workers: 8
[0.010s][info][gc,init] Concurrent Workers: 2
[0.010s][info][gc,init] Concurrent Refinement Workers: 8
[0.010s][info][gc,init] Periodic GC: Disabled
[0.011s][info][gc,metaspace] CDS archive(s) not mapped
[0.011s][info][gc,metaspace] Compressed class space mapped at: 0x0000000100000000-0x0000000140000000, reserved size: 1073741824
[0.011s][info][gc,metaspace] Narrow klass base: 0x0000000000000000, Narrow klass shift: 3, Narrow klass range: 0x140000000
[0.616s][info][gc,start    ] GC(0) Pause Young (Normal) (G1 Evacuation Pause)
[0.616s][info][gc,task     ] GC(0) Using 3 workers of 8 for evacuation
[0.622s][info][gc,phases   ] GC(0)   Pre Evacuate Collection Set: 0.1ms
[0.622s][info][gc,phases   ] GC(0)   Merge Heap Roots: 0.1ms
[0.622s][info][gc,phases   ] GC(0)   Evacuate Collection Set: 5.0ms
[0.622s][info][gc,phases   ] GC(0)   Post Evacuate Collection Set: 0.8ms
[0.622s][info][gc,phases   ] GC(0)   Other: 0.2ms
[0.622s][info][gc,heap     ] GC(0) Eden regions: 23->0(26)
[0.622s][info][gc,heap     ] GC(0) Survivor regions: 0->3(3)
[0.622s][info][gc,heap     ] GC(0) Old regions: 0->5
[0.622s][info][gc,heap     ] GC(0) Archive regions: 0->0
[0.622s][info][gc,heap     ] GC(0) Humongous regions: 1->1
[0.622s][info][gc,metaspace] GC(0) Metaspace: 13723K(13888K)->13723K(13888K) NonClass: 12274K(12352K)->12274K(12352K) Class: 1449K(1536K)->1449K(1536K)
[0.622s][info][gc          ] GC(0) Pause Young (Normal) (G1 Evacuation Pause) 24M->8M(126M) 6.316ms
[0.622s][info][gc,cpu      ] GC(0) User=0.00s Sys=0.00s Real=0.01s
[1.008s][info][gc,start    ] GC(1) Pause Young (Normal) (G1 Evacuation Pause)
[1.008s][info][gc,task     ] GC(1) Using 4 workers of 8 for evacuation
[1.012s][info][gc,phases   ] GC(1)   Pre Evacuate Collection Set: 0.0ms
[1.012s][info][gc,phases   ] GC(1)   Merge Heap Roots: 0.0ms
[1.012s][info][gc,phases   ] GC(1)   Evacuate Collection Set: 3.9ms
[1.012s][info][gc,phases   ] GC(1)   Post Evacuate Collection Set: 0.5ms
[1.012s][info][gc,phases   ] GC(1)   Other: 0.1ms
[1.012s][info][gc,heap     ] GC(1) Eden regions: 26->0(64)
[1.012s][info][gc,heap     ] GC(1) Survivor regions: 3->3(4)
[1.012s][info][gc,heap     ] GC(1) Old regions: 5->8
[1.012s][info][gc,heap     ] GC(1) Archive regions: 0->0
[1.012s][info][gc,heap     ] GC(1) Humongous regions: 1->1
[1.012s][info][gc,metaspace] GC(1) Metaspace: 21015K(21248K)->21015K(21248K) NonClass: 18559K(18688K)->18559K(18688K) Class: 2456K(2560K)->2456K(2560K)
[1.012s][info][gc          ] GC(1) Pause Young (Normal) (G1 Evacuation Pause) 34M->10M(126M) 4.709ms
[1.012s][info][gc,cpu      ] GC(1) User=0.00s Sys=0.00s Real=0.00s
[1.030s][info][gc,start    ] GC(2) Pause Young (Concurrent Start) (GCLocker Initiated GC)
[1.030s][info][gc,task     ] GC(2) Using 4 workers of 8 for evacuation
[1.032s][info][gc,phases   ] GC(2)   Pre Evacuate Collection Set: 0.1ms
[1.032s][info][gc,phases   ] GC(2)   Merge Heap Roots: 0.0ms
[1.032s][info][gc,phases   ] GC(2)   Evacuate Collection Set: 1.8ms
[1.032s][info][gc,phases   ] GC(2)   Post Evacuate Collection Set: 0.2ms
[1.032s][info][gc,phases   ] GC(2)   Other: 0.2ms
[1.032s][info][gc,heap     ] GC(2) Eden regions: 2->0(70)
[1.032s][info][gc,heap     ] GC(2) Survivor regions: 3->3(9)
[1.032s][info][gc,heap     ] GC(2) Old regions: 8->8
[1.032s][info][gc,heap     ] GC(2) Archive regions: 0->0
[1.032s][info][gc,heap     ] GC(2) Humongous regions: 1->1
[1.032s][info][gc,metaspace] GC(2) Metaspace: 21265K(21568K)->21265K(21568K) NonClass: 18762K(18944K)->18762K(18944K) Class: 2503K(2624K)->2503K(2624K)
[1.032s][info][gc          ] GC(2) Pause Young (Concurrent Start) (GCLocker Initiated GC) 12M->10M(126M) 2.452ms
[1.032s][info][gc,cpu      ] GC(2) User=0.00s Sys=0.00s Real=0.00s
[1.032s][info][gc          ] GC(3) Concurrent Mark Cycle
[1.032s][info][gc,marking  ] GC(3) Concurrent Clear Claimed Marks
[1.032s][info][gc,marking  ] GC(3) Concurrent Clear Claimed Marks 0.028ms
[1.032s][info][gc,marking  ] GC(3) Concurrent Scan Root Regions
[1.034s][info][gc,marking  ] GC(3) Concurrent Scan Root Regions 1.481ms
[1.034s][info][gc,marking  ] GC(3) Concurrent Mark
[1.034s][info][gc,marking  ] GC(3) Concurrent Mark From Roots
[1.034s][info][gc,task     ] GC(3) Using 2 workers of 2 for marking
[1.037s][info][gc,marking  ] GC(3) Concurrent Mark From Roots 3.731ms
[1.037s][info][gc,marking  ] GC(3) Concurrent Preclean
[1.038s][info][gc,marking  ] GC(3) Concurrent Preclean 0.068ms
[1.038s][info][gc,start    ] GC(3) Pause Remark
[1.039s][info][gc          ] GC(3) Pause Remark 11M->11M(47M) 1.308ms
[1.039s][info][gc,cpu      ] GC(3) User=0.00s Sys=0.00s Real=0.00s
[1.039s][info][gc,marking  ] GC(3) Concurrent Mark 5.530ms
[1.039s][info][gc,marking  ] GC(3) Concurrent Rebuild Remembered Sets
[1.041s][info][gc,marking  ] GC(3) Concurrent Rebuild Remembered Sets 1.359ms
[1.043s][info][gc,start    ] GC(3) Pause Cleanup
[1.043s][info][gc          ] GC(3) Pause Cleanup 11M->11M(47M) 0.070ms
[1.043s][info][gc,cpu      ] GC(3) User=0.00s Sys=0.00s Real=0.00s
[1.043s][info][gc,marking  ] GC(3) Concurrent Cleanup for Next Mark
[1.043s][info][gc,marking  ] GC(3) Concurrent Cleanup for Next Mark 0.305ms
[1.043s][info][gc          ] GC(3) Concurrent Mark Cycle 10.956ms
[1.307s][info][gc,start    ] GC(4) Pause Young (Prepare Mixed) (G1 Preventive Collection)
[1.307s][info][gc,task     ] GC(4) Using 4 workers of 8 for evacuation
[1.311s][info][gc,phases   ] GC(4)   Pre Evacuate Collection Set: 0.0ms
[1.311s][info][gc,phases   ] GC(4)   Merge Heap Roots: 0.0ms
[1.311s][info][gc,phases   ] GC(4)   Evacuate Collection Set: 3.1ms
[1.311s][info][gc,phases   ] GC(4)   Post Evacuate Collection Set: 0.4ms
[1.311s][info][gc,phases   ] GC(4)   Other: 0.1ms
[1.311s][info][gc,heap     ] GC(4) Eden regions: 24->0(1)
[1.311s][info][gc,heap     ] GC(4) Survivor regions: 3->5(10)
[1.311s][info][gc,heap     ] GC(4) Old regions: 8->8
[1.311s][info][gc,heap     ] GC(4) Archive regions: 0->0
[1.311s][info][gc,heap     ] GC(4) Humongous regions: 1->1
[1.311s][info][gc,metaspace] GC(4) Metaspace: 27318K(27520K)->27318K(27520K) NonClass: 24141K(24256K)->24141K(24256K) Class: 3177K(3264K)->3177K(3264K)
[1.311s][info][gc          ] GC(4) Pause Young (Prepare Mixed) (G1 Preventive Collection) 34M->12M(47M) 3.902ms
[1.311s][info][gc,cpu      ] GC(4) User=0.02s Sys=0.00s Real=0.01s
[1.318s][info][gc,start    ] GC(5) Pause Young (Mixed) (G1 Evacuation Pause)
[1.319s][info][gc,task     ] GC(5) Using 4 workers of 8 for evacuation
[1.322s][info][gc,phases   ] GC(5)   Pre Evacuate Collection Set: 0.0ms
[1.323s][info][gc,phases   ] GC(5)   Merge Heap Roots: 0.0ms
[1.323s][info][gc,phases   ] GC(5)   Evacuate Collection Set: 3.5ms
[1.323s][info][gc,phases   ] GC(5)   Post Evacuate Collection Set: 0.3ms
[1.323s][info][gc,phases   ] GC(5)   Other: 0.1ms
[1.323s][info][gc,heap     ] GC(5) Eden regions: 1->0(18)
[1.323s][info][gc,heap     ] GC(5) Survivor regions: 5->1(1)
[1.323s][info][gc,heap     ] GC(5) Old regions: 8->12
[1.323s][info][gc,heap     ] GC(5) Archive regions: 0->0
[1.323s][info][gc,heap     ] GC(5) Humongous regions: 1->1
[1.323s][info][gc,metaspace] GC(5) Metaspace: 27563K(27712K)->27563K(27712K) NonClass: 24360K(24448K)->24360K(24448K) Class: 3202K(3264K)->3202K(3264K)
[1.323s][info][gc          ] GC(5) Pause Young (Mixed) (G1 Evacuation Pause) 13M->12M(47M) 4.173ms
[1.323s][info][gc,cpu      ] GC(5) User=0.00s Sys=0.00s Real=0.00s
[1.548s][info][gc,start    ] GC(6) Pause Young (Normal) (G1 Evacuation Pause)
[1.548s][info][gc,task     ] GC(6) Using 3 workers of 8 for evacuation
[1.551s][info][gc,phases   ] GC(6)   Pre Evacuate Collection Set: 0.0ms
[1.551s][info][gc,phases   ] GC(6)   Merge Heap Roots: 0.0ms
[1.551s][info][gc,phases   ] GC(6)   Evacuate Collection Set: 2.1ms
[1.551s][info][gc,phases   ] GC(6)   Post Evacuate Collection Set: 0.5ms
[1.551s][info][gc,phases   ] GC(6)   Other: 0.2ms
[1.551s][info][gc,heap     ] GC(6) Eden regions: 18->0(18)
[1.551s][info][gc,heap     ] GC(6) Survivor regions: 1->3(3)
[1.551s][info][gc,heap     ] GC(6) Old regions: 12->12
[1.551s][info][gc,heap     ] GC(6) Archive regions: 0->0
[1.551s][info][gc,heap     ] GC(6) Humongous regions: 1->1
[1.551s][info][gc,metaspace] GC(6) Metaspace: 30192K(30464K)->30192K(30464K) NonClass: 26675K(26816K)->26675K(26816K) Class: 3517K(3648K)->3517K(3648K)
[1.551s][info][gc          ] GC(6) Pause Young (Normal) (G1 Evacuation Pause) 30M->14M(47M) 3.104ms
[1.551s][info][gc,cpu      ] GC(6) User=0.00s Sys=0.00s Real=0.00s
[1.876s][info][gc,start    ] GC(7) Pause Young (Normal) (G1 Evacuation Pause)
[1.876s][info][gc,task     ] GC(7) Using 2 workers of 8 for evacuation
[1.881s][info][gc,phases   ] GC(7)   Pre Evacuate Collection Set: 0.0ms
[1.881s][info][gc,phases   ] GC(7)   Merge Heap Roots: 0.1ms
[1.881s][info][gc,phases   ] GC(7)   Evacuate Collection Set: 3.7ms
[1.881s][info][gc,phases   ] GC(7)   Post Evacuate Collection Set: 0.6ms
[1.881s][info][gc,phases   ] GC(7)   Other: 0.1ms
[1.881s][info][gc,heap     ] GC(7) Eden regions: 18->0(46)
[1.881s][info][gc,heap     ] GC(7) Survivor regions: 3->2(3)
[1.881s][info][gc,heap     ] GC(7) Old regions: 12->14
[1.881s][info][gc,heap     ] GC(7) Archive regions: 0->0
[1.881s][info][gc,heap     ] GC(7) Humongous regions: 1->1
[1.881s][info][gc,metaspace] GC(7) Metaspace: 32586K(32832K)->32586K(32832K) NonClass: 28831K(28928K)->28831K(28928K) Class: 3755K(3904K)->3755K(3904K)
[1.881s][info][gc          ] GC(7) Pause Young (Normal) (G1 Evacuation Pause) 32M->15M(94M) 4.640ms
[1.881s][info][gc,cpu      ] GC(7) User=0.00s Sys=0.00s Real=0.00s
[2.418s][info][gc,start    ] GC(8) Pause Young (Concurrent Start) (Metadata GC Threshold)
[2.418s][info][gc,task     ] GC(8) Using 2 workers of 8 for evacuation
[2.423s][info][gc,phases   ] GC(8)   Pre Evacuate Collection Set: 0.1ms
[2.423s][info][gc,phases   ] GC(8)   Merge Heap Roots: 0.1ms
[2.423s][info][gc,phases   ] GC(8)   Evacuate Collection Set: 4.8ms
[2.423s][info][gc,phases   ] GC(8)   Post Evacuate Collection Set: 0.2ms
[2.423s][info][gc,phases   ] GC(8)   Other: 0.2ms
[2.423s][info][gc,heap     ] GC(8) Eden regions: 28->0(47)
[2.423s][info][gc,heap     ] GC(8) Survivor regions: 2->4(6)
[2.423s][info][gc,heap     ] GC(8) Old regions: 14->14
[2.423s][info][gc,heap     ] GC(8) Archive regions: 0->0
[2.423s][info][gc,heap     ] GC(8) Humongous regions: 1->1
[2.423s][info][gc,metaspace] GC(8) Metaspace: 35829K(36096K)->35829K(36096K) NonClass: 31646K(31744K)->31646K(31744K) Class: 4182K(4352K)->4182K(4352K)
[2.423s][info][gc          ] GC(8) Pause Young (Concurrent Start) (Metadata GC Threshold) 43M->17M(94M) 5.382ms
[2.423s][info][gc,cpu      ] GC(8) User=0.00s Sys=0.00s Real=0.01s
[2.424s][info][gc          ] GC(9) Concurrent Mark Cycle
[2.424s][info][gc,marking  ] GC(9) Concurrent Clear Claimed Marks
[2.424s][info][gc,marking  ] GC(9) Concurrent Clear Claimed Marks 0.041ms
[2.424s][info][gc,marking  ] GC(9) Concurrent Scan Root Regions
[2.425s][info][gc,marking  ] GC(9) Concurrent Scan Root Regions 1.627ms
[2.425s][info][gc,marking  ] GC(9) Concurrent Mark
[2.425s][info][gc,marking  ] GC(9) Concurrent Mark From Roots
[2.425s][info][gc,task     ] GC(9) Using 2 workers of 2 for marking
[2.434s][info][gc,marking  ] GC(9) Concurrent Mark From Roots 8.351ms
[2.434s][info][gc,marking  ] GC(9) Concurrent Preclean
[2.434s][info][gc,marking  ] GC(9) Concurrent Preclean 0.082ms
[2.434s][info][gc,start    ] GC(9) Pause Remark
[2.437s][info][gc          ] GC(9) Pause Remark 18M->18M(67M) 2.610ms
[2.437s][info][gc,cpu      ] GC(9) User=0.00s Sys=0.00s Real=0.00s
[2.437s][info][gc,marking  ] GC(9) Concurrent Mark 11.396ms
[2.437s][info][gc,marking  ] GC(9) Concurrent Rebuild Remembered Sets
[2.441s][info][gc,marking  ] GC(9) Concurrent Rebuild Remembered Sets 4.103ms
[2.441s][info][gc,start    ] GC(9) Pause Cleanup
[2.441s][info][gc          ] GC(9) Pause Cleanup 18M->18M(67M) 0.118ms
[2.441s][info][gc,cpu      ] GC(9) User=0.00s Sys=0.00s Real=0.00s
[2.441s][info][gc,marking  ] GC(9) Concurrent Cleanup for Next Mark
[2.442s][info][gc,marking  ] GC(9) Concurrent Cleanup for Next Mark 0.342ms
[2.442s][info][gc          ] GC(9) Concurrent Mark Cycle 18.020ms
[3.267s][info][gc,start    ] GC(10) Pause Young (Normal) (G1 Evacuation Pause)
[3.267s][info][gc,task     ] GC(10) Using 2 workers of 8 for evacuation
[3.278s][info][gc,phases   ] GC(10)   Pre Evacuate Collection Set: 0.1ms
[3.278s][info][gc,phases   ] GC(10)   Merge Heap Roots: 0.1ms
[3.278s][info][gc,phases   ] GC(10)   Evacuate Collection Set: 10.1ms
[3.278s][info][gc,phases   ] GC(10)   Post Evacuate Collection Set: 0.5ms
[3.278s][info][gc,phases   ] GC(10)   Other: 0.2ms
[3.278s][info][gc,heap     ] GC(10) Eden regions: 36->0(28)
[3.278s][info][gc,heap     ] GC(10) Survivor regions: 4->5(5)
[3.278s][info][gc,heap     ] GC(10) Old regions: 14->16
[3.278s][info][gc,heap     ] GC(10) Archive regions: 0->0
[3.278s][info][gc,heap     ] GC(10) Humongous regions: 1->1
[3.278s][info][gc,metaspace] GC(10) Metaspace: 41692K(42048K)->41692K(42048K) NonClass: 36558K(36736K)->36558K(36736K) Class: 5134K(5312K)->5134K(5312K)
[3.278s][info][gc          ] GC(10) Pause Young (Normal) (G1 Evacuation Pause) 53M->20M(67M) 11.038ms
[3.278s][info][gc,cpu      ] GC(10) User=0.00s Sys=0.00s Real=0.01s
[3.909s][info][gc,start    ] GC(11) Pause Young (Normal) (G1 Evacuation Pause)
[3.909s][info][gc,task     ] GC(11) Using 2 workers of 8 for evacuation
[3.918s][info][gc,phases   ] GC(11)   Pre Evacuate Collection Set: 0.1ms
[3.918s][info][gc,phases   ] GC(11)   Merge Heap Roots: 0.1ms
[3.918s][info][gc,phases   ] GC(11)   Evacuate Collection Set: 7.9ms
[3.918s][info][gc,phases   ] GC(11)   Post Evacuate Collection Set: 0.7ms
[3.918s][info][gc,phases   ] GC(11)   Other: 0.1ms
[3.918s][info][gc,heap     ] GC(11) Eden regions: 28->0(26)
[3.918s][info][gc,heap     ] GC(11) Survivor regions: 5->3(5)
[3.918s][info][gc,heap     ] GC(11) Old regions: 16->21
[3.918s][info][gc,heap     ] GC(11) Archive regions: 0->0
[3.918s][info][gc,heap     ] GC(11) Humongous regions: 1->1
[3.918s][info][gc,metaspace] GC(11) Metaspace: 46976K(47424K)->46976K(47424K) NonClass: 41161K(41408K)->41161K(41408K) Class: 5815K(6016K)->5815K(6016K)
[3.918s][info][gc          ] GC(11) Pause Young (Normal) (G1 Evacuation Pause) 48M->23M(67M) 8.893ms
[3.918s][info][gc,cpu      ] GC(11) User=0.00s Sys=0.00s Real=0.01s
[4.498s][info][gc,start    ] GC(12) Pause Young (Normal) (G1 Evacuation Pause)
[4.498s][info][gc,task     ] GC(12) Using 8 workers of 8 for evacuation
[4.502s][info][gc,phases   ] GC(12)   Pre Evacuate Collection Set: 0.1ms
[4.502s][info][gc,phases   ] GC(12)   Merge Heap Roots: 0.1ms
[4.502s][info][gc,phases   ] GC(12)   Evacuate Collection Set: 3.8ms
[4.502s][info][gc,phases   ] GC(12)   Post Evacuate Collection Set: 0.5ms
[4.502s][info][gc,phases   ] GC(12)   Other: 0.2ms
[4.502s][info][gc,heap     ] GC(12) Eden regions: 26->0(35)
[4.502s][info][gc,heap     ] GC(12) Survivor regions: 3->2(4)
[4.503s][info][gc,heap     ] GC(12) Old regions: 21->24
[4.503s][info][gc,heap     ] GC(12) Archive regions: 0->0
[4.503s][info][gc,heap     ] GC(12) Humongous regions: 1->1
[4.503s][info][gc,metaspace] GC(12) Metaspace: 51187K(51648K)->51187K(51648K) NonClass: 44827K(45056K)->44827K(45056K) Class: 6360K(6592K)->6360K(6592K)
[4.503s][info][gc          ] GC(12) Pause Young (Normal) (G1 Evacuation Pause) 49M->25M(81M) 4.786ms
[4.503s][info][gc,cpu      ] GC(12) User=0.00s Sys=0.00s Real=0.00s
[5.357s][info][gc,start    ] GC(13) Pause Young (Normal) (G1 Evacuation Pause)
[5.357s][info][gc,task     ] GC(13) Using 8 workers of 8 for evacuation
[5.361s][info][gc,phases   ] GC(13)   Pre Evacuate Collection Set: 0.1ms
[5.361s][info][gc,phases   ] GC(13)   Merge Heap Roots: 0.1ms
[5.361s][info][gc,phases   ] GC(13)   Evacuate Collection Set: 3.3ms
[5.361s][info][gc,phases   ] GC(13)   Post Evacuate Collection Set: 0.5ms
[5.361s][info][gc,phases   ] GC(13)   Other: 0.2ms
[5.361s][info][gc,heap     ] GC(13) Eden regions: 35->0(34)
[5.361s][info][gc,heap     ] GC(13) Survivor regions: 2->4(5)
[5.361s][info][gc,heap     ] GC(13) Old regions: 24->24
[5.361s][info][gc,heap     ] GC(13) Archive regions: 0->0
[5.361s][info][gc,heap     ] GC(13) Humongous regions: 1->1
[5.361s][info][gc,metaspace] GC(13) Metaspace: 59778K(60224K)->59778K(60224K) NonClass: 52158K(52416K)->52158K(52416K) Class: 7620K(7808K)->7620K(7808K)
[5.361s][info][gc          ] GC(13) Pause Young (Normal) (G1 Evacuation Pause) 60M->27M(81M) 4.267ms
[5.361s][info][gc,cpu      ] GC(13) User=0.02s Sys=0.00s Real=0.00s
[5.386s][info][gc,start    ] GC(14) Pause Young (Concurrent Start) (Metadata GC Threshold)
[5.386s][info][gc,task     ] GC(14) Using 8 workers of 8 for evacuation
[5.388s][info][gc,phases   ] GC(14)   Pre Evacuate Collection Set: 0.1ms
[5.388s][info][gc,phases   ] GC(14)   Merge Heap Roots: 0.0ms
[5.388s][info][gc,phases   ] GC(14)   Evacuate Collection Set: 2.3ms
[5.388s][info][gc,phases   ] GC(14)   Post Evacuate Collection Set: 0.2ms
[5.388s][info][gc,phases   ] GC(14)   Other: 0.1ms
[5.388s][info][gc,heap     ] GC(14) Eden regions: 2->0(34)
[5.388s][info][gc,heap     ] GC(14) Survivor regions: 4->3(5)
[5.388s][info][gc,heap     ] GC(14) Old regions: 24->25
[5.388s][info][gc,heap     ] GC(14) Archive regions: 0->0
[5.388s][info][gc,heap     ] GC(14) Humongous regions: 1->1
[5.388s][info][gc,metaspace] GC(14) Metaspace: 59896K(60288K)->59896K(60288K) NonClass: 52260K(52480K)->52260K(52480K) Class: 7635K(7808K)->7635K(7808K)
[5.388s][info][gc          ] GC(14) Pause Young (Concurrent Start) (Metadata GC Threshold) 28M->27M(81M) 2.845ms
[5.388s][info][gc,cpu      ] GC(14) User=0.00s Sys=0.00s Real=0.00s
[5.388s][info][gc          ] GC(15) Concurrent Mark Cycle
[5.388s][info][gc,marking  ] GC(15) Concurrent Clear Claimed Marks
[5.388s][info][gc,marking  ] GC(15) Concurrent Clear Claimed Marks 0.043ms
[5.388s][info][gc,marking  ] GC(15) Concurrent Scan Root Regions
[5.390s][info][gc,marking  ] GC(15) Concurrent Scan Root Regions 1.972ms
[5.391s][info][gc,marking  ] GC(15) Concurrent Mark
[5.391s][info][gc,marking  ] GC(15) Concurrent Mark From Roots
[5.391s][info][gc,task     ] GC(15) Using 2 workers of 2 for marking
[5.408s][info][gc,marking  ] GC(15) Concurrent Mark From Roots 17.462ms
[5.408s][info][gc,marking  ] GC(15) Concurrent Preclean
[5.408s][info][gc,marking  ] GC(15) Concurrent Preclean 0.130ms
[5.408s][info][gc,start    ] GC(15) Pause Remark
[5.411s][info][gc          ] GC(15) Pause Remark 28M->28M(81M) 3.091ms
[5.412s][info][gc,cpu      ] GC(15) User=0.00s Sys=0.00s Real=0.00s
[5.412s][info][gc,marking  ] GC(15) Concurrent Mark 21.065ms
[5.412s][info][gc,marking  ] GC(15) Concurrent Rebuild Remembered Sets
[5.420s][info][gc,marking  ] GC(15) Concurrent Rebuild Remembered Sets 8.581ms
[5.420s][info][gc,start    ] GC(15) Pause Cleanup
[5.420s][info][gc          ] GC(15) Pause Cleanup 28M->28M(81M) 0.070ms
[5.420s][info][gc,cpu      ] GC(15) User=0.00s Sys=0.00s Real=0.00s
[5.420s][info][gc,marking  ] GC(15) Concurrent Cleanup for Next Mark
[5.421s][info][gc,marking  ] GC(15) Concurrent Cleanup for Next Mark 0.307ms
[5.421s][info][gc          ] GC(15) Concurrent Mark Cycle 32.380ms
[5.982s][info][gc,start    ] GC(16) Pause Young (Normal) (G1 Evacuation Pause)
[5.982s][info][gc,task     ] GC(16) Using 8 workers of 8 for evacuation
[5.985s][info][gc,phases   ] GC(16)   Pre Evacuate Collection Set: 0.2ms
[5.985s][info][gc,phases   ] GC(16)   Merge Heap Roots: 0.1ms
[5.985s][info][gc,phases   ] GC(16)   Evacuate Collection Set: 2.1ms
[5.985s][info][gc,phases   ] GC(16)   Post Evacuate Collection Set: 0.6ms
[5.985s][info][gc,phases   ] GC(16)   Other: 0.1ms
[5.985s][info][gc,heap     ] GC(16) Eden regions: 34->0(34)
[5.985s][info][gc,heap     ] GC(16) Survivor regions: 3->4(5)
[5.985s][info][gc,heap     ] GC(16) Old regions: 25->25
[5.985s][info][gc,heap     ] GC(16) Archive regions: 0->0
[5.985s][info][gc,heap     ] GC(16) Humongous regions: 1->1
[5.985s][info][gc,metaspace] GC(16) Metaspace: 69167K(69632K)->69167K(69632K) NonClass: 60048K(60288K)->60048K(60288K) Class: 9118K(9344K)->9118K(9344K)
[5.985s][info][gc          ] GC(16) Pause Young (Normal) (G1 Evacuation Pause) 61M->28M(81M) 3.207ms
[5.985s][info][gc,cpu      ] GC(16) User=0.00s Sys=0.00s Real=0.00s
[6.352s][info][gc,start    ] GC(17) Pause Young (Normal) (G1 Evacuation Pause)
[6.352s][info][gc,task     ] GC(17) Using 8 workers of 8 for evacuation
[6.357s][info][gc,phases   ] GC(17)   Pre Evacuate Collection Set: 0.1ms
[6.357s][info][gc,phases   ] GC(17)   Merge Heap Roots: 0.1ms
[6.357s][info][gc,phases   ] GC(17)   Evacuate Collection Set: 4.0ms
[6.357s][info][gc,phases   ] GC(17)   Post Evacuate Collection Set: 0.6ms
[6.357s][info][gc,phases   ] GC(17)   Other: 0.1ms
[6.357s][info][gc,heap     ] GC(17) Eden regions: 34->0(33)
[6.357s][info][gc,heap     ] GC(17) Survivor regions: 4->4(5)
[6.357s][info][gc,heap     ] GC(17) Old regions: 25->27
[6.357s][info][gc,heap     ] GC(17) Archive regions: 0->0
[6.357s][info][gc,heap     ] GC(17) Humongous regions: 1->1
[6.357s][info][gc,metaspace] GC(17) Metaspace: 73242K(73792K)->73242K(73792K) NonClass: 63545K(63872K)->63545K(63872K) Class: 9697K(9920K)->9697K(9920K)
[6.357s][info][gc          ] GC(17) Pause Young (Normal) (G1 Evacuation Pause) 62M->30M(81M) 5.052ms
[6.357s][info][gc,cpu      ] GC(17) User=0.00s Sys=0.00s Real=0.01s
[6.503s][info][gc,start    ] GC(18) Pause Young (Normal) (G1 Evacuation Pause)
[6.503s][info][gc,task     ] GC(18) Using 8 workers of 8 for evacuation
[6.505s][info][gc,phases   ] GC(18)   Pre Evacuate Collection Set: 0.1ms
[6.505s][info][gc,phases   ] GC(18)   Merge Heap Roots: 0.1ms
[6.505s][info][gc,phases   ] GC(18)   Evacuate Collection Set: 2.1ms
[6.505s][info][gc,phases   ] GC(18)   Post Evacuate Collection Set: 0.4ms
[6.505s][info][gc,phases   ] GC(18)   Other: 0.1ms
[6.505s][info][gc,heap     ] GC(18) Eden regions: 33->0(33)
[6.506s][info][gc,heap     ] GC(18) Survivor regions: 4->3(5)
[6.506s][info][gc,heap     ] GC(18) Old regions: 27->29
[6.506s][info][gc,heap     ] GC(18) Archive regions: 0->0
[6.506s][info][gc,heap     ] GC(18) Humongous regions: 1->1
[6.506s][info][gc,metaspace] GC(18) Metaspace: 74505K(75072K)->74505K(75072K) NonClass: 64616K(64896K)->64616K(64896K) Class: 9889K(10176K)->9889K(10176K)
[6.506s][info][gc          ] GC(18) Pause Young (Normal) (G1 Evacuation Pause) 63M->30M(81M) 2.812ms
[6.506s][info][gc,cpu      ] GC(18) User=0.00s Sys=0.00s Real=0.00s
[6.953s][info][gc,start    ] GC(19) Pause Young (Normal) (G1 Evacuation Pause)
[6.953s][info][gc,task     ] GC(19) Using 8 workers of 8 for evacuation
[6.956s][info][gc,phases   ] GC(19)   Pre Evacuate Collection Set: 0.0ms
[6.956s][info][gc,phases   ] GC(19)   Merge Heap Roots: 0.0ms
[6.956s][info][gc,phases   ] GC(19)   Evacuate Collection Set: 2.3ms
[6.956s][info][gc,phases   ] GC(19)   Post Evacuate Collection Set: 0.4ms
[6.956s][info][gc,phases   ] GC(19)   Other: 0.1ms
[6.956s][info][gc,heap     ] GC(19) Eden regions: 33->0(31)
[6.956s][info][gc,heap     ] GC(19) Survivor regions: 3->5(5)
[6.956s][info][gc,heap     ] GC(19) Old regions: 29->29
[6.956s][info][gc,heap     ] GC(19) Archive regions: 0->0
[6.956s][info][gc,heap     ] GC(19) Humongous regions: 1->1
[6.956s][info][gc,metaspace] GC(19) Metaspace: 78634K(79168K)->78634K(79168K) NonClass: 68201K(68480K)->68201K(68480K) Class: 10432K(10688K)->10432K(10688K)
[6.956s][info][gc          ] GC(19) Pause Young (Normal) (G1 Evacuation Pause) 63M->32M(81M) 3.109ms
[6.956s][info][gc,cpu      ] GC(19) User=0.00s Sys=0.00s Real=0.00s
[7.596s][info][gc,start    ] GC(20) Pause Young (Normal) (G1 Evacuation Pause)
[7.596s][info][gc,task     ] GC(20) Using 8 workers of 8 for evacuation
[7.602s][info][gc,phases   ] GC(20)   Pre Evacuate Collection Set: 0.1ms
[7.602s][info][gc,phases   ] GC(20)   Merge Heap Roots: 0.1ms
[7.602s][info][gc,phases   ] GC(20)   Evacuate Collection Set: 4.6ms
[7.602s][info][gc,phases   ] GC(20)   Post Evacuate Collection Set: 0.7ms
[7.602s][info][gc,phases   ] GC(20)   Other: 0.2ms
[7.602s][info][gc,heap     ] GC(20) Eden regions: 31->0(29)
[7.602s][info][gc,heap     ] GC(20) Survivor regions: 5->5(5)
[7.602s][info][gc,heap     ] GC(20) Old regions: 29->31
[7.602s][info][gc,heap     ] GC(20) Archive regions: 0->0
[7.602s][info][gc,heap     ] GC(20) Humongous regions: 1->1
[7.602s][info][gc,metaspace] GC(20) Metaspace: 84287K(84864K)->84287K(84864K) NonClass: 73179K(73472K)->73179K(73472K) Class: 11108K(11392K)->11108K(11392K)
[7.602s][info][gc          ] GC(20) Pause Young (Normal) (G1 Evacuation Pause) 63M->35M(81M) 5.810ms
[7.602s][info][gc,cpu      ] GC(20) User=0.00s Sys=0.00s Real=0.01s
[8.021s][info][gc,start    ] GC(21) Pause Young (Normal) (G1 Evacuation Pause)
[8.021s][info][gc,task     ] GC(21) Using 8 workers of 8 for evacuation
[8.026s][info][gc,phases   ] GC(21)   Pre Evacuate Collection Set: 0.1ms
[8.026s][info][gc,phases   ] GC(21)   Merge Heap Roots: 0.1ms
[8.026s][info][gc,phases   ] GC(21)   Evacuate Collection Set: 4.6ms
[8.026s][info][gc,phases   ] GC(21)   Post Evacuate Collection Set: 0.4ms
[8.026s][info][gc,phases   ] GC(21)   Other: 0.2ms
[8.026s][info][gc,heap     ] GC(21) Eden regions: 29->0(26)
[8.026s][info][gc,heap     ] GC(21) Survivor regions: 5->3(5)
[8.026s][info][gc,heap     ] GC(21) Old regions: 31->36
[8.026s][info][gc,heap     ] GC(21) Archive regions: 0->0
[8.026s][info][gc,heap     ] GC(21) Humongous regions: 1->1
[8.026s][info][gc,metaspace] GC(21) Metaspace: 87125K(87680K)->87125K(87680K) NonClass: 75572K(75840K)->75572K(75840K) Class: 11553K(11840K)->11553K(11840K)
[8.026s][info][gc          ] GC(21) Pause Young (Normal) (G1 Evacuation Pause) 64M->37M(81M) 5.436ms
[8.026s][info][gc,cpu      ] GC(21) User=0.00s Sys=0.00s Real=0.01s
[8.435s][info][gc,start    ] GC(22) Pause Young (Concurrent Start) (G1 Evacuation Pause)
[8.435s][info][gc,task     ] GC(22) Using 8 workers of 8 for evacuation
[8.440s][info][gc,phases   ] GC(22)   Pre Evacuate Collection Set: 0.1ms
[8.440s][info][gc,phases   ] GC(22)   Merge Heap Roots: 0.1ms
[8.440s][info][gc,phases   ] GC(22)   Evacuate Collection Set: 4.4ms
[8.440s][info][gc,phases   ] GC(22)   Post Evacuate Collection Set: 0.6ms
[8.440s][info][gc,phases   ] GC(22)   Other: 0.2ms
[8.440s][info][gc,heap     ] GC(22) Eden regions: 26->0(25)
[8.440s][info][gc,heap     ] GC(22) Survivor regions: 3->4(4)
[8.440s][info][gc,heap     ] GC(22) Old regions: 36->36
[8.440s][info][gc,heap     ] GC(22) Archive regions: 0->0
[8.440s][info][gc,heap     ] GC(22) Humongous regions: 1->1
[8.440s][info][gc,metaspace] GC(22) Metaspace: 89411K(89984K)->89411K(89984K) NonClass: 77595K(77888K)->77595K(77888K) Class: 11815K(12096K)->11815K(12096K)
[8.440s][info][gc          ] GC(22) Pause Young (Concurrent Start) (G1 Evacuation Pause) 63M->39M(81M) 5.520ms
[8.440s][info][gc,cpu      ] GC(22) User=0.02s Sys=0.00s Real=0.00s
[8.440s][info][gc          ] GC(23) Concurrent Mark Cycle
[8.440s][info][gc,marking  ] GC(23) Concurrent Clear Claimed Marks
[8.440s][info][gc,marking  ] GC(23) Concurrent Clear Claimed Marks 0.115ms
[8.440s][info][gc,marking  ] GC(23) Concurrent Scan Root Regions
[8.446s][info][gc,marking  ] GC(23) Concurrent Scan Root Regions 5.509ms
[8.446s][info][gc,marking  ] GC(23) Concurrent Mark
[8.446s][info][gc,marking  ] GC(23) Concurrent Mark From Roots
[8.446s][info][gc,task     ] GC(23) Using 2 workers of 2 for marking
[8.477s][info][gc,marking  ] GC(23) Concurrent Mark From Roots 30.725ms
[8.477s][info][gc,marking  ] GC(23) Concurrent Preclean
[8.477s][info][gc,marking  ] GC(23) Concurrent Preclean 0.164ms
[8.477s][info][gc,start    ] GC(23) Pause Remark
[8.480s][info][gc          ] GC(23) Pause Remark 41M->41M(81M) 3.223ms
[8.480s][info][gc,cpu      ] GC(23) User=0.00s Sys=0.00s Real=0.00s
[8.481s][info][gc,marking  ] GC(23) Concurrent Mark 34.516ms
[8.481s][info][gc,marking  ] GC(23) Concurrent Rebuild Remembered Sets
[8.493s][info][gc,marking  ] GC(23) Concurrent Rebuild Remembered Sets 12.622ms
[8.493s][info][gc,start    ] GC(23) Pause Cleanup
[8.493s][info][gc          ] GC(23) Pause Cleanup 41M->41M(81M) 0.085ms
[8.493s][info][gc,cpu      ] GC(23) User=0.00s Sys=0.00s Real=0.00s
[8.493s][info][gc,marking  ] GC(23) Concurrent Cleanup for Next Mark
[8.494s][info][gc,marking  ] GC(23) Concurrent Cleanup for Next Mark 0.155ms
[8.494s][info][gc          ] GC(23) Concurrent Mark Cycle 53.415ms
[8.803s][info][gc,start    ] GC(24) Pause Young (Normal) (G1 Evacuation Pause)
[8.803s][info][gc,task     ] GC(24) Using 8 workers of 8 for evacuation
[8.809s][info][gc,phases   ] GC(24)   Pre Evacuate Collection Set: 0.1ms
[8.809s][info][gc,phases   ] GC(24)   Merge Heap Roots: 0.1ms
[8.809s][info][gc,phases   ] GC(24)   Evacuate Collection Set: 4.7ms
[8.809s][info][gc,phases   ] GC(24)   Post Evacuate Collection Set: 0.4ms
[8.809s][info][gc,phases   ] GC(24)   Other: 0.2ms
[8.809s][info][gc,heap     ] GC(24) Eden regions: 25->0(24)
[8.809s][info][gc,heap     ] GC(24) Survivor regions: 4->4(4)
[8.809s][info][gc,heap     ] GC(24) Old regions: 36->38
[8.809s][info][gc,heap     ] GC(24) Archive regions: 0->0
[8.809s][info][gc,heap     ] GC(24) Humongous regions: 1->1
[8.809s][info][gc,metaspace] GC(24) Metaspace: 90774K(91328K)->90774K(91328K) NonClass: 78652K(78976K)->78652K(78976K) Class: 12121K(12352K)->12121K(12352K)
[8.809s][info][gc          ] GC(24) Pause Young (Normal) (G1 Evacuation Pause) 64M->41M(81M) 5.571ms
[8.809s][info][gc,cpu      ] GC(24) User=0.00s Sys=0.00s Real=0.01s
[13.543s][info][gc,start    ] GC(25) Pause Young (Concurrent Start) (G1 Evacuation Pause)
[13.543s][info][gc,task     ] GC(25) Using 8 workers of 8 for evacuation
[13.550s][info][gc,phases   ] GC(25)   Pre Evacuate Collection Set: 0.1ms
[13.550s][info][gc,phases   ] GC(25)   Merge Heap Roots: 0.1ms
[13.550s][info][gc,phases   ] GC(25)   Evacuate Collection Set: 5.2ms
[13.550s][info][gc,phases   ] GC(25)   Post Evacuate Collection Set: 0.7ms
[13.550s][info][gc,phases   ] GC(25)   Other: 0.2ms
[13.550s][info][gc,heap     ] GC(25) Eden regions: 24->0(35)
[13.550s][info][gc,heap     ] GC(25) Survivor regions: 4->4(4)
[13.550s][info][gc,heap     ] GC(25) Old regions: 38->40
[13.550s][info][gc,heap     ] GC(25) Archive regions: 0->0
[13.550s][info][gc,heap     ] GC(25) Humongous regions: 1->1
[13.550s][info][gc,metaspace] GC(25) Metaspace: 93603K(94144K)->93603K(94144K) NonClass: 81120K(81408K)->81120K(81408K) Class: 12483K(12736K)->12483K(12736K)
[13.550s][info][gc          ] GC(25) Pause Young (Concurrent Start) (G1 Evacuation Pause) 65M->42M(98M) 6.374ms
[13.550s][info][gc,cpu      ] GC(25) User=0.03s Sys=0.00s Real=0.01s
[13.550s][info][gc          ] GC(26) Concurrent Mark Cycle
[13.550s][info][gc,marking  ] GC(26) Concurrent Clear Claimed Marks
[13.550s][info][gc,marking  ] GC(26) Concurrent Clear Claimed Marks 0.055ms
[13.550s][info][gc,marking  ] GC(26) Concurrent Scan Root Regions
[13.557s][info][gc,marking  ] GC(26) Concurrent Scan Root Regions 6.677ms
[13.557s][info][gc,marking  ] GC(26) Concurrent Mark
[13.557s][info][gc,marking  ] GC(26) Concurrent Mark From Roots
[13.557s][info][gc,task     ] GC(26) Using 2 workers of 2 for marking
[13.586s][info][gc,marking  ] GC(26) Concurrent Mark From Roots 28.989ms
[13.586s][info][gc,marking  ] GC(26) Concurrent Preclean
[13.586s][info][gc,marking  ] GC(26) Concurrent Preclean 0.271ms
[13.586s][info][gc,start    ] GC(26) Pause Remark
[13.589s][info][gc          ] GC(26) Pause Remark 43M->43M(98M) 3.135ms
[13.589s][info][gc,cpu      ] GC(26) User=0.00s Sys=0.00s Real=0.00s
[13.590s][info][gc,marking  ] GC(26) Concurrent Mark 33.011ms
[13.590s][info][gc,marking  ] GC(26) Concurrent Rebuild Remembered Sets
[13.606s][info][gc,marking  ] GC(26) Concurrent Rebuild Remembered Sets 16.653ms
[13.606s][info][gc,start    ] GC(26) Pause Cleanup
[13.607s][info][gc          ] GC(26) Pause Cleanup 44M->44M(98M) 0.122ms
[13.607s][info][gc,cpu      ] GC(26) User=0.00s Sys=0.00s Real=0.00s
[13.607s][info][gc,marking  ] GC(26) Concurrent Cleanup for Next Mark
[13.607s][info][gc,marking  ] GC(26) Concurrent Cleanup for Next Mark 0.161ms
[13.607s][info][gc          ] GC(26) Concurrent Mark Cycle 57.073ms
[33.459s][info][gc,start    ] GC(27) Pause Young (Prepare Mixed) (G1 Evacuation Pause)
[33.460s][info][gc,task     ] GC(27) Using 8 workers of 8 for evacuation
[33.466s][info][gc,phases   ] GC(27)   Pre Evacuate Collection Set: 0.1ms
[33.466s][info][gc,phases   ] GC(27)   Merge Heap Roots: 0.1ms
[33.466s][info][gc,phases   ] GC(27)   Evacuate Collection Set: 5.4ms
[33.466s][info][gc,phases   ] GC(27)   Post Evacuate Collection Set: 0.7ms
[33.466s][info][gc,phases   ] GC(27)   Other: 0.2ms
[33.466s][info][gc,heap     ] GC(27) Eden regions: 35->0(1)
[33.466s][info][gc,heap     ] GC(27) Survivor regions: 4->5(5)
[33.466s][info][gc,heap     ] GC(27) Old regions: 40->41
[33.466s][info][gc,heap     ] GC(27) Archive regions: 0->0
[33.466s][info][gc,heap     ] GC(27) Humongous regions: 1->1
[33.466s][info][gc,metaspace] GC(27) Metaspace: 102820K(103424K)->102820K(103424K) NonClass: 89170K(89472K)->89170K(89472K) Class: 13650K(13952K)->13650K(13952K)
[33.466s][info][gc          ] GC(27) Pause Young (Prepare Mixed) (G1 Evacuation Pause) 77M->45M(98M) 6.568ms
[33.466s][info][gc,cpu      ] GC(27) User=0.00s Sys=0.00s Real=0.01s
[33.488s][info][gc,start    ] GC(28) Pause Young (Mixed) (G1 Evacuation Pause)
[33.488s][info][gc,task     ] GC(28) Using 8 workers of 8 for evacuation
[33.492s][info][gc,phases   ] GC(28)   Pre Evacuate Collection Set: 0.1ms
[33.492s][info][gc,phases   ] GC(28)   Merge Heap Roots: 0.2ms
[33.492s][info][gc,phases   ] GC(28)   Evacuate Collection Set: 2.8ms
[33.492s][info][gc,phases   ] GC(28)   Post Evacuate Collection Set: 0.7ms
[33.492s][info][gc,phases   ] GC(28)   Other: 0.1ms
[33.492s][info][gc,heap     ] GC(28) Eden regions: 1->0(33)
[33.492s][info][gc,heap     ] GC(28) Survivor regions: 5->1(1)
[33.492s][info][gc,heap     ] GC(28) Old regions: 41->45
[33.492s][info][gc,heap     ] GC(28) Archive regions: 0->0
[33.492s][info][gc,heap     ] GC(28) Humongous regions: 1->1
[33.492s][info][gc,metaspace] GC(28) Metaspace: 102856K(103488K)->102856K(103488K) NonClass: 89203K(89536K)->89203K(89536K) Class: 13652K(13952K)->13652K(13952K)
[33.492s][info][gc          ] GC(28) Pause Young (Mixed) (G1 Evacuation Pause) 46M->46M(98M) 4.117ms
[33.492s][info][gc,cpu      ] GC(28) User=0.00s Sys=0.00s Real=0.00s
