[0.019s][info][gc] Using G1
[0.021s][info][gc,init] Version: 17.0.8.1+1 (release)
[0.021s][info][gc,init] CPUs: 8 total, 8 available
[0.021s][info][gc,init] Memory: 7975M
[0.021s][info][gc,init] Large Page Support: Disabled
[0.021s][info][gc,init] NUMA Support: Disabled
[0.021s][info][gc,init] Compressed Oops: Enabled (32-bit)
[0.021s][info][gc,init] Heap Region Size: 1M
[0.021s][info][gc,init] Heap Min Capacity: 8M
[0.021s][info][gc,init] Heap Initial Capacity: 126M
[0.022s][info][gc,init] Heap Max Capacity: 1994M
[0.022s][info][gc,init] Pre-touch: Disabled
[0.022s][info][gc,init] Parallel Workers: 8
[0.022s][info][gc,init] Concurrent Workers: 2
[0.022s][info][gc,init] Concurrent Refinement Workers: 8
[0.022s][info][gc,init] Periodic GC: Disabled
[0.023s][info][gc,metaspace] CDS archive(s) not mapped
[0.023s][info][gc,metaspace] Compressed class space mapped at: 0x0000000100000000-0x0000000140000000, reserved size: 1073741824
[0.023s][info][gc,metaspace] Narrow klass base: 0x0000000000000000, Narrow klass shift: 3, Narrow klass range: 0x140000000
[0.879s][info][gc,start    ] GC(0) Pause Young (Normal) (G1 Evacuation Pause)
[0.879s][info][gc,task     ] GC(0) Using 3 workers of 8 for evacuation
[0.887s][info][gc,phases   ] GC(0)   Pre Evacuate Collection Set: 0.1ms
[0.887s][info][gc,phases   ] GC(0)   Merge Heap Roots: 0.1ms
[0.887s][info][gc,phases   ] GC(0)   Evacuate Collection Set: 5.7ms
[0.887s][info][gc,phases   ] GC(0)   Post Evacuate Collection Set: 1.6ms
[0.887s][info][gc,phases   ] GC(0)   Other: 0.4ms
[0.887s][info][gc,heap     ] GC(0) Eden regions: 23->0(27)
[0.887s][info][gc,heap     ] GC(0) Survivor regions: 0->3(3)
[0.887s][info][gc,heap     ] GC(0) Old regions: 0->4
[0.887s][info][gc,heap     ] GC(0) Archive regions: 0->0
[0.887s][info][gc,heap     ] GC(0) Humongous regions: 1->1
[0.887s][info][gc,metaspace] GC(0) Metaspace: 13683K(13888K)->13683K(13888K) NonClass: 12238K(12352K)->12238K(12352K) Class: 1444K(1536K)->1444K(1536K)
[0.887s][info][gc          ] GC(0) Pause Young (Normal) (G1 Evacuation Pause) 24M->7M(126M) 8.188ms
[0.887s][info][gc,cpu      ] GC(0) User=0.00s Sys=0.00s Real=0.01s
[1.349s][info][gc,start    ] GC(1) Pause Young (Normal) (G1 Evacuation Pause)
[1.349s][info][gc,task     ] GC(1) Using 4 workers of 8 for evacuation
[1.354s][info][gc,phases   ] GC(1)   Pre Evacuate Collection Set: 0.0ms
[1.354s][info][gc,phases   ] GC(1)   Merge Heap Roots: 0.0ms
[1.354s][info][gc,phases   ] GC(1)   Evacuate Collection Set: 4.4ms
[1.354s][info][gc,phases   ] GC(1)   Post Evacuate Collection Set: 0.5ms
[1.354s][info][gc,phases   ] GC(1)   Other: 0.1ms
[1.354s][info][gc,heap     ] GC(1) Eden regions: 27->0(66)
[1.354s][info][gc,heap     ] GC(1) Survivor regions: 3->3(4)
[1.354s][info][gc,heap     ] GC(1) Old regions: 4->7
[1.354s][info][gc,heap     ] GC(1) Archive regions: 0->0
[1.354s][info][gc,heap     ] GC(1) Humongous regions: 1->1
[1.354s][info][gc,metaspace] GC(1) Metaspace: 21167K(21376K)->21167K(21376K) NonClass: 18688K(18816K)->18688K(18816K) Class: 2479K(2560K)->2479K(2560K)
[1.354s][info][gc          ] GC(1) Pause Young (Normal) (G1 Evacuation Pause) 34M->10M(126M) 5.333ms
[1.354s][info][gc,cpu      ] GC(1) User=0.00s Sys=0.00s Real=0.01s
[1.363s][info][gc,start    ] GC(2) Pause Young (Concurrent Start) (Metadata GC Threshold)
[1.363s][info][gc,task     ] GC(2) Using 4 workers of 8 for evacuation
[1.365s][info][gc,phases   ] GC(2)   Pre Evacuate Collection Set: 0.0ms
[1.365s][info][gc,phases   ] GC(2)   Merge Heap Roots: 0.0ms
[1.365s][info][gc,phases   ] GC(2)   Evacuate Collection Set: 1.7ms
[1.365s][info][gc,phases   ] GC(2)   Post Evacuate Collection Set: 0.4ms
[1.365s][info][gc,phases   ] GC(2)   Other: 0.6ms
[1.365s][info][gc,heap     ] GC(2) Eden regions: 2->0(72)
[1.365s][info][gc,heap     ] GC(2) Survivor regions: 3->3(9)
[1.365s][info][gc,heap     ] GC(2) Old regions: 7->7
[1.365s][info][gc,heap     ] GC(2) Archive regions: 0->0
[1.365s][info][gc,heap     ] GC(2) Humongous regions: 1->1
[1.365s][info][gc,metaspace] GC(2) Metaspace: 21292K(21504K)->21292K(21504K) NonClass: 18795K(18944K)->18795K(18944K) Class: 2497K(2560K)->2497K(2560K)
[1.366s][info][gc          ] GC(2) Pause Young (Concurrent Start) (Metadata GC Threshold) 11M->9M(126M) 3.007ms
[1.366s][info][gc,cpu      ] GC(2) User=0.02s Sys=0.00s Real=0.00s
[1.366s][info][gc          ] GC(3) Concurrent Mark Cycle
[1.366s][info][gc,marking  ] GC(3) Concurrent Clear Claimed Marks
[1.366s][info][gc,marking  ] GC(3) Concurrent Clear Claimed Marks 0.021ms
[1.366s][info][gc,marking  ] GC(3) Concurrent Scan Root Regions
[1.367s][info][gc,marking  ] GC(3) Concurrent Scan Root Regions 1.421ms
[1.367s][info][gc,marking  ] GC(3) Concurrent Mark
[1.367s][info][gc,marking  ] GC(3) Concurrent Mark From Roots
[1.367s][info][gc,task     ] GC(3) Using 2 workers of 2 for marking
[1.370s][info][gc,marking  ] GC(3) Concurrent Mark From Roots 2.871ms
[1.370s][info][gc,marking  ] GC(3) Concurrent Preclean
[1.370s][info][gc,marking  ] GC(3) Concurrent Preclean 0.053ms
[1.370s][info][gc,start    ] GC(3) Pause Remark
[1.372s][info][gc          ] GC(3) Pause Remark 10M->10M(44M) 1.910ms
[1.372s][info][gc,cpu      ] GC(3) User=0.00s Sys=0.00s Real=0.00s
[1.372s][info][gc,marking  ] GC(3) Concurrent Mark 5.165ms
[1.372s][info][gc,marking  ] GC(3) Concurrent Rebuild Remembered Sets
[1.374s][info][gc,marking  ] GC(3) Concurrent Rebuild Remembered Sets 1.372ms
[1.375s][info][gc,start    ] GC(3) Pause Cleanup
[1.376s][info][gc          ] GC(3) Pause Cleanup 10M->10M(44M) 0.152ms
[1.376s][info][gc,cpu      ] GC(3) User=0.00s Sys=0.00s Real=0.00s
[1.376s][info][gc,marking  ] GC(3) Concurrent Cleanup for Next Mark
[1.376s][info][gc,marking  ] GC(3) Concurrent Cleanup for Next Mark 0.409ms
[1.376s][info][gc          ] GC(3) Concurrent Mark Cycle 10.500ms
[1.715s][info][gc,start    ] GC(4) Pause Young (Prepare Mixed) (G1 Preventive Collection)
[1.715s][info][gc,task     ] GC(4) Using 4 workers of 8 for evacuation
[1.719s][info][gc,phases   ] GC(4)   Pre Evacuate Collection Set: 0.0ms
[1.719s][info][gc,phases   ] GC(4)   Merge Heap Roots: 0.0ms
[1.719s][info][gc,phases   ] GC(4)   Evacuate Collection Set: 3.3ms
[1.719s][info][gc,phases   ] GC(4)   Post Evacuate Collection Set: 0.6ms
[1.719s][info][gc,phases   ] GC(4)   Other: 0.2ms
[1.719s][info][gc,heap     ] GC(4) Eden regions: 23->0(1)
[1.719s][info][gc,heap     ] GC(4) Survivor regions: 3->2(4)
[1.719s][info][gc,heap     ] GC(4) Old regions: 7->10
[1.719s][info][gc,heap     ] GC(4) Archive regions: 0->0
[1.719s][info][gc,heap     ] GC(4) Humongous regions: 1->1
[1.719s][info][gc,metaspace] GC(4) Metaspace: 27510K(27776K)->27510K(27776K) NonClass: 24293K(24448K)->24293K(24448K) Class: 3217K(3328K)->3217K(3328K)
[1.719s][info][gc          ] GC(4) Pause Young (Prepare Mixed) (G1 Preventive Collection) 32M->11M(44M) 4.299ms
[1.719s][info][gc,cpu      ] GC(4) User=0.00s Sys=0.00s Real=0.00s
[1.736s][info][gc,start    ] GC(5) Pause Young (Mixed) (G1 Evacuation Pause)
[1.736s][info][gc,task     ] GC(5) Using 4 workers of 8 for evacuation
[1.740s][info][gc,phases   ] GC(5)   Pre Evacuate Collection Set: 0.1ms
[1.740s][info][gc,phases   ] GC(5)   Merge Heap Roots: 0.1ms
[1.740s][info][gc,phases   ] GC(5)   Evacuate Collection Set: 2.9ms
[1.740s][info][gc,phases   ] GC(5)   Post Evacuate Collection Set: 0.5ms
[1.740s][info][gc,phases   ] GC(5)   Other: 0.2ms
[1.740s][info][gc,heap     ] GC(5) Eden regions: 1->0(18)
[1.740s][info][gc,heap     ] GC(5) Survivor regions: 2->1(1)
[1.740s][info][gc,heap     ] GC(5) Old regions: 10->11
[1.740s][info][gc,heap     ] GC(5) Archive regions: 0->0
[1.740s][info][gc,heap     ] GC(5) Humongous regions: 1->1
[1.740s][info][gc,metaspace] GC(5) Metaspace: 27697K(27904K)->27697K(27904K) NonClass: 24447K(24576K)->24447K(24576K) Class: 3250K(3328K)->3250K(3328K)
[1.740s][info][gc          ] GC(5) Pause Young (Mixed) (G1 Evacuation Pause) 12M->11M(44M) 3.751ms
[1.740s][info][gc,cpu      ] GC(5) User=0.00s Sys=0.00s Real=0.00s
[2.104s][info][gc,start    ] GC(6) Pause Young (Normal) (G1 Evacuation Pause)
[2.104s][info][gc,task     ] GC(6) Using 3 workers of 8 for evacuation
[2.107s][info][gc,phases   ] GC(6)   Pre Evacuate Collection Set: 0.0ms
[2.107s][info][gc,phases   ] GC(6)   Merge Heap Roots: 0.0ms
[2.107s][info][gc,phases   ] GC(6)   Evacuate Collection Set: 2.4ms
[2.107s][info][gc,phases   ] GC(6)   Post Evacuate Collection Set: 0.4ms
[2.107s][info][gc,phases   ] GC(6)   Other: 0.2ms
[2.107s][info][gc,heap     ] GC(6) Eden regions: 18->0(35)
[2.107s][info][gc,heap     ] GC(6) Survivor regions: 1->3(3)
[2.107s][info][gc,heap     ] GC(6) Old regions: 11->11
[2.107s][info][gc,heap     ] GC(6) Archive regions: 0->0
[2.107s][info][gc,heap     ] GC(6) Humongous regions: 1->1
[2.107s][info][gc,metaspace] GC(6) Metaspace: 30095K(30400K)->30095K(30400K) NonClass: 26594K(26752K)->26594K(26752K) Class: 3500K(3648K)->3500K(3648K)
[2.107s][info][gc          ] GC(6) Pause Young (Normal) (G1 Evacuation Pause) 29M->13M(70M) 3.135ms
[2.107s][info][gc,cpu      ] GC(6) User=0.00s Sys=0.00s Real=0.00s
[2.798s][info][gc,start    ] GC(7) Pause Young (Normal) (G1 Evacuation Pause)
[2.798s][info][gc,task     ] GC(7) Using 2 workers of 8 for evacuation
[2.803s][info][gc,phases   ] GC(7)   Pre Evacuate Collection Set: 0.0ms
[2.803s][info][gc,phases   ] GC(7)   Merge Heap Roots: 0.0ms
[2.804s][info][gc,phases   ] GC(7)   Evacuate Collection Set: 4.8ms
[2.804s][info][gc,phases   ] GC(7)   Post Evacuate Collection Set: 0.3ms
[2.804s][info][gc,phases   ] GC(7)   Other: 0.1ms
[2.804s][info][gc,heap     ] GC(7) Eden regions: 35->0(33)
[2.804s][info][gc,heap     ] GC(7) Survivor regions: 3->5(5)
[2.804s][info][gc,heap     ] GC(7) Old regions: 11->11
[2.804s][info][gc,heap     ] GC(7) Archive regions: 0->0
[2.804s][info][gc,heap     ] GC(7) Humongous regions: 1->1
[2.804s][info][gc,metaspace] GC(7) Metaspace: 34564K(34880K)->34564K(34880K) NonClass: 30557K(30720K)->30557K(30720K) Class: 4007K(4160K)->4007K(4160K)
[2.804s][info][gc          ] GC(7) Pause Young (Normal) (G1 Evacuation Pause) 48M->15M(70M) 5.503ms
[2.804s][info][gc,cpu      ] GC(7) User=0.02s Sys=0.00s Real=0.01s
[3.105s][info][gc,start    ] GC(8) Pause Young (Concurrent Start) (Metadata GC Threshold)
[3.105s][info][gc,task     ] GC(8) Using 2 workers of 8 for evacuation
[3.115s][info][gc,phases   ] GC(8)   Pre Evacuate Collection Set: 0.1ms
[3.115s][info][gc,phases   ] GC(8)   Merge Heap Roots: 0.1ms
[3.115s][info][gc,phases   ] GC(8)   Evacuate Collection Set: 9.1ms
[3.115s][info][gc,phases   ] GC(8)   Post Evacuate Collection Set: 0.3ms
[3.115s][info][gc,phases   ] GC(8)   Other: 0.2ms
[3.115s][info][gc,heap     ] GC(8) Eden regions: 11->0(34)
[3.115s][info][gc,heap     ] GC(8) Survivor regions: 5->1(5)
[3.115s][info][gc,heap     ] GC(8) Old regions: 11->15
[3.115s][info][gc,heap     ] GC(8) Archive regions: 0->0
[3.115s][info][gc,heap     ] GC(8) Humongous regions: 1->1
[3.115s][info][gc,metaspace] GC(8) Metaspace: 35819K(36096K)->35819K(36096K) NonClass: 31629K(31744K)->31629K(31744K) Class: 4190K(4352K)->4190K(4352K)
[3.115s][info][gc          ] GC(8) Pause Young (Concurrent Start) (Metadata GC Threshold) 26M->16M(70M) 9.834ms
[3.115s][info][gc,cpu      ] GC(8) User=0.02s Sys=0.00s Real=0.01s
[3.115s][info][gc          ] GC(9) Concurrent Mark Cycle
[3.115s][info][gc,marking  ] GC(9) Concurrent Clear Claimed Marks
[3.115s][info][gc,marking  ] GC(9) Concurrent Clear Claimed Marks 0.056ms
[3.115s][info][gc,marking  ] GC(9) Concurrent Scan Root Regions
[3.118s][info][gc,marking  ] GC(9) Concurrent Scan Root Regions 2.484ms
[3.118s][info][gc,marking  ] GC(9) Concurrent Mark
[3.118s][info][gc,marking  ] GC(9) Concurrent Mark From Roots
[3.118s][info][gc,task     ] GC(9) Using 2 workers of 2 for marking
[3.125s][info][gc,marking  ] GC(9) Concurrent Mark From Roots 7.155ms
[3.125s][info][gc,marking  ] GC(9) Concurrent Preclean
[3.125s][info][gc,marking  ] GC(9) Concurrent Preclean 0.085ms
[3.125s][info][gc,start    ] GC(9) Pause Remark
[3.128s][info][gc          ] GC(9) Pause Remark 17M->17M(60M) 2.827ms
[3.128s][info][gc,cpu      ] GC(9) User=0.00s Sys=0.00s Real=0.00s
[3.128s][info][gc,marking  ] GC(9) Concurrent Mark 10.342ms
[3.128s][info][gc,marking  ] GC(9) Concurrent Rebuild Remembered Sets
[3.132s][info][gc,marking  ] GC(9) Concurrent Rebuild Remembered Sets 3.855ms
[3.132s][info][gc,start    ] GC(9) Pause Cleanup
[3.132s][info][gc          ] GC(9) Pause Cleanup 17M->17M(60M) 0.059ms
[3.132s][info][gc,cpu      ] GC(9) User=0.00s Sys=0.00s Real=0.00s
[3.132s][info][gc,marking  ] GC(9) Concurrent Cleanup for Next Mark
[3.133s][info][gc,marking  ] GC(9) Concurrent Cleanup for Next Mark 0.651ms
[3.133s][info][gc          ] GC(9) Concurrent Mark Cycle 17.918ms
[3.998s][info][gc,start    ] GC(10) Pause Young (Prepare Mixed) (G1 Evacuation Pause)
[3.998s][info][gc,task     ] GC(10) Using 2 workers of 8 for evacuation
[4.006s][info][gc,phases   ] GC(10)   Pre Evacuate Collection Set: 0.1ms
[4.006s][info][gc,phases   ] GC(10)   Merge Heap Roots: 0.1ms
[4.006s][info][gc,phases   ] GC(10)   Evacuate Collection Set: 7.6ms
[4.006s][info][gc,phases   ] GC(10)   Post Evacuate Collection Set: 0.4ms
[4.006s][info][gc,phases   ] GC(10)   Other: 0.1ms
[4.006s][info][gc,heap     ] GC(10) Eden regions: 35->0(1)
[4.006s][info][gc,heap     ] GC(10) Survivor regions: 1->4(5)
[4.006s][info][gc,heap     ] GC(10) Old regions: 15->15
[4.006s][info][gc,heap     ] GC(10) Archive regions: 0->0
[4.006s][info][gc,heap     ] GC(10) Humongous regions: 1->1
[4.006s][info][gc,metaspace] GC(10) Metaspace: 41792K(42240K)->41792K(42240K) NonClass: 36645K(36864K)->36645K(36864K) Class: 5147K(5376K)->5147K(5376K)
[4.006s][info][gc          ] GC(10) Pause Young (Prepare Mixed) (G1 Evacuation Pause) 51M->19M(60M) 8.492ms
[4.006s][info][gc,cpu      ] GC(10) User=0.02s Sys=0.00s Real=0.01s
[4.026s][info][gc,start    ] GC(11) Pause Young (Mixed) (G1 Evacuation Pause)
[4.026s][info][gc,task     ] GC(11) Using 2 workers of 8 for evacuation
[4.032s][info][gc,phases   ] GC(11)   Pre Evacuate Collection Set: 0.1ms
[4.032s][info][gc,phases   ] GC(11)   Merge Heap Roots: 0.1ms
[4.032s][info][gc,phases   ] GC(11)   Evacuate Collection Set: 5.2ms
[4.032s][info][gc,phases   ] GC(11)   Post Evacuate Collection Set: 0.3ms
[4.032s][info][gc,phases   ] GC(11)   Other: 0.2ms
[4.032s][info][gc,heap     ] GC(11) Eden regions: 1->0(24)
[4.032s][info][gc,heap     ] GC(11) Survivor regions: 4->1(1)
[4.032s][info][gc,heap     ] GC(11) Old regions: 15->19
[4.032s][info][gc,heap     ] GC(11) Archive regions: 0->0
[4.032s][info][gc,heap     ] GC(11) Humongous regions: 1->1
[4.032s][info][gc,metaspace] GC(11) Metaspace: 41957K(42304K)->41957K(42304K) NonClass: 36768K(36928K)->36768K(36928K) Class: 5189K(5376K)->5189K(5376K)
[4.032s][info][gc          ] GC(11) Pause Young (Mixed) (G1 Evacuation Pause) 20M->19M(60M) 5.947ms
[4.032s][info][gc,cpu      ] GC(11) User=0.00s Sys=0.00s Real=0.01s
[4.711s][info][gc,start    ] GC(12) Pause Young (Normal) (G1 Evacuation Pause)
[4.711s][info][gc,task     ] GC(12) Using 2 workers of 8 for evacuation
[4.718s][info][gc,phases   ] GC(12)   Pre Evacuate Collection Set: 0.1ms
[4.718s][info][gc,phases   ] GC(12)   Merge Heap Roots: 0.1ms
[4.718s][info][gc,phases   ] GC(12)   Evacuate Collection Set: 6.4ms
[4.718s][info][gc,phases   ] GC(12)   Post Evacuate Collection Set: 0.6ms
[4.718s][info][gc,phases   ] GC(12)   Other: 0.2ms
[4.718s][info][gc,heap     ] GC(12) Eden regions: 24->0(23)
[4.718s][info][gc,heap     ] GC(12) Survivor regions: 1->3(4)
[4.718s][info][gc,heap     ] GC(12) Old regions: 19->19
[4.718s][info][gc,heap     ] GC(12) Archive regions: 0->0
[4.718s][info][gc,heap     ] GC(12) Humongous regions: 1->1
[4.718s][info][gc,metaspace] GC(12) Metaspace: 46663K(47104K)->46663K(47104K) NonClass: 40892K(41088K)->40892K(41088K) Class: 5770K(6016K)->5770K(6016K)
[4.718s][info][gc          ] GC(12) Pause Young (Normal) (G1 Evacuation Pause) 43M->21M(60M) 7.438ms
[4.718s][info][gc,cpu      ] GC(12) User=0.00s Sys=0.00s Real=0.01s
[5.501s][info][gc,start    ] GC(13) Pause Young (Normal) (G1 Evacuation Pause)
[5.501s][info][gc,task     ] GC(13) Using 8 workers of 8 for evacuation
[5.507s][info][gc,phases   ] GC(13)   Pre Evacuate Collection Set: 0.1ms
[5.507s][info][gc,phases   ] GC(13)   Merge Heap Roots: 0.1ms
[5.507s][info][gc,phases   ] GC(13)   Evacuate Collection Set: 4.2ms
[5.507s][info][gc,phases   ] GC(13)   Post Evacuate Collection Set: 0.6ms
[5.507s][info][gc,phases   ] GC(13)   Other: 0.4ms
[5.507s][info][gc,heap     ] GC(13) Eden regions: 23->0(23)
[5.507s][info][gc,heap     ] GC(13) Survivor regions: 3->2(4)
[5.507s][info][gc,heap     ] GC(13) Old regions: 19->21
[5.507s][info][gc,heap     ] GC(13) Archive regions: 0->0
[5.507s][info][gc,heap     ] GC(13) Humongous regions: 1->1
[5.507s][info][gc,metaspace] GC(13) Metaspace: 51339K(51776K)->51339K(51776K) NonClass: 45025K(45248K)->45025K(45248K) Class: 6314K(6528K)->6314K(6528K)
[5.507s][info][gc          ] GC(13) Pause Young (Normal) (G1 Evacuation Pause) 44M->23M(60M) 5.531ms
[5.507s][info][gc,cpu      ] GC(13) User=0.00s Sys=0.02s Real=0.00s
[6.174s][info][gc,start    ] GC(14) Pause Young (Normal) (G1 Evacuation Pause)
[6.174s][info][gc,task     ] GC(14) Using 8 workers of 8 for evacuation
[6.177s][info][gc,phases   ] GC(14)   Pre Evacuate Collection Set: 0.1ms
[6.177s][info][gc,phases   ] GC(14)   Merge Heap Roots: 0.1ms
[6.177s][info][gc,phases   ] GC(14)   Evacuate Collection Set: 2.3ms
[6.177s][info][gc,phases   ] GC(14)   Post Evacuate Collection Set: 0.5ms
[6.177s][info][gc,phases   ] GC(14)   Other: 0.3ms
[6.177s][info][gc,heap     ] GC(14) Eden regions: 23->0(23)
[6.177s][info][gc,heap     ] GC(14) Survivor regions: 2->3(4)
[6.177s][info][gc,heap     ] GC(14) Old regions: 21->21
[6.177s][info][gc,heap     ] GC(14) Archive regions: 0->0
[6.177s][info][gc,heap     ] GC(14) Humongous regions: 1->1
[6.177s][info][gc,metaspace] GC(14) Metaspace: 56528K(57024K)->56528K(57024K) NonClass: 49378K(49664K)->49378K(49664K) Class: 7150K(7360K)->7150K(7360K)
[6.177s][info][gc          ] GC(14) Pause Young (Normal) (G1 Evacuation Pause) 46M->24M(60M) 3.400ms
[6.177s][info][gc,cpu      ] GC(14) User=0.02s Sys=0.00s Real=0.00s
[6.509s][info][gc,start    ] GC(15) Pause Young (Concurrent Start) (Metadata GC Threshold)
[6.509s][info][gc,task     ] GC(15) Using 8 workers of 8 for evacuation
[6.512s][info][gc,phases   ] GC(15)   Pre Evacuate Collection Set: 0.1ms
[6.512s][info][gc,phases   ] GC(15)   Merge Heap Roots: 0.0ms
[6.512s][info][gc,phases   ] GC(15)   Evacuate Collection Set: 2.1ms
[6.512s][info][gc,phases   ] GC(15)   Post Evacuate Collection Set: 0.3ms
[6.512s][info][gc,phases   ] GC(15)   Other: 0.2ms
[6.512s][info][gc,heap     ] GC(15) Eden regions: 14->0(21)
[6.512s][info][gc,heap     ] GC(15) Survivor regions: 3->3(4)
[6.512s][info][gc,heap     ] GC(15) Old regions: 21->23
[6.512s][info][gc,heap     ] GC(15) Archive regions: 0->0
[6.512s][info][gc,heap     ] GC(15) Humongous regions: 1->1
[6.512s][info][gc,metaspace] GC(15) Metaspace: 59864K(60288K)->59864K(60288K) NonClass: 52273K(52480K)->52273K(52480K) Class: 7591K(7808K)->7591K(7808K)
[6.512s][info][gc          ] GC(15) Pause Young (Concurrent Start) (Metadata GC Threshold) 38M->25M(60M) 2.792ms
[6.512s][info][gc,cpu      ] GC(15) User=0.00s Sys=0.00s Real=0.00s
[6.512s][info][gc          ] GC(16) Concurrent Mark Cycle
[6.512s][info][gc,marking  ] GC(16) Concurrent Clear Claimed Marks
[6.512s][info][gc,marking  ] GC(16) Concurrent Clear Claimed Marks 0.038ms
[6.512s][info][gc,marking  ] GC(16) Concurrent Scan Root Regions
[6.515s][info][gc,marking  ] GC(16) Concurrent Scan Root Regions 2.962ms
[6.515s][info][gc,marking  ] GC(16) Concurrent Mark
[6.515s][info][gc,marking  ] GC(16) Concurrent Mark From Roots
[6.515s][info][gc,task     ] GC(16) Using 2 workers of 2 for marking
[6.532s][info][gc,marking  ] GC(16) Concurrent Mark From Roots 16.934ms
[6.532s][info][gc,marking  ] GC(16) Concurrent Preclean
[6.532s][info][gc,marking  ] GC(16) Concurrent Preclean 0.082ms
[6.533s][info][gc,start    ] GC(16) Pause Remark
[6.535s][info][gc          ] GC(16) Pause Remark 26M->26M(60M) 1.959ms
[6.535s][info][gc,cpu      ] GC(16) User=0.00s Sys=0.00s Real=0.00s
[6.535s][info][gc,marking  ] GC(16) Concurrent Mark 19.451ms
[6.535s][info][gc,marking  ] GC(16) Concurrent Rebuild Remembered Sets
[6.542s][info][gc,marking  ] GC(16) Concurrent Rebuild Remembered Sets 6.919ms
[6.542s][info][gc,start    ] GC(16) Pause Cleanup
[6.542s][info][gc          ] GC(16) Pause Cleanup 26M->26M(60M) 0.081ms
[6.542s][info][gc,cpu      ] GC(16) User=0.00s Sys=0.00s Real=0.00s
[6.542s][info][gc,marking  ] GC(16) Concurrent Cleanup for Next Mark
[6.542s][info][gc,marking  ] GC(16) Concurrent Cleanup for Next Mark 0.295ms
[6.542s][info][gc          ] GC(16) Concurrent Mark Cycle 30.140ms
[7.074s][info][gc,start    ] GC(17) Pause Young (Concurrent Start) (G1 Evacuation Pause)
[7.074s][info][gc,task     ] GC(17) Using 8 workers of 8 for evacuation
[7.077s][info][gc,phases   ] GC(17)   Pre Evacuate Collection Set: 0.1ms
[7.077s][info][gc,phases   ] GC(17)   Merge Heap Roots: 0.1ms
[7.077s][info][gc,phases   ] GC(17)   Evacuate Collection Set: 2.2ms
[7.077s][info][gc,phases   ] GC(17)   Post Evacuate Collection Set: 0.6ms
[7.077s][info][gc,phases   ] GC(17)   Other: 0.2ms
[7.077s][info][gc,heap     ] GC(17) Eden regions: 21->0(22)
[7.078s][info][gc,heap     ] GC(17) Survivor regions: 3->2(3)
[7.078s][info][gc,heap     ] GC(17) Old regions: 23->24
[7.078s][info][gc,heap     ] GC(17) Archive regions: 0->0
[7.078s][info][gc,heap     ] GC(17) Humongous regions: 1->1
[7.078s][info][gc,metaspace] GC(17) Metaspace: 65805K(66304K)->65805K(66304K) NonClass: 57195K(57472K)->57195K(57472K) Class: 8610K(8832K)->8610K(8832K)
[7.078s][info][gc          ] GC(17) Pause Young (Concurrent Start) (G1 Evacuation Pause) 46M->26M(60M) 3.221ms
[7.078s][info][gc,cpu      ] GC(17) User=0.00s Sys=0.00s Real=0.00s
[7.078s][info][gc          ] GC(18) Concurrent Mark Cycle
[7.078s][info][gc,marking  ] GC(18) Concurrent Clear Claimed Marks
[7.078s][info][gc,marking  ] GC(18) Concurrent Clear Claimed Marks 0.055ms
[7.078s][info][gc,marking  ] GC(18) Concurrent Scan Root Regions
[7.080s][info][gc,marking  ] GC(18) Concurrent Scan Root Regions 2.219ms
[7.080s][info][gc,marking  ] GC(18) Concurrent Mark
[7.080s][info][gc,marking  ] GC(18) Concurrent Mark From Roots
[7.080s][info][gc,task     ] GC(18) Using 2 workers of 2 for marking
[7.100s][info][gc,marking  ] GC(18) Concurrent Mark From Roots 19.664ms
[7.100s][info][gc,marking  ] GC(18) Concurrent Preclean
[7.100s][info][gc,marking  ] GC(18) Concurrent Preclean 0.122ms
[7.100s][info][gc,start    ] GC(18) Pause Remark
[7.103s][info][gc          ] GC(18) Pause Remark 27M->27M(60M) 2.770ms
[7.103s][info][gc,cpu      ] GC(18) User=0.00s Sys=0.00s Real=0.00s
[7.103s][info][gc,marking  ] GC(18) Concurrent Mark 23.031ms
[7.103s][info][gc,marking  ] GC(18) Concurrent Rebuild Remembered Sets
[7.110s][info][gc,marking  ] GC(18) Concurrent Rebuild Remembered Sets 7.204ms
[7.111s][info][gc,start    ] GC(18) Pause Cleanup
[7.111s][info][gc          ] GC(18) Pause Cleanup 27M->27M(60M) 0.238ms
[7.111s][info][gc,cpu      ] GC(18) User=0.00s Sys=0.00s Real=0.00s
[7.111s][info][gc,marking  ] GC(18) Concurrent Cleanup for Next Mark
[7.111s][info][gc,marking  ] GC(18) Concurrent Cleanup for Next Mark 0.108ms
[7.111s][info][gc          ] GC(18) Concurrent Mark Cycle 33.583ms
[7.484s][info][gc,start    ] GC(19) Pause Young (Normal) (G1 Evacuation Pause)
[7.485s][info][gc,task     ] GC(19) Using 8 workers of 8 for evacuation
[7.488s][info][gc,phases   ] GC(19)   Pre Evacuate Collection Set: 0.2ms
[7.488s][info][gc,phases   ] GC(19)   Merge Heap Roots: 0.1ms
[7.488s][info][gc,phases   ] GC(19)   Evacuate Collection Set: 2.3ms
[7.488s][info][gc,phases   ] GC(19)   Post Evacuate Collection Set: 0.5ms
[7.488s][info][gc,phases   ] GC(19)   Other: 0.3ms
[7.488s][info][gc,heap     ] GC(19) Eden regions: 22->0(20)
[7.488s][info][gc,heap     ] GC(19) Survivor regions: 2->3(3)
[7.488s][info][gc,heap     ] GC(19) Old regions: 24->25
[7.488s][info][gc,heap     ] GC(19) Archive regions: 0->0
[7.488s][info][gc,heap     ] GC(19) Humongous regions: 1->1
[7.488s][info][gc,metaspace] GC(19) Metaspace: 70235K(70784K)->70235K(70784K) NonClass: 60942K(61248K)->60942K(61248K) Class: 9292K(9536K)->9292K(9536K)
[7.488s][info][gc          ] GC(19) Pause Young (Normal) (G1 Evacuation Pause) 48M->27M(60M) 3.425ms
[7.488s][info][gc,cpu      ] GC(19) User=0.00s Sys=0.00s Real=0.00s
[7.740s][info][gc,start    ] GC(20) Pause Young (Normal) (G1 Evacuation Pause)
[7.740s][info][gc,task     ] GC(20) Using 8 workers of 8 for evacuation
[7.744s][info][gc,phases   ] GC(20)   Pre Evacuate Collection Set: 0.1ms
[7.744s][info][gc,phases   ] GC(20)   Merge Heap Roots: 0.1ms
[7.744s][info][gc,phases   ] GC(20)   Evacuate Collection Set: 2.8ms
[7.744s][info][gc,phases   ] GC(20)   Post Evacuate Collection Set: 0.6ms
[7.744s][info][gc,phases   ] GC(20)   Other: 0.3ms
[7.744s][info][gc,heap     ] GC(20) Eden regions: 20->0(20)
[7.744s][info][gc,heap     ] GC(20) Survivor regions: 3->3(3)
[7.744s][info][gc,heap     ] GC(20) Old regions: 25->26
[7.744s][info][gc,heap     ] GC(20) Archive regions: 0->0
[7.744s][info][gc,heap     ] GC(20) Humongous regions: 1->1
[7.744s][info][gc,metaspace] GC(20) Metaspace: 72226K(72768K)->72226K(72768K) NonClass: 62659K(62976K)->62659K(62976K) Class: 9567K(9792K)->9567K(9792K)
[7.744s][info][gc          ] GC(20) Pause Young (Normal) (G1 Evacuation Pause) 47M->28M(60M) 3.908ms
[7.744s][info][gc,cpu      ] GC(20) User=0.00s Sys=0.00s Real=0.00s
[7.778s][info][gc,start    ] GC(21) Pause Young (Normal) (G1 Evacuation Pause)
[7.778s][info][gc,task     ] GC(21) Using 8 workers of 8 for evacuation
[7.781s][info][gc,phases   ] GC(21)   Pre Evacuate Collection Set: 0.1ms
[7.781s][info][gc,phases   ] GC(21)   Merge Heap Roots: 0.1ms
[7.781s][info][gc,phases   ] GC(21)   Evacuate Collection Set: 2.0ms
[7.781s][info][gc,phases   ] GC(21)   Post Evacuate Collection Set: 0.6ms
[7.781s][info][gc,phases   ] GC(21)   Other: 0.2ms
[7.781s][info][gc,heap     ] GC(21) Eden regions: 20->0(57)
[7.781s][info][gc,heap     ] GC(21) Survivor regions: 3->1(3)
[7.781s][info][gc,heap     ] GC(21) Old regions: 26->27
[7.781s][info][gc,heap     ] GC(21) Archive regions: 0->0
[7.781s][info][gc,heap     ] GC(21) Humongous regions: 1->1
[7.781s][info][gc,metaspace] GC(21) Metaspace: 72227K(72768K)->72227K(72768K) NonClass: 62659K(62976K)->62659K(62976K) Class: 9567K(9792K)->9567K(9792K)
[7.781s][info][gc          ] GC(21) Pause Young (Normal) (G1 Evacuation Pause) 48M->28M(105M) 2.990ms
[7.781s][info][gc,cpu      ] GC(21) User=0.00s Sys=0.00s Real=0.00s
[8.739s][info][gc,start    ] GC(22) Pause Young (Normal) (G1 Evacuation Pause)
[8.739s][info][gc,task     ] GC(22) Using 8 workers of 8 for evacuation
[8.743s][info][gc,phases   ] GC(22)   Pre Evacuate Collection Set: 0.1ms
[8.743s][info][gc,phases   ] GC(22)   Merge Heap Roots: 0.1ms
[8.743s][info][gc,phases   ] GC(22)   Evacuate Collection Set: 3.3ms
[8.743s][info][gc,phases   ] GC(22)   Post Evacuate Collection Set: 0.6ms
[8.743s][info][gc,phases   ] GC(22)   Other: 0.2ms
[8.743s][info][gc,heap     ] GC(22) Eden regions: 57->0(51)
[8.743s][info][gc,heap     ] GC(22) Survivor regions: 1->5(8)
[8.743s][info][gc,heap     ] GC(22) Old regions: 27->27
[8.743s][info][gc,heap     ] GC(22) Archive regions: 0->0
[8.743s][info][gc,heap     ] GC(22) Humongous regions: 1->1
[8.743s][info][gc,metaspace] GC(22) Metaspace: 79351K(79872K)->79351K(79872K) NonClass: 68847K(69120K)->68847K(69120K) Class: 10503K(10752K)->10503K(10752K)
[8.743s][info][gc          ] GC(22) Pause Young (Normal) (G1 Evacuation Pause) 85M->31M(105M) 4.326ms
[8.743s][info][gc,cpu      ] GC(22) User=0.03s Sys=0.00s Real=0.00s
[9.780s][info][gc,start    ] GC(23) Pause Young (Normal) (G1 Evacuation Pause)
[9.780s][info][gc,task     ] GC(23) Using 8 workers of 8 for evacuation
[9.788s][info][gc,phases   ] GC(23)   Pre Evacuate Collection Set: 0.1ms
[9.788s][info][gc,phases   ] GC(23)   Merge Heap Roots: 0.1ms
[9.788s][info][gc,phases   ] GC(23)   Evacuate Collection Set: 6.5ms
[9.788s][info][gc,phases   ] GC(23)   Post Evacuate Collection Set: 0.9ms
[9.788s][info][gc,phases   ] GC(23)   Other: 0.2ms
[9.788s][info][gc,heap     ] GC(23) Eden regions: 51->0(47)
[9.788s][info][gc,heap     ] GC(23) Survivor regions: 5->7(7)
[9.788s][info][gc,heap     ] GC(23) Old regions: 27->28
[9.788s][info][gc,heap     ] GC(23) Archive regions: 0->0
[9.788s][info][gc,heap     ] GC(23) Humongous regions: 1->1
[9.788s][info][gc,metaspace] GC(23) Metaspace: 86592K(87104K)->86592K(87104K) NonClass: 75201K(75456K)->75201K(75456K) Class: 11390K(11648K)->11390K(11648K)
[9.788s][info][gc          ] GC(23) Pause Young (Normal) (G1 Evacuation Pause) 82M->35M(105M) 7.902ms
[9.788s][info][gc,cpu      ] GC(23) User=0.02s Sys=0.00s Real=0.01s
[17.763s][info][gc,start    ] GC(24) Pause Young (Normal) (G1 Evacuation Pause)
[17.763s][info][gc,task     ] GC(24) Using 8 workers of 8 for evacuation
[17.778s][info][gc,phases   ] GC(24)   Pre Evacuate Collection Set: 0.1ms
[17.778s][info][gc,phases   ] GC(24)   Merge Heap Roots: 0.1ms
[17.778s][info][gc,phases   ] GC(24)   Evacuate Collection Set: 14.1ms
[17.778s][info][gc,phases   ] GC(24)   Post Evacuate Collection Set: 0.9ms
[17.778s][info][gc,phases   ] GC(24)   Other: 0.2ms
[17.778s][info][gc,heap     ] GC(24) Eden regions: 47->0(43)
[17.778s][info][gc,heap     ] GC(24) Survivor regions: 7->5(7)
[17.778s][info][gc,heap     ] GC(24) Old regions: 28->35
[17.778s][info][gc,heap     ] GC(24) Archive regions: 0->0
[17.778s][info][gc,heap     ] GC(24) Humongous regions: 1->1
[17.778s][info][gc,metaspace] GC(24) Metaspace: 91826K(92416K)->91826K(92416K) NonClass: 79672K(80000K)->79672K(80000K) Class: 12153K(12416K)->12153K(12416K)
[17.778s][info][gc          ] GC(24) Pause Young (Normal) (G1 Evacuation Pause) 82M->40M(105M) 15.687ms
[17.778s][info][gc,cpu      ] GC(24) User=0.08s Sys=0.02s Real=0.02s
[720.187s][info][gc,start    ] GC(25) Pause Young (Normal) (G1 Evacuation Pause)
[720.189s][info][gc,task     ] GC(25) Using 8 workers of 8 for evacuation
[720.566s][info][gc,mmu      ] GC(25) MMU target violated: 201.0ms (200.0ms/201.0ms)
[720.567s][info][gc,phases   ] GC(25)   Pre Evacuate Collection Set: 4.9ms
[720.567s][info][gc,phases   ] GC(25)   Merge Heap Roots: 3.1ms
[720.567s][info][gc,phases   ] GC(25)   Evacuate Collection Set: 329.2ms
[720.567s][info][gc,phases   ] GC(25)   Post Evacuate Collection Set: 35.5ms
[720.584s][info][gc,phases   ] GC(25)   Other: 9.7ms
[720.584s][info][gc,heap     ] GC(25) Eden regions: 43->0(39)
[720.585s][info][gc,heap     ] GC(25) Survivor regions: 5->5(6)
[720.585s][info][gc,heap     ] GC(25) Old regions: 35->40
[720.585s][info][gc,heap     ] GC(25) Archive regions: 0->0
[720.585s][info][gc,heap     ] GC(25) Humongous regions: 1->1
[720.585s][info][gc,metaspace] GC(25) Metaspace: 102319K(102976K)->102319K(102976K) NonClass: 88880K(89216K)->88880K(89216K) Class: 13439K(13760K)->13439K(13760K)
[720.587s][info][gc          ] GC(25) Pause Young (Normal) (G1 Evacuation Pause) 83M->44M(105M) 400.108ms
[720.587s][info][gc,cpu      ] GC(25) User=0.05s Sys=0.14s Real=0.40s
