[0.010s][info][gc] Using G1
[0.012s][info][gc,init] Version: 17.0.8.1+1 (release)
[0.012s][info][gc,init] CPUs: 8 total, 8 available
[0.012s][info][gc,init] Memory: 7975M
[0.012s][info][gc,init] Large Page Support: Disabled
[0.012s][info][gc,init] NUMA Support: Disabled
[0.012s][info][gc,init] Compressed Oops: Enabled (32-bit)
[0.012s][info][gc,init] Heap Region Size: 1M
[0.012s][info][gc,init] Heap Min Capacity: 8M
[0.012s][info][gc,init] Heap Initial Capacity: 126M
[0.012s][info][gc,init] Heap Max Capacity: 1994M
[0.012s][info][gc,init] Pre-touch: Disabled
[0.012s][info][gc,init] Parallel Workers: 8
[0.012s][info][gc,init] Concurrent Workers: 2
[0.012s][info][gc,init] Concurrent Refinement Workers: 8
[0.012s][info][gc,init] Periodic GC: Disabled
[0.013s][info][gc,metaspace] CDS archive(s) not mapped
[0.013s][info][gc,metaspace] Compressed class space mapped at: 0x0000000100000000-0x0000000140000000, reserved size: 1073741824
[0.013s][info][gc,metaspace] Narrow klass base: 0x0000000000000000, Narrow klass shift: 3, Narrow klass range: 0x140000000
[0.652s][info][gc,start    ] GC(0) Pause Young (Normal) (G1 Evacuation Pause)
[0.652s][info][gc,task     ] GC(0) Using 3 workers of 8 for evacuation
[0.656s][info][gc,phases   ] GC(0)   Pre Evacuate Collection Set: 0.1ms
[0.656s][info][gc,phases   ] GC(0)   Merge Heap Roots: 0.1ms
[0.656s][info][gc,phases   ] GC(0)   Evacuate Collection Set: 3.1ms
[0.656s][info][gc,phases   ] GC(0)   Post Evacuate Collection Set: 0.5ms
[0.656s][info][gc,phases   ] GC(0)   Other: 0.2ms
[0.656s][info][gc,heap     ] GC(0) Eden regions: 23->0(27)
[0.656s][info][gc,heap     ] GC(0) Survivor regions: 0->3(3)
[0.656s][info][gc,heap     ] GC(0) Old regions: 0->4
[0.656s][info][gc,heap     ] GC(0) Archive regions: 0->0
[0.656s][info][gc,heap     ] GC(0) Humongous regions: 1->1
[0.656s][info][gc,metaspace] GC(0) Metaspace: 13651K(13888K)->13651K(13888K) NonClass: 12209K(12352K)->12209K(12352K) Class: 1441K(1536K)->1441K(1536K)
[0.656s][info][gc          ] GC(0) Pause Young (Normal) (G1 Evacuation Pause) 24M->7M(126M) 4.240ms
[0.656s][info][gc,cpu      ] GC(0) User=0.02s Sys=0.00s Real=0.00s
[1.105s][info][gc,start    ] GC(1) Pause Young (Normal) (G1 Evacuation Pause)
[1.105s][info][gc,task     ] GC(1) Using 4 workers of 8 for evacuation
[1.111s][info][gc,phases   ] GC(1)   Pre Evacuate Collection Set: 0.0ms
[1.111s][info][gc,phases   ] GC(1)   Merge Heap Roots: 0.0ms
[1.111s][info][gc,phases   ] GC(1)   Evacuate Collection Set: 4.6ms
[1.111s][info][gc,phases   ] GC(1)   Post Evacuate Collection Set: 0.6ms
[1.111s][info][gc,phases   ] GC(1)   Other: 0.2ms
[1.111s][info][gc,heap     ] GC(1) Eden regions: 27->0(66)
[1.111s][info][gc,heap     ] GC(1) Survivor regions: 3->3(4)
[1.111s][info][gc,heap     ] GC(1) Old regions: 4->7
[1.111s][info][gc,heap     ] GC(1) Archive regions: 0->0
[1.111s][info][gc,heap     ] GC(1) Humongous regions: 1->1
[1.111s][info][gc,metaspace] GC(1) Metaspace: 21119K(21376K)->21119K(21376K) NonClass: 18645K(18816K)->18645K(18816K) Class: 2473K(2560K)->2473K(2560K)
[1.111s][info][gc          ] GC(1) Pause Young (Normal) (G1 Evacuation Pause) 34M->10M(126M) 5.558ms
[1.111s][info][gc,cpu      ] GC(1) User=0.02s Sys=0.00s Real=0.01s
[1.125s][info][gc,start    ] GC(2) Pause Young (Concurrent Start) (GCLocker Initiated GC)
[1.125s][info][gc,task     ] GC(2) Using 4 workers of 8 for evacuation
[1.128s][info][gc,phases   ] GC(2)   Pre Evacuate Collection Set: 0.1ms
[1.128s][info][gc,phases   ] GC(2)   Merge Heap Roots: 0.1ms
[1.128s][info][gc,phases   ] GC(2)   Evacuate Collection Set: 1.8ms
[1.128s][info][gc,phases   ] GC(2)   Post Evacuate Collection Set: 0.2ms
[1.128s][info][gc,phases   ] GC(2)   Other: 0.7ms
[1.128s][info][gc,heap     ] GC(2) Eden regions: 2->0(72)
[1.128s][info][gc,heap     ] GC(2) Survivor regions: 3->3(9)
[1.128s][info][gc,heap     ] GC(2) Old regions: 7->7
[1.128s][info][gc,heap     ] GC(2) Archive regions: 0->0
[1.128s][info][gc,heap     ] GC(2) Humongous regions: 1->1
[1.128s][info][gc,metaspace] GC(2) Metaspace: 21278K(21568K)->21278K(21568K) NonClass: 18778K(18944K)->18778K(18944K) Class: 2499K(2624K)->2499K(2624K)
[1.128s][info][gc          ] GC(2) Pause Young (Concurrent Start) (GCLocker Initiated GC) 11M->10M(126M) 2.970ms
[1.128s][info][gc,cpu      ] GC(2) User=0.00s Sys=0.00s Real=0.00s
[1.128s][info][gc          ] GC(3) Concurrent Mark Cycle
[1.128s][info][gc,marking  ] GC(3) Concurrent Clear Claimed Marks
[1.128s][info][gc,marking  ] GC(3) Concurrent Clear Claimed Marks 0.027ms
[1.128s][info][gc,marking  ] GC(3) Concurrent Scan Root Regions
[1.130s][info][gc,marking  ] GC(3) Concurrent Scan Root Regions 1.985ms
[1.130s][info][gc,marking  ] GC(3) Concurrent Mark
[1.130s][info][gc,marking  ] GC(3) Concurrent Mark From Roots
[1.130s][info][gc,task     ] GC(3) Using 2 workers of 2 for marking
[1.134s][info][gc,marking  ] GC(3) Concurrent Mark From Roots 4.240ms
[1.134s][info][gc,marking  ] GC(3) Concurrent Preclean
[1.135s][info][gc,marking  ] GC(3) Concurrent Preclean 0.091ms
[1.135s][info][gc,start    ] GC(3) Pause Remark
[1.137s][info][gc          ] GC(3) Pause Remark 11M->11M(44M) 2.667ms
[1.137s][info][gc,cpu      ] GC(3) User=0.00s Sys=0.02s Real=0.00s
[1.138s][info][gc,marking  ] GC(3) Concurrent Mark 7.400ms
[1.138s][info][gc,marking  ] GC(3) Concurrent Rebuild Remembered Sets
[1.139s][info][gc,marking  ] GC(3) Concurrent Rebuild Remembered Sets 1.331ms
[1.142s][info][gc,start    ] GC(3) Pause Cleanup
[1.142s][info][gc          ] GC(3) Pause Cleanup 11M->11M(44M) 0.108ms
[1.142s][info][gc,cpu      ] GC(3) User=0.00s Sys=0.00s Real=0.00s
[1.142s][info][gc,marking  ] GC(3) Concurrent Cleanup for Next Mark
[1.143s][info][gc,marking  ] GC(3) Concurrent Cleanup for Next Mark 0.372ms
[1.143s][info][gc          ] GC(3) Concurrent Mark Cycle 14.776ms
[1.528s][info][gc,start    ] GC(4) Pause Young (Prepare Mixed) (G1 Preventive Collection)
[1.528s][info][gc,task     ] GC(4) Using 4 workers of 8 for evacuation
[1.532s][info][gc,phases   ] GC(4)   Pre Evacuate Collection Set: 0.0ms
[1.532s][info][gc,phases   ] GC(4)   Merge Heap Roots: 0.0ms
[1.532s][info][gc,phases   ] GC(4)   Evacuate Collection Set: 3.4ms
[1.532s][info][gc,phases   ] GC(4)   Post Evacuate Collection Set: 0.3ms
[1.532s][info][gc,phases   ] GC(4)   Other: 0.1ms
[1.532s][info][gc,heap     ] GC(4) Eden regions: 23->0(1)
[1.532s][info][gc,heap     ] GC(4) Survivor regions: 3->2(4)
[1.532s][info][gc,heap     ] GC(4) Old regions: 7->10
[1.532s][info][gc,heap     ] GC(4) Archive regions: 0->0
[1.532s][info][gc,heap     ] GC(4) Humongous regions: 1->1
[1.532s][info][gc,metaspace] GC(4) Metaspace: 27400K(27584K)->27400K(27584K) NonClass: 24197K(24320K)->24197K(24320K) Class: 3202K(3264K)->3202K(3264K)
[1.532s][info][gc          ] GC(4) Pause Young (Prepare Mixed) (G1 Preventive Collection) 33M->11M(44M) 4.040ms
[1.532s][info][gc,cpu      ] GC(4) User=0.00s Sys=0.00s Real=0.00s
[1.547s][info][gc,start    ] GC(5) Pause Young (Mixed) (G1 Evacuation Pause)
[1.547s][info][gc,task     ] GC(5) Using 4 workers of 8 for evacuation
[1.550s][info][gc,phases   ] GC(5)   Pre Evacuate Collection Set: 0.0ms
[1.550s][info][gc,phases   ] GC(5)   Merge Heap Roots: 0.0ms
[1.550s][info][gc,phases   ] GC(5)   Evacuate Collection Set: 2.1ms
[1.550s][info][gc,phases   ] GC(5)   Post Evacuate Collection Set: 0.4ms
[1.550s][info][gc,phases   ] GC(5)   Other: 0.1ms
[1.550s][info][gc,heap     ] GC(5) Eden regions: 1->0(18)
[1.550s][info][gc,heap     ] GC(5) Survivor regions: 2->1(1)
[1.550s][info][gc,heap     ] GC(5) Old regions: 10->11
[1.550s][info][gc,heap     ] GC(5) Archive regions: 0->0
[1.550s][info][gc,heap     ] GC(5) Humongous regions: 1->1
[1.550s][info][gc,metaspace] GC(5) Metaspace: 27607K(27840K)->27607K(27840K) NonClass: 24371K(24512K)->24371K(24512K) Class: 3236K(3328K)->3236K(3328K)
[1.550s][info][gc          ] GC(5) Pause Young (Mixed) (G1 Evacuation Pause) 12M->12M(44M) 2.828ms
[1.550s][info][gc,cpu      ] GC(5) User=0.00s Sys=0.00s Real=0.00s
[1.822s][info][gc,start    ] GC(6) Pause Young (Normal) (G1 Evacuation Pause)
[1.822s][info][gc,task     ] GC(6) Using 3 workers of 8 for evacuation
[1.825s][info][gc,phases   ] GC(6)   Pre Evacuate Collection Set: 0.0ms
[1.825s][info][gc,phases   ] GC(6)   Merge Heap Roots: 0.0ms
[1.825s][info][gc,phases   ] GC(6)   Evacuate Collection Set: 2.2ms
[1.825s][info][gc,phases   ] GC(6)   Post Evacuate Collection Set: 0.2ms
[1.825s][info][gc,phases   ] GC(6)   Other: 0.2ms
[1.825s][info][gc,heap     ] GC(6) Eden regions: 18->0(17)
[1.825s][info][gc,heap     ] GC(6) Survivor regions: 1->3(3)
[1.825s][info][gc,heap     ] GC(6) Old regions: 11->11
[1.825s][info][gc,heap     ] GC(6) Archive regions: 0->0
[1.825s][info][gc,heap     ] GC(6) Humongous regions: 1->1
[1.825s][info][gc,metaspace] GC(6) Metaspace: 30042K(30336K)->30042K(30336K) NonClass: 26547K(26688K)->26547K(26688K) Class: 3494K(3648K)->3494K(3648K)
[1.825s][info][gc          ] GC(6) Pause Young (Normal) (G1 Evacuation Pause) 30M->13M(44M) 2.747ms
[1.825s][info][gc,cpu      ] GC(6) User=0.00s Sys=0.00s Real=0.00s
[2.151s][info][gc,start    ] GC(7) Pause Young (Normal) (G1 Evacuation Pause)
[2.151s][info][gc,task     ] GC(7) Using 2 workers of 8 for evacuation
[2.158s][info][gc,phases   ] GC(7)   Pre Evacuate Collection Set: 0.1ms
[2.158s][info][gc,phases   ] GC(7)   Merge Heap Roots: 0.0ms
[2.158s][info][gc,phases   ] GC(7)   Evacuate Collection Set: 5.8ms
[2.158s][info][gc,phases   ] GC(7)   Post Evacuate Collection Set: 0.6ms
[2.158s][info][gc,phases   ] GC(7)   Other: 0.1ms
[2.158s][info][gc,heap     ] GC(7) Eden regions: 17->0(16)
[2.158s][info][gc,heap     ] GC(7) Survivor regions: 3->2(3)
[2.158s][info][gc,heap     ] GC(7) Old regions: 11->13
[2.158s][info][gc,heap     ] GC(7) Archive regions: 0->0
[2.158s][info][gc,heap     ] GC(7) Humongous regions: 1->1
[2.158s][info][gc,metaspace] GC(7) Metaspace: 32104K(32384K)->32104K(32384K) NonClass: 28411K(28544K)->28411K(28544K) Class: 3693K(3840K)->3693K(3840K)
[2.158s][info][gc          ] GC(7) Pause Young (Normal) (G1 Evacuation Pause) 30M->15M(44M) 6.844ms
[2.158s][info][gc,cpu      ] GC(7) User=0.00s Sys=0.00s Real=0.01s
[2.518s][info][gc,start    ] GC(8) Pause Young (Normal) (G1 Evacuation Pause)
[2.518s][info][gc,task     ] GC(8) Using 2 workers of 8 for evacuation
[2.522s][info][gc,phases   ] GC(8)   Pre Evacuate Collection Set: 0.1ms
[2.522s][info][gc,phases   ] GC(8)   Merge Heap Roots: 0.0ms
[2.522s][info][gc,phases   ] GC(8)   Evacuate Collection Set: 3.4ms
[2.522s][info][gc,phases   ] GC(8)   Post Evacuate Collection Set: 0.4ms
[2.522s][info][gc,phases   ] GC(8)   Other: 0.1ms
[2.522s][info][gc,heap     ] GC(8) Eden regions: 16->0(32)
[2.522s][info][gc,heap     ] GC(8) Survivor regions: 2->3(3)
[2.522s][info][gc,heap     ] GC(8) Old regions: 13->13
[2.522s][info][gc,heap     ] GC(8) Archive regions: 0->0
[2.522s][info][gc,heap     ] GC(8) Humongous regions: 1->1
[2.522s][info][gc,metaspace] GC(8) Metaspace: 34263K(34560K)->34263K(34560K) NonClass: 30302K(30464K)->30302K(30464K) Class: 3961K(4096K)->3961K(4096K)
[2.522s][info][gc          ] GC(8) Pause Young (Normal) (G1 Evacuation Pause) 31M->16M(66M) 4.110ms
[2.522s][info][gc,cpu      ] GC(8) User=0.00s Sys=0.00s Real=0.00s
[2.958s][info][gc,start    ] GC(9) Pause Young (Concurrent Start) (Metadata GC Threshold)
[2.958s][info][gc,task     ] GC(9) Using 2 workers of 8 for evacuation
[2.964s][info][gc,phases   ] GC(9)   Pre Evacuate Collection Set: 0.1ms
[2.964s][info][gc,phases   ] GC(9)   Merge Heap Roots: 0.1ms
[2.964s][info][gc,phases   ] GC(9)   Evacuate Collection Set: 5.4ms
[2.964s][info][gc,phases   ] GC(9)   Post Evacuate Collection Set: 0.2ms
[2.964s][info][gc,phases   ] GC(9)   Other: 0.2ms
[2.964s][info][gc,heap     ] GC(9) Eden regions: 13->0(32)
[2.964s][info][gc,heap     ] GC(9) Survivor regions: 3->4(5)
[2.964s][info][gc,heap     ] GC(9) Old regions: 13->13
[2.964s][info][gc,heap     ] GC(9) Archive regions: 0->0
[2.964s][info][gc,heap     ] GC(9) Humongous regions: 1->1
[2.964s][info][gc,metaspace] GC(9) Metaspace: 35694K(35968K)->35694K(35968K) NonClass: 31524K(31616K)->31524K(31616K) Class: 4170K(4352K)->4170K(4352K)
[2.964s][info][gc          ] GC(9) Pause Young (Concurrent Start) (Metadata GC Threshold) 29M->17M(66M) 6.008ms
[2.964s][info][gc,cpu      ] GC(9) User=0.00s Sys=0.00s Real=0.01s
[2.964s][info][gc          ] GC(10) Concurrent Mark Cycle
[2.964s][info][gc,marking  ] GC(10) Concurrent Clear Claimed Marks
[2.964s][info][gc,marking  ] GC(10) Concurrent Clear Claimed Marks 0.032ms
[2.964s][info][gc,marking  ] GC(10) Concurrent Scan Root Regions
[2.965s][info][gc,marking  ] GC(10) Concurrent Scan Root Regions 1.439ms
[2.966s][info][gc,marking  ] GC(10) Concurrent Mark
[2.966s][info][gc,marking  ] GC(10) Concurrent Mark From Roots
[2.966s][info][gc,task     ] GC(10) Using 2 workers of 2 for marking
[2.973s][info][gc,marking  ] GC(10) Concurrent Mark From Roots 7.016ms
[2.973s][info][gc,marking  ] GC(10) Concurrent Preclean
[2.973s][info][gc,marking  ] GC(10) Concurrent Preclean 0.089ms
[2.973s][info][gc,start    ] GC(10) Pause Remark
[2.976s][info][gc          ] GC(10) Pause Remark 17M->17M(64M) 3.073ms
[2.976s][info][gc,cpu      ] GC(10) User=0.00s Sys=0.00s Real=0.00s
[2.976s][info][gc,marking  ] GC(10) Concurrent Mark 10.463ms
[2.976s][info][gc,marking  ] GC(10) Concurrent Rebuild Remembered Sets
[2.980s][info][gc,marking  ] GC(10) Concurrent Rebuild Remembered Sets 3.879ms
[2.980s][info][gc,start    ] GC(10) Pause Cleanup
[2.980s][info][gc          ] GC(10) Pause Cleanup 17M->17M(64M) 0.065ms
[2.980s][info][gc,cpu      ] GC(10) User=0.00s Sys=0.00s Real=0.00s
[2.980s][info][gc,marking  ] GC(10) Concurrent Cleanup for Next Mark
[2.981s][info][gc,marking  ] GC(10) Concurrent Cleanup for Next Mark 0.397ms
[2.981s][info][gc          ] GC(10) Concurrent Mark Cycle 16.584ms
[4.292s][info][gc,start    ] GC(11) Pause Young (Normal) (G1 Evacuation Pause)
[4.292s][info][gc,task     ] GC(11) Using 2 workers of 8 for evacuation
[4.307s][info][gc,phases   ] GC(11)   Pre Evacuate Collection Set: 0.3ms
[4.308s][info][gc,phases   ] GC(11)   Merge Heap Roots: 0.1ms
[4.308s][info][gc,phases   ] GC(11)   Evacuate Collection Set: 13.9ms
[4.308s][info][gc,phases   ] GC(11)   Post Evacuate Collection Set: 0.7ms
[4.308s][info][gc,phases   ] GC(11)   Other: 0.2ms
[4.308s][info][gc,heap     ] GC(11) Eden regions: 32->0(28)
[4.308s][info][gc,heap     ] GC(11) Survivor regions: 4->5(5)
[4.308s][info][gc,heap     ] GC(11) Old regions: 13->15
[4.308s][info][gc,heap     ] GC(11) Archive regions: 0->0
[4.308s][info][gc,heap     ] GC(11) Humongous regions: 1->1
[4.308s][info][gc,metaspace] GC(11) Metaspace: 41217K(41600K)->41217K(41600K) NonClass: 36145K(36352K)->36145K(36352K) Class: 5072K(5248K)->5072K(5248K)
[4.308s][info][gc          ] GC(11) Pause Young (Normal) (G1 Evacuation Pause) 49M->19M(64M) 15.379ms
[4.308s][info][gc,cpu      ] GC(11) User=0.02s Sys=0.00s Real=0.01s
[5.585s][info][gc,start    ] GC(12) Pause Young (Normal) (G1 Evacuation Pause)
[5.585s][info][gc,task     ] GC(12) Using 2 workers of 8 for evacuation
[5.601s][info][gc,phases   ] GC(12)   Pre Evacuate Collection Set: 0.1ms
[5.601s][info][gc,phases   ] GC(12)   Merge Heap Roots: 0.1ms
[5.601s][info][gc,phases   ] GC(12)   Evacuate Collection Set: 15.8ms
[5.601s][info][gc,phases   ] GC(12)   Post Evacuate Collection Set: 0.7ms
[5.601s][info][gc,phases   ] GC(12)   Other: 0.2ms
[5.602s][info][gc,heap     ] GC(12) Eden regions: 28->0(26)
[5.602s][info][gc,heap     ] GC(12) Survivor regions: 5->3(5)
[5.602s][info][gc,heap     ] GC(12) Old regions: 15->19
[5.602s][info][gc,heap     ] GC(12) Archive regions: 0->0
[5.602s][info][gc,heap     ] GC(12) Humongous regions: 1->1
[5.602s][info][gc,metaspace] GC(12) Metaspace: 46661K(47104K)->46661K(47104K) NonClass: 40892K(41088K)->40892K(41088K) Class: 5769K(6016K)->5769K(6016K)
[5.602s][info][gc          ] GC(12) Pause Young (Normal) (G1 Evacuation Pause) 47M->22M(64M) 17.009ms
[5.602s][info][gc,cpu      ] GC(12) User=0.09s Sys=0.00s Real=0.02s
[7.577s][info][gc,start    ] GC(13) Pause Young (Normal) (G1 Evacuation Pause)
[7.578s][info][gc,task     ] GC(13) Using 8 workers of 8 for evacuation
[7.587s][info][gc,phases   ] GC(13)   Pre Evacuate Collection Set: 0.3ms
[7.587s][info][gc,phases   ] GC(13)   Merge Heap Roots: 0.4ms
[7.587s][info][gc,phases   ] GC(13)   Evacuate Collection Set: 8.0ms
[7.587s][info][gc,phases   ] GC(13)   Post Evacuate Collection Set: 0.6ms
[7.587s][info][gc,phases   ] GC(13)   Other: 0.6ms
[7.587s][info][gc,heap     ] GC(13) Eden regions: 26->0(24)
[7.587s][info][gc,heap     ] GC(13) Survivor regions: 3->3(4)
[7.587s][info][gc,heap     ] GC(13) Old regions: 19->22
[7.587s][info][gc,heap     ] GC(13) Archive regions: 0->0
[7.587s][info][gc,heap     ] GC(13) Humongous regions: 1->1
[7.587s][info][gc,metaspace] GC(13) Metaspace: 51997K(52480K)->51997K(52480K) NonClass: 45591K(45824K)->45591K(45824K) Class: 6405K(6656K)->6405K(6656K)
[7.587s][info][gc          ] GC(13) Pause Young (Normal) (G1 Evacuation Pause) 48M->24M(64M) 10.000ms
[7.588s][info][gc,cpu      ] GC(13) User=0.05s Sys=0.02s Real=0.01s
[10.037s][info][gc,start    ] GC(14) Pause Young (Normal) (G1 Evacuation Pause)
[10.038s][info][gc,task     ] GC(14) Using 8 workers of 8 for evacuation
[10.045s][info][gc,phases   ] GC(14)   Pre Evacuate Collection Set: 0.1ms
[10.045s][info][gc,phases   ] GC(14)   Merge Heap Roots: 0.1ms
[10.045s][info][gc,phases   ] GC(14)   Evacuate Collection Set: 6.0ms
[10.045s][info][gc,phases   ] GC(14)   Post Evacuate Collection Set: 0.8ms
[10.045s][info][gc,phases   ] GC(14)   Other: 0.3ms
[10.045s][info][gc,heap     ] GC(14) Eden regions: 24->0(24)
[10.045s][info][gc,heap     ] GC(14) Survivor regions: 3->4(4)
[10.045s][info][gc,heap     ] GC(14) Old regions: 22->22
[10.045s][info][gc,heap     ] GC(14) Archive regions: 0->0
[10.045s][info][gc,heap     ] GC(14) Humongous regions: 1->1
[10.045s][info][gc,metaspace] GC(14) Metaspace: 57626K(58112K)->57626K(58112K) NonClass: 50318K(50560K)->50318K(50560K) Class: 7308K(7552K)->7308K(7552K)
[10.045s][info][gc          ] GC(14) Pause Young (Normal) (G1 Evacuation Pause) 48M->25M(64M) 7.678ms
[10.045s][info][gc,cpu      ] GC(14) User=0.03s Sys=0.00s Real=0.01s
[10.762s][info][gc,start    ] GC(15) Pause Young (Concurrent Start) (Metadata GC Threshold)
[10.762s][info][gc,task     ] GC(15) Using 8 workers of 8 for evacuation
[10.767s][info][gc,phases   ] GC(15)   Pre Evacuate Collection Set: 0.1ms
[10.767s][info][gc,phases   ] GC(15)   Merge Heap Roots: 0.1ms
[10.767s][info][gc,phases   ] GC(15)   Evacuate Collection Set: 3.5ms
[10.767s][info][gc,phases   ] GC(15)   Post Evacuate Collection Set: 0.5ms
[10.767s][info][gc,phases   ] GC(15)   Other: 0.3ms
[10.767s][info][gc,heap     ] GC(15) Eden regions: 9->0(24)
[10.767s][info][gc,heap     ] GC(15) Survivor regions: 4->2(4)
[10.767s][info][gc,heap     ] GC(15) Old regions: 22->24
[10.767s][info][gc,heap     ] GC(15) Archive regions: 0->0
[10.767s][info][gc,heap     ] GC(15) Humongous regions: 1->1
[10.767s][info][gc,metaspace] GC(15) Metaspace: 59677K(60096K)->59677K(60096K) NonClass: 52111K(52288K)->52111K(52288K) Class: 7565K(7808K)->7565K(7808K)
[10.767s][info][gc          ] GC(15) Pause Young (Concurrent Start) (Metadata GC Threshold) 34M->26M(64M) 4.695ms
[10.767s][info][gc,cpu      ] GC(15) User=0.11s Sys=0.00s Real=0.00s
[10.767s][info][gc          ] GC(16) Concurrent Mark Cycle
[10.767s][info][gc,marking  ] GC(16) Concurrent Clear Claimed Marks
[10.767s][info][gc,marking  ] GC(16) Concurrent Clear Claimed Marks 0.059ms
[10.767s][info][gc,marking  ] GC(16) Concurrent Scan Root Regions
[10.773s][info][gc,marking  ] GC(16) Concurrent Scan Root Regions 5.717ms
[10.773s][info][gc,marking  ] GC(16) Concurrent Mark
[10.773s][info][gc,marking  ] GC(16) Concurrent Mark From Roots
[10.773s][info][gc,task     ] GC(16) Using 2 workers of 2 for marking
[10.800s][info][gc,marking  ] GC(16) Concurrent Mark From Roots 26.859ms
[10.800s][info][gc,marking  ] GC(16) Concurrent Preclean
[10.800s][info][gc,marking  ] GC(16) Concurrent Preclean 0.133ms
[10.801s][info][gc,start    ] GC(16) Pause Remark
[10.806s][info][gc          ] GC(16) Pause Remark 26M->26M(64M) 4.593ms
[10.806s][info][gc,cpu      ] GC(16) User=0.00s Sys=0.00s Real=0.00s
[10.807s][info][gc,marking  ] GC(16) Concurrent Mark 34.357ms
[10.807s][info][gc,marking  ] GC(16) Concurrent Rebuild Remembered Sets
[10.822s][info][gc,marking  ] GC(16) Concurrent Rebuild Remembered Sets 14.309ms
[10.845s][info][gc,start    ] GC(16) Pause Cleanup
[10.845s][info][gc          ] GC(16) Pause Cleanup 26M->26M(64M) 0.226ms
[10.845s][info][gc,cpu      ] GC(16) User=0.00s Sys=0.00s Real=0.00s
[10.847s][info][gc,marking  ] GC(16) Concurrent Cleanup for Next Mark
[10.847s][info][gc,marking  ] GC(16) Concurrent Cleanup for Next Mark 0.542ms
[10.847s][info][gc          ] GC(16) Concurrent Mark Cycle 80.102ms
[12.630s][info][gc,start    ] GC(17) Pause Young (Normal) (G1 Evacuation Pause)
[12.630s][info][gc,task     ] GC(17) Using 8 workers of 8 for evacuation
[12.634s][info][gc,phases   ] GC(17)   Pre Evacuate Collection Set: 0.1ms
[12.634s][info][gc,phases   ] GC(17)   Merge Heap Roots: 0.1ms
[12.634s][info][gc,phases   ] GC(17)   Evacuate Collection Set: 3.5ms
[12.634s][info][gc,phases   ] GC(17)   Post Evacuate Collection Set: 0.4ms
[12.634s][info][gc,phases   ] GC(17)   Other: 0.1ms
[12.634s][info][gc,heap     ] GC(17) Eden regions: 24->0(24)
[12.634s][info][gc,heap     ] GC(17) Survivor regions: 2->3(4)
[12.634s][info][gc,heap     ] GC(17) Old regions: 24->24
[12.634s][info][gc,heap     ] GC(17) Archive regions: 0->0
[12.634s][info][gc,heap     ] GC(17) Humongous regions: 1->1
[12.634s][info][gc,metaspace] GC(17) Metaspace: 66311K(66752K)->66311K(66752K) NonClass: 57620K(57856K)->57620K(57856K) Class: 8690K(8896K)->8690K(8896K)
[12.634s][info][gc          ] GC(17) Pause Young (Normal) (G1 Evacuation Pause) 50M->27M(64M) 4.482ms
[12.634s][info][gc,cpu      ] GC(17) User=0.00s Sys=0.00s Real=0.00s
[13.904s][info][gc,start    ] GC(18) Pause Young (Normal) (G1 Evacuation Pause)
[13.904s][info][gc,task     ] GC(18) Using 8 workers of 8 for evacuation
[13.910s][info][gc,phases   ] GC(18)   Pre Evacuate Collection Set: 0.1ms
[13.910s][info][gc,phases   ] GC(18)   Merge Heap Roots: 0.1ms
[13.910s][info][gc,phases   ] GC(18)   Evacuate Collection Set: 5.0ms
[13.910s][info][gc,phases   ] GC(18)   Post Evacuate Collection Set: 0.9ms
[13.910s][info][gc,phases   ] GC(18)   Other: 0.2ms
[13.910s][info][gc,heap     ] GC(18) Eden regions: 24->0(22)
[13.910s][info][gc,heap     ] GC(18) Survivor regions: 3->4(4)
[13.910s][info][gc,heap     ] GC(18) Old regions: 24->25
[13.910s][info][gc,heap     ] GC(18) Archive regions: 0->0
[13.910s][info][gc,heap     ] GC(18) Humongous regions: 1->1
[13.910s][info][gc,metaspace] GC(18) Metaspace: 70808K(71360K)->70808K(71360K) NonClass: 61455K(61760K)->61455K(61760K) Class: 9352K(9600K)->9352K(9600K)
[13.910s][info][gc          ] GC(18) Pause Young (Normal) (G1 Evacuation Pause) 51M->28M(64M) 6.880ms
[13.910s][info][gc,cpu      ] GC(18) User=0.06s Sys=0.00s Real=0.01s
[14.419s][info][gc,start    ] GC(19) Pause Young (Normal) (G1 Evacuation Pause)
[14.420s][info][gc,task     ] GC(19) Using 8 workers of 8 for evacuation
[14.425s][info][gc,phases   ] GC(19)   Pre Evacuate Collection Set: 0.1ms
[14.425s][info][gc,phases   ] GC(19)   Merge Heap Roots: 0.1ms
[14.425s][info][gc,phases   ] GC(19)   Evacuate Collection Set: 4.5ms
[14.425s][info][gc,phases   ] GC(19)   Post Evacuate Collection Set: 0.7ms
[14.425s][info][gc,phases   ] GC(19)   Other: 0.3ms
[14.425s][info][gc,heap     ] GC(19) Eden regions: 22->0(22)
[14.425s][info][gc,heap     ] GC(19) Survivor regions: 4->3(4)
[14.425s][info][gc,heap     ] GC(19) Old regions: 25->27
[14.425s][info][gc,heap     ] GC(19) Archive regions: 0->0
[14.425s][info][gc,heap     ] GC(19) Humongous regions: 1->1
[14.425s][info][gc,metaspace] GC(19) Metaspace: 72425K(72896K)->72425K(72896K) NonClass: 62857K(63104K)->62857K(63104K) Class: 9568K(9792K)->9568K(9792K)
[14.425s][info][gc          ] GC(19) Pause Young (Normal) (G1 Evacuation Pause) 50M->29M(64M) 5.975ms
[14.425s][info][gc,cpu      ] GC(19) User=0.09s Sys=0.00s Real=0.01s
[14.530s][info][gc,start    ] GC(20) Pause Young (Normal) (G1 Evacuation Pause)
[14.530s][info][gc,task     ] GC(20) Using 8 workers of 8 for evacuation
[14.533s][info][gc,phases   ] GC(20)   Pre Evacuate Collection Set: 0.1ms
[14.533s][info][gc,phases   ] GC(20)   Merge Heap Roots: 0.1ms
[14.533s][info][gc,phases   ] GC(20)   Evacuate Collection Set: 2.1ms
[14.533s][info][gc,phases   ] GC(20)   Post Evacuate Collection Set: 0.7ms
[14.533s][info][gc,phases   ] GC(20)   Other: 0.3ms
[14.533s][info][gc,heap     ] GC(20) Eden regions: 22->0(34)
[14.533s][info][gc,heap     ] GC(20) Survivor regions: 3->1(4)
[14.533s][info][gc,heap     ] GC(20) Old regions: 27->28
[14.533s][info][gc,heap     ] GC(20) Archive regions: 0->0
[14.533s][info][gc,heap     ] GC(20) Humongous regions: 1->1
[14.533s][info][gc,metaspace] GC(20) Metaspace: 72425K(72896K)->72425K(72896K) NonClass: 62857K(63104K)->62857K(63104K) Class: 9568K(9792K)->9568K(9792K)
[14.533s][info][gc          ] GC(20) Pause Young (Normal) (G1 Evacuation Pause) 51M->29M(77M) 3.484ms
[14.533s][info][gc,cpu      ] GC(20) User=0.05s Sys=0.00s Real=0.00s
[17.205s][info][gc,start    ] GC(21) Pause Young (Normal) (G1 Evacuation Pause)
[17.205s][info][gc,task     ] GC(21) Using 8 workers of 8 for evacuation
[17.211s][info][gc,phases   ] GC(21)   Pre Evacuate Collection Set: 0.1ms
[17.211s][info][gc,phases   ] GC(21)   Merge Heap Roots: 0.1ms
[17.211s][info][gc,phases   ] GC(21)   Evacuate Collection Set: 4.7ms
[17.211s][info][gc,phases   ] GC(21)   Post Evacuate Collection Set: 0.9ms
[17.211s][info][gc,phases   ] GC(21)   Other: 0.3ms
[17.211s][info][gc,heap     ] GC(21) Eden regions: 34->0(32)
[17.211s][info][gc,heap     ] GC(21) Survivor regions: 1->3(5)
[17.211s][info][gc,heap     ] GC(21) Old regions: 28->28
[17.211s][info][gc,heap     ] GC(21) Archive regions: 0->0
[17.211s][info][gc,heap     ] GC(21) Humongous regions: 1->1
[17.211s][info][gc,metaspace] GC(21) Metaspace: 77034K(77632K)->77034K(77632K) NonClass: 66824K(67136K)->66824K(67136K) Class: 10210K(10496K)->10210K(10496K)
[17.211s][info][gc          ] GC(21) Pause Young (Normal) (G1 Evacuation Pause) 63M->31M(77M) 6.188ms
[17.211s][info][gc,cpu      ] GC(21) User=0.08s Sys=0.00s Real=0.02s
[19.798s][info][gc,start    ] GC(22) Pause Young (Normal) (G1 Evacuation Pause)
[19.798s][info][gc,task     ] GC(22) Using 8 workers of 8 for evacuation
[19.806s][info][gc,phases   ] GC(22)   Pre Evacuate Collection Set: 0.2ms
[19.807s][info][gc,phases   ] GC(22)   Merge Heap Roots: 0.1ms
[19.807s][info][gc,phases   ] GC(22)   Evacuate Collection Set: 7.0ms
[19.807s][info][gc,phases   ] GC(22)   Post Evacuate Collection Set: 1.0ms
[19.807s][info][gc,phases   ] GC(22)   Other: 0.3ms
[19.807s][info][gc,heap     ] GC(22) Eden regions: 32->0(28)
[19.807s][info][gc,heap     ] GC(22) Survivor regions: 3->5(5)
[19.807s][info][gc,heap     ] GC(22) Old regions: 28->29
[19.807s][info][gc,heap     ] GC(22) Archive regions: 0->0
[19.807s][info][gc,heap     ] GC(22) Humongous regions: 1->1
[19.807s][info][gc,metaspace] GC(22) Metaspace: 83424K(83968K)->83424K(83968K) NonClass: 72461K(72704K)->72461K(72704K) Class: 10963K(11264K)->10963K(11264K)
[19.807s][info][gc          ] GC(22) Pause Young (Normal) (G1 Evacuation Pause) 63M->34M(77M) 8.794ms
[19.807s][info][gc,cpu      ] GC(22) User=0.08s Sys=0.02s Real=0.01s
[21.943s][info][gc,start    ] GC(23) Pause Young (Normal) (G1 Evacuation Pause)
[21.943s][info][gc,task     ] GC(23) Using 8 workers of 8 for evacuation
[21.955s][info][gc,phases   ] GC(23)   Pre Evacuate Collection Set: 0.1ms
[21.955s][info][gc,phases   ] GC(23)   Merge Heap Roots: 0.1ms
[21.955s][info][gc,phases   ] GC(23)   Evacuate Collection Set: 10.2ms
[21.955s][info][gc,phases   ] GC(23)   Post Evacuate Collection Set: 0.9ms
[21.955s][info][gc,phases   ] GC(23)   Other: 0.4ms
[21.955s][info][gc,heap     ] GC(23) Eden regions: 28->0(25)
[21.955s][info][gc,heap     ] GC(23) Survivor regions: 5->3(5)
[21.955s][info][gc,heap     ] GC(23) Old regions: 29->34
[21.955s][info][gc,heap     ] GC(23) Archive regions: 0->0
[21.955s][info][gc,heap     ] GC(23) Humongous regions: 1->1
[21.955s][info][gc,metaspace] GC(23) Metaspace: 86425K(86976K)->86425K(86976K) NonClass: 75065K(75328K)->75065K(75328K) Class: 11359K(11648K)->11359K(11648K)
[21.955s][info][gc          ] GC(23) Pause Young (Normal) (G1 Evacuation Pause) 62M->36M(77M) 11.989ms
[21.955s][info][gc,cpu      ] GC(23) User=0.06s Sys=0.00s Real=0.01s
[23.482s][info][gc,start    ] GC(24) Pause Young (Concurrent Start) (G1 Evacuation Pause)
[23.482s][info][gc,task     ] GC(24) Using 8 workers of 8 for evacuation
[23.491s][info][gc,phases   ] GC(24)   Pre Evacuate Collection Set: 0.2ms
[23.491s][info][gc,phases   ] GC(24)   Merge Heap Roots: 0.1ms
[23.491s][info][gc,phases   ] GC(24)   Evacuate Collection Set: 7.9ms
[23.491s][info][gc,phases   ] GC(24)   Post Evacuate Collection Set: 1.0ms
[23.491s][info][gc,phases   ] GC(24)   Other: 0.4ms
[23.491s][info][gc,heap     ] GC(24) Eden regions: 25->0(23)
[23.491s][info][gc,heap     ] GC(24) Survivor regions: 3->3(4)
[23.491s][info][gc,heap     ] GC(24) Old regions: 34->36
[23.491s][info][gc,heap     ] GC(24) Archive regions: 0->0
[23.491s][info][gc,heap     ] GC(24) Humongous regions: 1->1
[23.491s][info][gc,metaspace] GC(24) Metaspace: 88741K(89280K)->88741K(89280K) NonClass: 77014K(77312K)->77014K(77312K) Class: 11726K(11968K)->11726K(11968K)
[23.491s][info][gc          ] GC(24) Pause Young (Concurrent Start) (G1 Evacuation Pause) 61M->38M(77M) 9.787ms
[23.491s][info][gc,cpu      ] GC(24) User=0.03s Sys=0.00s Real=0.01s
[23.491s][info][gc          ] GC(25) Concurrent Mark Cycle
[23.491s][info][gc,marking  ] GC(25) Concurrent Clear Claimed Marks
[23.492s][info][gc,marking  ] GC(25) Concurrent Clear Claimed Marks 0.134ms
[23.492s][info][gc,marking  ] GC(25) Concurrent Scan Root Regions
[23.499s][info][gc,marking  ] GC(25) Concurrent Scan Root Regions 6.929ms
[23.499s][info][gc,marking  ] GC(25) Concurrent Mark
[23.499s][info][gc,marking  ] GC(25) Concurrent Mark From Roots
[23.499s][info][gc,task     ] GC(25) Using 2 workers of 2 for marking
[23.560s][info][gc,marking  ] GC(25) Concurrent Mark From Roots 61.250ms
[23.560s][info][gc,marking  ] GC(25) Concurrent Preclean
[23.560s][info][gc,marking  ] GC(25) Concurrent Preclean 0.188ms
[23.575s][info][gc,start    ] GC(25) Pause Remark
[23.582s][info][gc          ] GC(25) Pause Remark 42M->42M(77M) 6.603ms
[23.582s][info][gc,cpu      ] GC(25) User=0.06s Sys=0.00s Real=0.01s
[23.583s][info][gc,marking  ] GC(25) Concurrent Mark 84.224ms
[23.583s][info][gc,marking  ] GC(25) Concurrent Rebuild Remembered Sets
[23.614s][info][gc,marking  ] GC(25) Concurrent Rebuild Remembered Sets 30.718ms
[23.614s][info][gc,start    ] GC(25) Pause Cleanup
[23.614s][info][gc          ] GC(25) Pause Cleanup 43M->43M(77M) 0.123ms
[23.614s][info][gc,cpu      ] GC(25) User=0.00s Sys=0.00s Real=0.00s
[23.614s][info][gc,marking  ] GC(25) Concurrent Cleanup for Next Mark
[23.615s][info][gc,marking  ] GC(25) Concurrent Cleanup for Next Mark 0.280ms
[23.615s][info][gc          ] GC(25) Concurrent Mark Cycle 123.358ms
