[0.018s][info][gc] Using G1
[0.021s][info][gc,init] Version: 17.0.8.1+1 (release)
[0.021s][info][gc,init] CPUs: 8 total, 8 available
[0.021s][info][gc,init] Memory: 7975M
[0.021s][info][gc,init] Large Page Support: Disabled
[0.021s][info][gc,init] NUMA Support: Disabled
[0.021s][info][gc,init] Compressed Oops: Enabled (32-bit)
[0.021s][info][gc,init] Heap Region Size: 1M
[0.021s][info][gc,init] Heap Min Capacity: 8M
[0.021s][info][gc,init] Heap Initial Capacity: 126M
[0.021s][info][gc,init] Heap Max Capacity: 1994M
[0.021s][info][gc,init] Pre-touch: Disabled
[0.021s][info][gc,init] Parallel Workers: 8
[0.021s][info][gc,init] Concurrent Workers: 2
[0.021s][info][gc,init] Concurrent Refinement Workers: 8
[0.021s][info][gc,init] Periodic GC: Disabled
[0.021s][info][gc,metaspace] CDS archive(s) not mapped
[0.021s][info][gc,metaspace] Compressed class space mapped at: 0x0000000100000000-0x0000000140000000, reserved size: 1073741824
[0.021s][info][gc,metaspace] Narrow klass base: 0x0000000000000000, Narrow klass shift: 3, Narrow klass range: 0x140000000
[0.746s][info][gc,start    ] GC(0) Pause Young (Normal) (G1 Evacuation Pause)
[0.746s][info][gc,task     ] GC(0) Using 3 workers of 8 for evacuation
[0.751s][info][gc,phases   ] GC(0)   Pre Evacuate Collection Set: 0.1ms
[0.751s][info][gc,phases   ] GC(0)   Merge Heap Roots: 0.1ms
[0.751s][info][gc,phases   ] GC(0)   Evacuate Collection Set: 4.0ms
[0.751s][info][gc,phases   ] GC(0)   Post Evacuate Collection Set: 0.6ms
[0.751s][info][gc,phases   ] GC(0)   Other: 0.3ms
[0.751s][info][gc,heap     ] GC(0) Eden regions: 23->0(27)
[0.751s][info][gc,heap     ] GC(0) Survivor regions: 0->3(3)
[0.751s][info][gc,heap     ] GC(0) Old regions: 0->4
[0.751s][info][gc,heap     ] GC(0) Archive regions: 0->0
[0.751s][info][gc,heap     ] GC(0) Humongous regions: 1->1
[0.751s][info][gc,metaspace] GC(0) Metaspace: 13737K(13952K)->13737K(13952K) NonClass: 12285K(12416K)->12285K(12416K) Class: 1451K(1536K)->1451K(1536K)
[0.751s][info][gc          ] GC(0) Pause Young (Normal) (G1 Evacuation Pause) 24M->7M(126M) 5.238ms
[0.751s][info][gc,cpu      ] GC(0) User=0.02s Sys=0.00s Real=0.01s
[1.197s][info][gc,start    ] GC(1) Pause Young (Concurrent Start) (Metadata GC Threshold)
[1.197s][info][gc,task     ] GC(1) Using 4 workers of 8 for evacuation
[1.203s][info][gc,phases   ] GC(1)   Pre Evacuate Collection Set: 0.1ms
[1.203s][info][gc,phases   ] GC(1)   Merge Heap Roots: 0.1ms
[1.203s][info][gc,phases   ] GC(1)   Evacuate Collection Set: 4.7ms
[1.203s][info][gc,phases   ] GC(1)   Post Evacuate Collection Set: 0.6ms
[1.203s][info][gc,phases   ] GC(1)   Other: 0.2ms
[1.203s][info][gc,heap     ] GC(1) Eden regions: 27->0(64)
[1.203s][info][gc,heap     ] GC(1) Survivor regions: 3->3(4)
[1.203s][info][gc,heap     ] GC(1) Old regions: 4->7
[1.203s][info][gc,heap     ] GC(1) Archive regions: 0->0
[1.203s][info][gc,heap     ] GC(1) Humongous regions: 1->1
[1.203s][info][gc,metaspace] GC(1) Metaspace: 21282K(21504K)->21282K(21504K) NonClass: 18783K(18880K)->18783K(18880K) Class: 2499K(2624K)->2499K(2624K)
[1.203s][info][gc          ] GC(1) Pause Young (Concurrent Start) (Metadata GC Threshold) 34M->10M(126M) 5.796ms
[1.203s][info][gc,cpu      ] GC(1) User=0.00s Sys=0.00s Real=0.00s
[1.203s][info][gc          ] GC(2) Concurrent Mark Cycle
[1.203s][info][gc,marking  ] GC(2) Concurrent Clear Claimed Marks
[1.203s][info][gc,marking  ] GC(2) Concurrent Clear Claimed Marks 0.031ms
[1.203s][info][gc,marking  ] GC(2) Concurrent Scan Root Regions
[1.205s][info][gc,marking  ] GC(2) Concurrent Scan Root Regions 1.975ms
[1.205s][info][gc,marking  ] GC(2) Concurrent Mark
[1.205s][info][gc,marking  ] GC(2) Concurrent Mark From Roots
[1.205s][info][gc,task     ] GC(2) Using 2 workers of 2 for marking
[1.207s][info][gc,marking  ] GC(2) Concurrent Mark From Roots 1.530ms
[1.207s][info][gc,marking  ] GC(2) Concurrent Preclean
[1.207s][info][gc,marking  ] GC(2) Concurrent Preclean 0.048ms
[1.207s][info][gc,start    ] GC(2) Pause Remark
[1.208s][info][gc          ] GC(2) Pause Remark 11M->11M(40M) 1.532ms
[1.209s][info][gc,cpu      ] GC(2) User=0.00s Sys=0.00s Real=0.00s
[1.209s][info][gc,marking  ] GC(2) Concurrent Mark 3.845ms
[1.209s][info][gc,marking  ] GC(2) Concurrent Rebuild Remembered Sets
[1.209s][info][gc,marking  ] GC(2) Concurrent Rebuild Remembered Sets 0.035ms
[1.213s][info][gc,start    ] GC(2) Pause Cleanup
[1.213s][info][gc          ] GC(2) Pause Cleanup 11M->11M(40M) 0.085ms
[1.213s][info][gc,cpu      ] GC(2) User=0.00s Sys=0.00s Real=0.00s
[1.213s][info][gc,marking  ] GC(2) Concurrent Cleanup for Next Mark
[1.214s][info][gc,marking  ] GC(2) Concurrent Cleanup for Next Mark 0.460ms
[1.214s][info][gc          ] GC(2) Concurrent Mark Cycle 10.861ms
[1.514s][info][gc,start    ] GC(3) Pause Young (Normal) (G1 Preventive Collection)
[1.514s][info][gc,task     ] GC(3) Using 4 workers of 8 for evacuation
[1.518s][info][gc,phases   ] GC(3)   Pre Evacuate Collection Set: 0.1ms
[1.518s][info][gc,phases   ] GC(3)   Merge Heap Roots: 0.0ms
[1.518s][info][gc,phases   ] GC(3)   Evacuate Collection Set: 4.1ms
[1.518s][info][gc,phases   ] GC(3)   Post Evacuate Collection Set: 0.3ms
[1.518s][info][gc,phases   ] GC(3)   Other: 0.2ms
[1.518s][info][gc,heap     ] GC(3) Eden regions: 19->0(15)
[1.518s][info][gc,heap     ] GC(3) Survivor regions: 3->4(9)
[1.518s][info][gc,heap     ] GC(3) Old regions: 7->7
[1.518s][info][gc,heap     ] GC(3) Archive regions: 0->0
[1.518s][info][gc,heap     ] GC(3) Humongous regions: 1->1
[1.518s][info][gc,metaspace] GC(3) Metaspace: 26076K(26304K)->26076K(26304K) NonClass: 23037K(23168K)->23037K(23168K) Class: 3039K(3136K)->3039K(3136K)
[1.519s][info][gc          ] GC(3) Pause Young (Normal) (G1 Preventive Collection) 29M->11M(40M) 4.760ms
[1.519s][info][gc,cpu      ] GC(3) User=0.02s Sys=0.02s Real=0.00s
[1.658s][info][gc,start    ] GC(4) Pause Young (Normal) (G1 Evacuation Pause)
[1.659s][info][gc,task     ] GC(4) Using 4 workers of 8 for evacuation
[1.663s][info][gc,phases   ] GC(4)   Pre Evacuate Collection Set: 0.1ms
[1.663s][info][gc,phases   ] GC(4)   Merge Heap Roots: 0.0ms
[1.663s][info][gc,phases   ] GC(4)   Evacuate Collection Set: 3.8ms
[1.663s][info][gc,phases   ] GC(4)   Post Evacuate Collection Set: 0.3ms
[1.663s][info][gc,phases   ] GC(4)   Other: 0.2ms
[1.663s][info][gc,heap     ] GC(4) Eden regions: 15->0(15)
[1.663s][info][gc,heap     ] GC(4) Survivor regions: 4->2(3)
[1.663s][info][gc,heap     ] GC(4) Old regions: 7->11
[1.663s][info][gc,heap     ] GC(4) Archive regions: 0->0
[1.663s][info][gc,heap     ] GC(4) Humongous regions: 1->1
[1.663s][info][gc,metaspace] GC(4) Metaspace: 29064K(29312K)->29064K(29312K) NonClass: 25705K(25856K)->25705K(25856K) Class: 3359K(3456K)->3359K(3456K)
[1.663s][info][gc          ] GC(4) Pause Young (Normal) (G1 Evacuation Pause) 26M->13M(40M) 4.463ms
[1.663s][info][gc,cpu      ] GC(4) User=0.00s Sys=0.00s Real=0.00s
[1.969s][info][gc,start    ] GC(5) Pause Young (Normal) (G1 Evacuation Pause)
[1.969s][info][gc,task     ] GC(5) Using 3 workers of 8 for evacuation
[1.972s][info][gc,phases   ] GC(5)   Pre Evacuate Collection Set: 0.0ms
[1.972s][info][gc,phases   ] GC(5)   Merge Heap Roots: 0.0ms
[1.972s][info][gc,phases   ] GC(5)   Evacuate Collection Set: 2.9ms
[1.972s][info][gc,phases   ] GC(5)   Post Evacuate Collection Set: 0.3ms
[1.972s][info][gc,phases   ] GC(5)   Other: 0.1ms
[1.972s][info][gc,heap     ] GC(5) Eden regions: 15->0(15)
[1.972s][info][gc,heap     ] GC(5) Survivor regions: 2->3(3)
[1.972s][info][gc,heap     ] GC(5) Old regions: 11->11
[1.972s][info][gc,heap     ] GC(5) Archive regions: 0->0
[1.972s][info][gc,heap     ] GC(5) Humongous regions: 1->1
[1.972s][info][gc,metaspace] GC(5) Metaspace: 30771K(31040K)->30771K(31040K) NonClass: 27200K(27328K)->27200K(27328K) Class: 3570K(3712K)->3570K(3712K)
[1.972s][info][gc          ] GC(5) Pause Young (Normal) (G1 Evacuation Pause) 28M->14M(40M) 3.505ms
[1.972s][info][gc,cpu      ] GC(5) User=0.02s Sys=0.00s Real=0.00s
[2.329s][info][gc,start    ] GC(6) Pause Young (Normal) (G1 Evacuation Pause)
[2.329s][info][gc,task     ] GC(6) Using 2 workers of 8 for evacuation
[2.334s][info][gc,phases   ] GC(6)   Pre Evacuate Collection Set: 0.0ms
[2.334s][info][gc,phases   ] GC(6)   Merge Heap Roots: 0.0ms
[2.334s][info][gc,phases   ] GC(6)   Evacuate Collection Set: 4.0ms
[2.334s][info][gc,phases   ] GC(6)   Post Evacuate Collection Set: 0.2ms
[2.334s][info][gc,phases   ] GC(6)   Other: 0.2ms
[2.334s][info][gc,heap     ] GC(6) Eden regions: 15->0(15)
[2.334s][info][gc,heap     ] GC(6) Survivor regions: 3->3(3)
[2.334s][info][gc,heap     ] GC(6) Old regions: 11->12
[2.334s][info][gc,heap     ] GC(6) Archive regions: 0->0
[2.334s][info][gc,heap     ] GC(6) Humongous regions: 1->1
[2.334s][info][gc,metaspace] GC(6) Metaspace: 32506K(32768K)->32506K(32768K) NonClass: 28753K(28864K)->28753K(28864K) Class: 3752K(3904K)->3752K(3904K)
[2.334s][info][gc          ] GC(6) Pause Young (Normal) (G1 Evacuation Pause) 29M->15M(40M) 4.656ms
[2.334s][info][gc,cpu      ] GC(6) User=0.00s Sys=0.00s Real=0.00s
[4.166s][info][gc,start    ] GC(7) Pause Young (Normal) (G1 Evacuation Pause)
[4.166s][info][gc,task     ] GC(7) Using 2 workers of 8 for evacuation
[4.173s][info][gc,phases   ] GC(7)   Pre Evacuate Collection Set: 0.1ms
[4.173s][info][gc,phases   ] GC(7)   Merge Heap Roots: 0.1ms
[4.173s][info][gc,phases   ] GC(7)   Evacuate Collection Set: 5.4ms
[4.173s][info][gc,phases   ] GC(7)   Post Evacuate Collection Set: 0.5ms
[4.173s][info][gc,phases   ] GC(7)   Other: 0.2ms
[4.173s][info][gc,heap     ] GC(7) Eden regions: 15->0(18)
[4.173s][info][gc,heap     ] GC(7) Survivor regions: 3->3(3)
[4.173s][info][gc,heap     ] GC(7) Old regions: 12->14
[4.173s][info][gc,heap     ] GC(7) Archive regions: 0->0
[4.173s][info][gc,heap     ] GC(7) Humongous regions: 1->1
[4.173s][info][gc,metaspace] GC(7) Metaspace: 34930K(35264K)->34930K(35264K) NonClass: 30879K(31040K)->30879K(31040K) Class: 4051K(4224K)->4051K(4224K)
[4.173s][info][gc          ] GC(7) Pause Young (Normal) (G1 Evacuation Pause) 30M->16M(48M) 6.431ms
[4.173s][info][gc,cpu      ] GC(7) User=0.02s Sys=0.00s Real=0.01s
[4.860s][info][gc,start    ] GC(8) Pause Young (Concurrent Start) (Metadata GC Threshold)
[4.860s][info][gc,task     ] GC(8) Using 2 workers of 8 for evacuation
[4.864s][info][gc,phases   ] GC(8)   Pre Evacuate Collection Set: 0.1ms
[4.864s][info][gc,phases   ] GC(8)   Merge Heap Roots: 0.1ms
[4.864s][info][gc,phases   ] GC(8)   Evacuate Collection Set: 3.4ms
[4.864s][info][gc,phases   ] GC(8)   Post Evacuate Collection Set: 0.4ms
[4.864s][info][gc,phases   ] GC(8)   Other: 0.1ms
[4.864s][info][gc,heap     ] GC(8) Eden regions: 8->0(19)
[4.864s][info][gc,heap     ] GC(8) Survivor regions: 3->2(3)
[4.864s][info][gc,heap     ] GC(8) Old regions: 14->15
[4.864s][info][gc,heap     ] GC(8) Archive regions: 0->0
[4.864s][info][gc,heap     ] GC(8) Humongous regions: 1->1
[4.864s][info][gc,metaspace] GC(8) Metaspace: 35670K(35968K)->35670K(35968K) NonClass: 31502K(31616K)->31502K(31616K) Class: 4167K(4352K)->4167K(4352K)
[4.864s][info][gc          ] GC(8) Pause Young (Concurrent Start) (Metadata GC Threshold) 23M->16M(48M) 4.376ms
[4.864s][info][gc,cpu      ] GC(8) User=0.00s Sys=0.00s Real=0.00s
[4.864s][info][gc          ] GC(9) Concurrent Mark Cycle
[4.864s][info][gc,marking  ] GC(9) Concurrent Clear Claimed Marks
[4.864s][info][gc,marking  ] GC(9) Concurrent Clear Claimed Marks 0.033ms
[4.864s][info][gc,marking  ] GC(9) Concurrent Scan Root Regions
[4.865s][info][gc,marking  ] GC(9) Concurrent Scan Root Regions 1.170ms
[4.865s][info][gc,marking  ] GC(9) Concurrent Mark
[4.865s][info][gc,marking  ] GC(9) Concurrent Mark From Roots
[4.865s][info][gc,task     ] GC(9) Using 2 workers of 2 for marking
[4.873s][info][gc,marking  ] GC(9) Concurrent Mark From Roots 8.047ms
[4.873s][info][gc,marking  ] GC(9) Concurrent Preclean
[4.873s][info][gc,marking  ] GC(9) Concurrent Preclean 0.069ms
[4.874s][info][gc,start    ] GC(9) Pause Remark
[4.877s][info][gc          ] GC(9) Pause Remark 17M->17M(48M) 2.741ms
[4.877s][info][gc,cpu      ] GC(9) User=0.02s Sys=0.00s Real=0.00s
[4.877s][info][gc,marking  ] GC(9) Concurrent Mark 12.006ms
[4.877s][info][gc,marking  ] GC(9) Concurrent Rebuild Remembered Sets
[4.882s][info][gc,marking  ] GC(9) Concurrent Rebuild Remembered Sets 4.560ms
[4.882s][info][gc,start    ] GC(9) Pause Cleanup
[4.882s][info][gc          ] GC(9) Pause Cleanup 17M->17M(48M) 0.077ms
[4.882s][info][gc,cpu      ] GC(9) User=0.00s Sys=0.00s Real=0.00s
[4.882s][info][gc,marking  ] GC(9) Concurrent Cleanup for Next Mark
[4.883s][info][gc,marking  ] GC(9) Concurrent Cleanup for Next Mark 0.453ms
[4.883s][info][gc          ] GC(9) Concurrent Mark Cycle 18.663ms
[5.408s][info][gc,start    ] GC(10) Pause Young (Normal) (G1 Evacuation Pause)
[5.408s][info][gc,task     ] GC(10) Using 2 workers of 8 for evacuation
[5.414s][info][gc,phases   ] GC(10)   Pre Evacuate Collection Set: 0.1ms
[5.414s][info][gc,phases   ] GC(10)   Merge Heap Roots: 0.1ms
[5.414s][info][gc,phases   ] GC(10)   Evacuate Collection Set: 6.2ms
[5.414s][info][gc,phases   ] GC(10)   Post Evacuate Collection Set: 0.3ms
[5.414s][info][gc,phases   ] GC(10)   Other: 0.2ms
[5.414s][info][gc,heap     ] GC(10) Eden regions: 19->0(18)
[5.414s][info][gc,heap     ] GC(10) Survivor regions: 2->3(3)
[5.414s][info][gc,heap     ] GC(10) Old regions: 15->15
[5.414s][info][gc,heap     ] GC(10) Archive regions: 0->0
[5.414s][info][gc,heap     ] GC(10) Humongous regions: 1->1
[5.414s][info][gc,metaspace] GC(10) Metaspace: 39227K(39552K)->39227K(39552K) NonClass: 34462K(34624K)->34462K(34624K) Class: 4765K(4928K)->4765K(4928K)
[5.414s][info][gc          ] GC(10) Pause Young (Normal) (G1 Evacuation Pause) 35M->18M(48M) 6.928ms
[5.414s][info][gc,cpu      ] GC(10) User=0.00s Sys=0.00s Real=0.01s
[6.058s][info][gc,start    ] GC(11) Pause Young (Normal) (G1 Evacuation Pause)
[6.058s][info][gc,task     ] GC(11) Using 2 workers of 8 for evacuation
[6.073s][info][gc,phases   ] GC(11)   Pre Evacuate Collection Set: 0.1ms
[6.073s][info][gc,phases   ] GC(11)   Merge Heap Roots: 0.6ms
[6.073s][info][gc,phases   ] GC(11)   Evacuate Collection Set: 13.5ms
[6.073s][info][gc,phases   ] GC(11)   Post Evacuate Collection Set: 0.6ms
[6.073s][info][gc,phases   ] GC(11)   Other: 0.2ms
[6.073s][info][gc,heap     ] GC(11) Eden regions: 18->0(17)
[6.073s][info][gc,heap     ] GC(11) Survivor regions: 3->3(3)
[6.073s][info][gc,heap     ] GC(11) Old regions: 15->16
[6.073s][info][gc,heap     ] GC(11) Archive regions: 0->0
[6.073s][info][gc,heap     ] GC(11) Humongous regions: 1->1
[6.073s][info][gc,metaspace] GC(11) Metaspace: 42086K(42496K)->42086K(42496K) NonClass: 36864K(37056K)->36864K(37056K) Class: 5221K(5440K)->5221K(5440K)
[6.073s][info][gc          ] GC(11) Pause Young (Normal) (G1 Evacuation Pause) 36M->19M(48M) 15.132ms
[6.073s][info][gc,cpu      ] GC(11) User=0.03s Sys=0.00s Real=0.02s
[6.920s][info][gc,start    ] GC(12) Pause Young (Normal) (G1 Evacuation Pause)
[6.920s][info][gc,task     ] GC(12) Using 2 workers of 8 for evacuation
[6.933s][info][gc,phases   ] GC(12)   Pre Evacuate Collection Set: 0.1ms
[6.933s][info][gc,phases   ] GC(12)   Merge Heap Roots: 0.1ms
[6.933s][info][gc,phases   ] GC(12)   Evacuate Collection Set: 12.2ms
[6.933s][info][gc,phases   ] GC(12)   Post Evacuate Collection Set: 0.5ms
[6.933s][info][gc,phases   ] GC(12)   Other: 0.2ms
[6.933s][info][gc,heap     ] GC(12) Eden regions: 17->0(16)
[6.933s][info][gc,heap     ] GC(12) Survivor regions: 3->2(3)
[6.933s][info][gc,heap     ] GC(12) Old regions: 16->19
[6.933s][info][gc,heap     ] GC(12) Archive regions: 0->0
[6.933s][info][gc,heap     ] GC(12) Humongous regions: 1->1
[6.933s][info][gc,metaspace] GC(12) Metaspace: 46105K(46528K)->46105K(46528K) NonClass: 40433K(40640K)->40433K(40640K) Class: 5671K(5888K)->5671K(5888K)
[6.933s][info][gc          ] GC(12) Pause Young (Normal) (G1 Evacuation Pause) 36M->21M(48M) 13.337ms
[6.933s][info][gc,cpu      ] GC(12) User=0.00s Sys=0.00s Real=0.01s
[7.405s][info][gc,start    ] GC(13) Pause Young (Normal) (G1 Evacuation Pause)
[7.405s][info][gc,task     ] GC(13) Using 8 workers of 8 for evacuation
[7.410s][info][gc,phases   ] GC(13)   Pre Evacuate Collection Set: 0.3ms
[7.411s][info][gc,phases   ] GC(13)   Merge Heap Roots: 0.1ms
[7.411s][info][gc,phases   ] GC(13)   Evacuate Collection Set: 3.6ms
[7.411s][info][gc,phases   ] GC(13)   Post Evacuate Collection Set: 0.8ms
[7.411s][info][gc,phases   ] GC(13)   Other: 0.3ms
[7.411s][info][gc,heap     ] GC(13) Eden regions: 16->0(22)
[7.411s][info][gc,heap     ] GC(13) Survivor regions: 2->2(3)
[7.411s][info][gc,heap     ] GC(13) Old regions: 19->21
[7.411s][info][gc,heap     ] GC(13) Archive regions: 0->0
[7.411s][info][gc,heap     ] GC(13) Humongous regions: 1->1
[7.411s][info][gc,metaspace] GC(13) Metaspace: 47633K(48064K)->47633K(48064K) NonClass: 41718K(41920K)->41718K(41920K) Class: 5915K(6144K)->5915K(6144K)
[7.411s][info][gc          ] GC(13) Pause Young (Normal) (G1 Evacuation Pause) 37M->23M(58M) 5.302ms
[7.411s][info][gc,cpu      ] GC(13) User=0.06s Sys=0.00s Real=0.01s
[9.333s][info][gc,start    ] GC(14) Pause Young (Normal) (G1 Evacuation Pause)
[9.333s][info][gc,task     ] GC(14) Using 8 workers of 8 for evacuation
[9.337s][info][gc,phases   ] GC(14)   Pre Evacuate Collection Set: 0.1ms
[9.337s][info][gc,phases   ] GC(14)   Merge Heap Roots: 0.1ms
[9.337s][info][gc,phases   ] GC(14)   Evacuate Collection Set: 3.4ms
[9.337s][info][gc,phases   ] GC(14)   Post Evacuate Collection Set: 0.9ms
[9.337s][info][gc,phases   ] GC(14)   Other: 0.3ms
[9.337s][info][gc,heap     ] GC(14) Eden regions: 22->0(21)
[9.337s][info][gc,heap     ] GC(14) Survivor regions: 2->3(3)
[9.337s][info][gc,heap     ] GC(14) Old regions: 21->21
[9.337s][info][gc,heap     ] GC(14) Archive regions: 0->0
[9.337s][info][gc,heap     ] GC(14) Humongous regions: 1->1
[9.337s][info][gc,metaspace] GC(14) Metaspace: 53826K(54272K)->53826K(54272K) NonClass: 47129K(47360K)->47129K(47360K) Class: 6697K(6912K)->6697K(6912K)
[9.338s][info][gc          ] GC(14) Pause Young (Normal) (G1 Evacuation Pause) 45M->24M(58M) 4.978ms
[9.338s][info][gc,cpu      ] GC(14) User=0.00s Sys=0.00s Real=0.00s
[10.486s][info][gc,start    ] GC(15) Pause Young (Normal) (G1 Evacuation Pause)
[10.486s][info][gc,task     ] GC(15) Using 8 workers of 8 for evacuation
[10.491s][info][gc,phases   ] GC(15)   Pre Evacuate Collection Set: 0.1ms
[10.491s][info][gc,phases   ] GC(15)   Merge Heap Roots: 0.1ms
[10.491s][info][gc,phases   ] GC(15)   Evacuate Collection Set: 3.7ms
[10.491s][info][gc,phases   ] GC(15)   Post Evacuate Collection Set: 0.6ms
[10.491s][info][gc,phases   ] GC(15)   Other: 0.2ms
[10.491s][info][gc,heap     ] GC(15) Eden regions: 21->0(20)
[10.491s][info][gc,heap     ] GC(15) Survivor regions: 3->2(3)
[10.491s][info][gc,heap     ] GC(15) Old regions: 21->24
[10.491s][info][gc,heap     ] GC(15) Archive regions: 0->0
[10.491s][info][gc,heap     ] GC(15) Humongous regions: 1->1
[10.491s][info][gc,metaspace] GC(15) Metaspace: 58859K(59264K)->58859K(59264K) NonClass: 51385K(51584K)->51385K(51584K) Class: 7473K(7680K)->7473K(7680K)
[10.491s][info][gc          ] GC(15) Pause Young (Normal) (G1 Evacuation Pause) 45M->25M(58M) 4.929ms
[10.491s][info][gc,cpu      ] GC(15) User=0.00s Sys=0.00s Real=0.01s
[10.635s][info][gc,start    ] GC(16) Pause Young (Concurrent Start) (Metadata GC Threshold)
[10.635s][info][gc,task     ] GC(16) Using 8 workers of 8 for evacuation
[10.638s][info][gc,phases   ] GC(16)   Pre Evacuate Collection Set: 0.1ms
[10.638s][info][gc,phases   ] GC(16)   Merge Heap Roots: 0.1ms
[10.638s][info][gc,phases   ] GC(16)   Evacuate Collection Set: 2.2ms
[10.638s][info][gc,phases   ] GC(16)   Post Evacuate Collection Set: 0.4ms
[10.638s][info][gc,phases   ] GC(16)   Other: 0.2ms
[10.638s][info][gc,heap     ] GC(16) Eden regions: 3->0(20)
[10.638s][info][gc,heap     ] GC(16) Survivor regions: 2->2(3)
[10.638s][info][gc,heap     ] GC(16) Old regions: 24->24
[10.638s][info][gc,heap     ] GC(16) Archive regions: 0->0
[10.639s][info][gc,heap     ] GC(16) Humongous regions: 1->1
[10.639s][info][gc,metaspace] GC(16) Metaspace: 59673K(60096K)->59673K(60096K) NonClass: 52112K(52288K)->52112K(52288K) Class: 7561K(7808K)->7561K(7808K)
[10.639s][info][gc          ] GC(16) Pause Young (Concurrent Start) (Metadata GC Threshold) 28M->25M(58M) 3.232ms
[10.639s][info][gc,cpu      ] GC(16) User=0.00s Sys=0.00s Real=0.00s
[10.639s][info][gc          ] GC(17) Concurrent Mark Cycle
[10.639s][info][gc,marking  ] GC(17) Concurrent Clear Claimed Marks
[10.639s][info][gc,marking  ] GC(17) Concurrent Clear Claimed Marks 0.065ms
[10.639s][info][gc,marking  ] GC(17) Concurrent Scan Root Regions
[10.640s][info][gc,marking  ] GC(17) Concurrent Scan Root Regions 1.661ms
[10.640s][info][gc,marking  ] GC(17) Concurrent Mark
[10.640s][info][gc,marking  ] GC(17) Concurrent Mark From Roots
[10.641s][info][gc,task     ] GC(17) Using 2 workers of 2 for marking
[10.669s][info][gc,marking  ] GC(17) Concurrent Mark From Roots 28.271ms
[10.669s][info][gc,marking  ] GC(17) Concurrent Preclean
[10.669s][info][gc,marking  ] GC(17) Concurrent Preclean 0.147ms
[10.669s][info][gc,start    ] GC(17) Pause Remark
[10.672s][info][gc          ] GC(17) Pause Remark 26M->26M(58M) 3.201ms
[10.672s][info][gc,cpu      ] GC(17) User=0.02s Sys=0.00s Real=0.00s
[10.672s][info][gc,marking  ] GC(17) Concurrent Mark 31.993ms
[10.673s][info][gc,marking  ] GC(17) Concurrent Rebuild Remembered Sets
[10.686s][info][gc,marking  ] GC(17) Concurrent Rebuild Remembered Sets 13.296ms
[10.687s][info][gc,start    ] GC(17) Pause Cleanup
[10.687s][info][gc          ] GC(17) Pause Cleanup 26M->26M(58M) 0.113ms
[10.687s][info][gc,cpu      ] GC(17) User=0.00s Sys=0.00s Real=0.00s
[10.687s][info][gc,marking  ] GC(17) Concurrent Cleanup for Next Mark
[10.687s][info][gc,marking  ] GC(17) Concurrent Cleanup for Next Mark 0.294ms
[10.687s][info][gc          ] GC(17) Concurrent Mark Cycle 48.634ms
[11.437s][info][gc,start    ] GC(18) Pause Young (Normal) (G1 Evacuation Pause)
[11.438s][info][gc,task     ] GC(18) Using 8 workers of 8 for evacuation
[11.441s][info][gc,phases   ] GC(18)   Pre Evacuate Collection Set: 0.1ms
[11.441s][info][gc,phases   ] GC(18)   Merge Heap Roots: 0.1ms
[11.441s][info][gc,phases   ] GC(18)   Evacuate Collection Set: 3.0ms
[11.441s][info][gc,phases   ] GC(18)   Post Evacuate Collection Set: 0.5ms
[11.442s][info][gc,phases   ] GC(18)   Other: 0.2ms
[11.442s][info][gc,heap     ] GC(18) Eden regions: 20->0(20)
[11.442s][info][gc,heap     ] GC(18) Survivor regions: 2->3(3)
[11.442s][info][gc,heap     ] GC(18) Old regions: 24->24
[11.442s][info][gc,heap     ] GC(18) Archive regions: 0->0
[11.442s][info][gc,heap     ] GC(18) Humongous regions: 1->1
[11.442s][info][gc,metaspace] GC(18) Metaspace: 65534K(65984K)->65534K(65984K) NonClass: 56982K(57216K)->56982K(57216K) Class: 8552K(8768K)->8552K(8768K)
[11.442s][info][gc          ] GC(18) Pause Young (Normal) (G1 Evacuation Pause) 45M->26M(58M) 4.228ms
[11.442s][info][gc,cpu      ] GC(18) User=0.03s Sys=0.00s Real=0.00s
[12.224s][info][gc,start    ] GC(19) Pause Young (Normal) (G1 Evacuation Pause)
[12.224s][info][gc,task     ] GC(19) Using 8 workers of 8 for evacuation
[12.229s][info][gc,phases   ] GC(19)   Pre Evacuate Collection Set: 0.1ms
[12.230s][info][gc,phases   ] GC(19)   Merge Heap Roots: 0.1ms
[12.230s][info][gc,phases   ] GC(19)   Evacuate Collection Set: 4.4ms
[12.230s][info][gc,phases   ] GC(19)   Post Evacuate Collection Set: 0.6ms
[12.230s][info][gc,phases   ] GC(19)   Other: 0.2ms
[12.230s][info][gc,heap     ] GC(19) Eden regions: 20->0(19)
[12.230s][info][gc,heap     ] GC(19) Survivor regions: 3->3(3)
[12.230s][info][gc,heap     ] GC(19) Old regions: 24->25
[12.230s][info][gc,heap     ] GC(19) Archive regions: 0->0
[12.230s][info][gc,heap     ] GC(19) Humongous regions: 1->1
[12.230s][info][gc,metaspace] GC(19) Metaspace: 70055K(70528K)->70055K(70528K) NonClass: 60789K(61056K)->60789K(61056K) Class: 9266K(9472K)->9266K(9472K)
[12.230s][info][gc          ] GC(19) Pause Young (Normal) (G1 Evacuation Pause) 46M->27M(58M) 5.562ms
[12.230s][info][gc,cpu      ] GC(19) User=0.00s Sys=0.03s Real=0.01s
[12.845s][info][gc,start    ] GC(20) Pause Young (Normal) (G1 Evacuation Pause)
[12.845s][info][gc,task     ] GC(20) Using 8 workers of 8 for evacuation
[12.850s][info][gc,phases   ] GC(20)   Pre Evacuate Collection Set: 0.1ms
[12.850s][info][gc,phases   ] GC(20)   Merge Heap Roots: 0.1ms
[12.850s][info][gc,phases   ] GC(20)   Evacuate Collection Set: 4.2ms
[12.850s][info][gc,phases   ] GC(20)   Post Evacuate Collection Set: 0.8ms
[12.850s][info][gc,phases   ] GC(20)   Other: 0.2ms
[12.850s][info][gc,heap     ] GC(20) Eden regions: 19->0(18)
[12.850s][info][gc,heap     ] GC(20) Survivor regions: 3->3(3)
[12.850s][info][gc,heap     ] GC(20) Old regions: 25->26
[12.850s][info][gc,heap     ] GC(20) Archive regions: 0->0
[12.850s][info][gc,heap     ] GC(20) Humongous regions: 1->1
[12.850s][info][gc,metaspace] GC(20) Metaspace: 72428K(72896K)->72428K(72896K) NonClass: 62862K(63104K)->62862K(63104K) Class: 9565K(9792K)->9565K(9792K)
[12.850s][info][gc          ] GC(20) Pause Young (Normal) (G1 Evacuation Pause) 46M->28M(58M) 5.623ms
[12.850s][info][gc,cpu      ] GC(20) User=0.06s Sys=0.00s Real=0.01s
[12.913s][info][gc,start    ] GC(21) Pause Young (Concurrent Start) (G1 Evacuation Pause)
[12.913s][info][gc,task     ] GC(21) Using 8 workers of 8 for evacuation
[12.917s][info][gc,phases   ] GC(21)   Pre Evacuate Collection Set: 0.1ms
[12.917s][info][gc,phases   ] GC(21)   Merge Heap Roots: 0.1ms
[12.917s][info][gc,phases   ] GC(21)   Evacuate Collection Set: 3.5ms
[12.917s][info][gc,phases   ] GC(21)   Post Evacuate Collection Set: 0.4ms
[12.917s][info][gc,phases   ] GC(21)   Other: 0.4ms
[12.917s][info][gc,heap     ] GC(21) Eden regions: 18->0(19)
[12.917s][info][gc,heap     ] GC(21) Survivor regions: 3->2(3)
[12.917s][info][gc,heap     ] GC(21) Old regions: 26->27
[12.917s][info][gc,heap     ] GC(21) Archive regions: 0->0
[12.917s][info][gc,heap     ] GC(21) Humongous regions: 1->1
[12.917s][info][gc,metaspace] GC(21) Metaspace: 72428K(72896K)->72428K(72896K) NonClass: 62863K(63104K)->62863K(63104K) Class: 9565K(9792K)->9565K(9792K)
[12.917s][info][gc          ] GC(21) Pause Young (Concurrent Start) (G1 Evacuation Pause) 46M->29M(58M) 4.708ms
[12.917s][info][gc,cpu      ] GC(21) User=0.00s Sys=0.00s Real=0.01s
[12.918s][info][gc          ] GC(22) Concurrent Mark Cycle
[12.918s][info][gc,marking  ] GC(22) Concurrent Clear Claimed Marks
[12.918s][info][gc,marking  ] GC(22) Concurrent Clear Claimed Marks 0.091ms
[12.918s][info][gc,marking  ] GC(22) Concurrent Scan Root Regions
[12.921s][info][gc,marking  ] GC(22) Concurrent Scan Root Regions 3.218ms
[12.921s][info][gc,marking  ] GC(22) Concurrent Mark
[12.921s][info][gc,marking  ] GC(22) Concurrent Mark From Roots
[12.921s][info][gc,task     ] GC(22) Using 2 workers of 2 for marking
[12.957s][info][gc,marking  ] GC(22) Concurrent Mark From Roots 36.196ms
[12.957s][info][gc,marking  ] GC(22) Concurrent Preclean
[12.958s][info][gc,marking  ] GC(22) Concurrent Preclean 0.238ms
[12.958s][info][gc,start    ] GC(22) Pause Remark
[12.964s][info][gc          ] GC(22) Pause Remark 34M->34M(60M) 6.200ms
[12.964s][info][gc,cpu      ] GC(22) User=0.02s Sys=0.00s Real=0.01s
[12.965s][info][gc,marking  ] GC(22) Concurrent Mark 43.821ms
[12.965s][info][gc,marking  ] GC(22) Concurrent Rebuild Remembered Sets
[12.981s][info][gc,marking  ] GC(22) Concurrent Rebuild Remembered Sets 16.183ms
[12.981s][info][gc,start    ] GC(22) Pause Cleanup
[12.982s][info][gc          ] GC(22) Pause Cleanup 40M->40M(60M) 0.121ms
[12.982s][info][gc,cpu      ] GC(22) User=0.00s Sys=0.00s Real=0.00s
[12.982s][info][gc,marking  ] GC(22) Concurrent Cleanup for Next Mark
[12.982s][info][gc,marking  ] GC(22) Concurrent Cleanup for Next Mark 0.273ms
[12.982s][info][gc          ] GC(22) Concurrent Mark Cycle 64.536ms
[13.266s][info][gc,start    ] GC(23) Pause Young (Normal) (G1 Evacuation Pause)
[13.266s][info][gc,task     ] GC(23) Using 8 workers of 8 for evacuation
[13.269s][info][gc,phases   ] GC(23)   Pre Evacuate Collection Set: 0.1ms
[13.269s][info][gc,phases   ] GC(23)   Merge Heap Roots: 0.1ms
[13.269s][info][gc,phases   ] GC(23)   Evacuate Collection Set: 2.2ms
[13.269s][info][gc,phases   ] GC(23)   Post Evacuate Collection Set: 0.5ms
[13.269s][info][gc,phases   ] GC(23)   Other: 0.2ms
[13.269s][info][gc,heap     ] GC(23) Eden regions: 19->0(21)
[13.269s][info][gc,heap     ] GC(23) Survivor regions: 2->2(3)
[13.269s][info][gc,heap     ] GC(23) Old regions: 27->27
[13.269s][info][gc,heap     ] GC(23) Archive regions: 0->0
[13.269s][info][gc,heap     ] GC(23) Humongous regions: 1->1
[13.269s][info][gc,metaspace] GC(23) Metaspace: 73040K(73536K)->73040K(73536K) NonClass: 63340K(63616K)->63340K(63616K) Class: 9699K(9920K)->9699K(9920K)
[13.269s][info][gc          ] GC(23) Pause Young (Normal) (G1 Evacuation Pause) 48M->29M(60M) 3.287ms
[13.269s][info][gc,cpu      ] GC(23) User=0.00s Sys=0.00s Real=0.00s
[13.922s][info][gc,start    ] GC(24) Pause Young (Concurrent Start) (G1 Evacuation Pause)
[13.922s][info][gc,task     ] GC(24) Using 8 workers of 8 for evacuation
[13.927s][info][gc,phases   ] GC(24)   Pre Evacuate Collection Set: 0.1ms
[13.927s][info][gc,phases   ] GC(24)   Merge Heap Roots: 0.4ms
[13.927s][info][gc,phases   ] GC(24)   Evacuate Collection Set: 4.3ms
[13.927s][info][gc,phases   ] GC(24)   Post Evacuate Collection Set: 0.6ms
[13.927s][info][gc,phases   ] GC(24)   Other: 0.3ms
[13.927s][info][gc,heap     ] GC(24) Eden regions: 21->0(19)
[13.927s][info][gc,heap     ] GC(24) Survivor regions: 2->2(3)
[13.927s][info][gc,heap     ] GC(24) Old regions: 27->29
[13.927s][info][gc,heap     ] GC(24) Archive regions: 0->0
[13.927s][info][gc,heap     ] GC(24) Humongous regions: 1->1
[13.927s][info][gc,metaspace] GC(24) Metaspace: 74517K(75008K)->74517K(75008K) NonClass: 64615K(64896K)->64615K(64896K) Class: 9902K(10112K)->9902K(10112K)
[13.927s][info][gc          ] GC(24) Pause Young (Concurrent Start) (G1 Evacuation Pause) 50M->30M(60M) 5.913ms
[13.927s][info][gc,cpu      ] GC(24) User=0.03s Sys=0.00s Real=0.01s
[13.928s][info][gc          ] GC(25) Concurrent Mark Cycle
[13.928s][info][gc,marking  ] GC(25) Concurrent Clear Claimed Marks
[13.928s][info][gc,marking  ] GC(25) Concurrent Clear Claimed Marks 0.090ms
[13.928s][info][gc,marking  ] GC(25) Concurrent Scan Root Regions
[13.931s][info][gc,marking  ] GC(25) Concurrent Scan Root Regions 3.411ms
[13.931s][info][gc,marking  ] GC(25) Concurrent Mark
[13.931s][info][gc,marking  ] GC(25) Concurrent Mark From Roots
[13.931s][info][gc,task     ] GC(25) Using 2 workers of 2 for marking
[13.967s][info][gc,marking  ] GC(25) Concurrent Mark From Roots 36.270ms
[13.968s][info][gc,marking  ] GC(25) Concurrent Preclean
[13.968s][info][gc,marking  ] GC(25) Concurrent Preclean 0.300ms
[13.968s][info][gc,start    ] GC(25) Pause Remark
[13.972s][info][gc          ] GC(25) Pause Remark 30M->30M(60M) 4.162ms
[13.972s][info][gc,cpu      ] GC(25) User=0.06s Sys=0.00s Real=0.00s
[13.972s][info][gc,marking  ] GC(25) Concurrent Mark 41.224ms
[13.972s][info][gc,marking  ] GC(25) Concurrent Rebuild Remembered Sets
[13.990s][info][gc,marking  ] GC(25) Concurrent Rebuild Remembered Sets 17.378ms
[13.990s][info][gc,start    ] GC(25) Pause Cleanup
[13.991s][info][gc          ] GC(25) Pause Cleanup 30M->30M(60M) 0.143ms
[13.991s][info][gc,cpu      ] GC(25) User=0.00s Sys=0.00s Real=0.00s
[13.991s][info][gc,marking  ] GC(25) Concurrent Cleanup for Next Mark
[13.991s][info][gc,marking  ] GC(25) Concurrent Cleanup for Next Mark 0.155ms
[13.991s][info][gc          ] GC(25) Concurrent Mark Cycle 63.263ms
[15.121s][info][gc,start    ] GC(26) Pause Young (Normal) (G1 Evacuation Pause)
[15.121s][info][gc,task     ] GC(26) Using 8 workers of 8 for evacuation
[15.128s][info][gc,phases   ] GC(26)   Pre Evacuate Collection Set: 0.1ms
[15.128s][info][gc,phases   ] GC(26)   Merge Heap Roots: 0.1ms
[15.128s][info][gc,phases   ] GC(26)   Evacuate Collection Set: 5.4ms
[15.128s][info][gc,phases   ] GC(26)   Post Evacuate Collection Set: 1.1ms
[15.128s][info][gc,phases   ] GC(26)   Other: 0.3ms
[15.128s][info][gc,heap     ] GC(26) Eden regions: 19->0(15)
[15.128s][info][gc,heap     ] GC(26) Survivor regions: 2->3(3)
[15.128s][info][gc,heap     ] GC(26) Old regions: 29->30
[15.128s][info][gc,heap     ] GC(26) Archive regions: 0->0
[15.128s][info][gc,heap     ] GC(26) Humongous regions: 1->1
[15.129s][info][gc,metaspace] GC(26) Metaspace: 78999K(79488K)->78999K(79488K) NonClass: 68502K(68736K)->68502K(68736K) Class: 10497K(10752K)->10497K(10752K)
[15.129s][info][gc          ] GC(26) Pause Young (Normal) (G1 Evacuation Pause) 49M->33M(60M) 7.513ms
[15.129s][info][gc,cpu      ] GC(26) User=0.03s Sys=0.00s Real=0.01s
[15.855s][info][gc,start    ] GC(27) Pause Young (Concurrent Start) (G1 Evacuation Pause)
[15.856s][info][gc,task     ] GC(27) Using 8 workers of 8 for evacuation
[15.862s][info][gc,phases   ] GC(27)   Pre Evacuate Collection Set: 0.1ms
[15.862s][info][gc,phases   ] GC(27)   Merge Heap Roots: 0.1ms
[15.862s][info][gc,phases   ] GC(27)   Evacuate Collection Set: 5.1ms
[15.862s][info][gc,phases   ] GC(27)   Post Evacuate Collection Set: 0.6ms
[15.862s][info][gc,phases   ] GC(27)   Other: 0.2ms
[15.862s][info][gc,heap     ] GC(27) Eden regions: 15->0(12)
[15.862s][info][gc,heap     ] GC(27) Survivor regions: 3->3(3)
[15.862s][info][gc,heap     ] GC(27) Old regions: 30->33
[15.862s][info][gc,heap     ] GC(27) Archive regions: 0->0
[15.862s][info][gc,heap     ] GC(27) Humongous regions: 1->1
[15.862s][info][gc,metaspace] GC(27) Metaspace: 82957K(83520K)->82957K(83520K) NonClass: 72006K(72256K)->72006K(72256K) Class: 10951K(11264K)->10951K(11264K)
[15.862s][info][gc          ] GC(27) Pause Young (Concurrent Start) (G1 Evacuation Pause) 48M->35M(60M) 6.412ms
[15.862s][info][gc,cpu      ] GC(27) User=0.02s Sys=0.00s Real=0.01s
[15.862s][info][gc          ] GC(28) Concurrent Mark Cycle
[15.862s][info][gc,marking  ] GC(28) Concurrent Clear Claimed Marks
[15.862s][info][gc,marking  ] GC(28) Concurrent Clear Claimed Marks 0.115ms
[15.862s][info][gc,marking  ] GC(28) Concurrent Scan Root Regions
[15.867s][info][gc,marking  ] GC(28) Concurrent Scan Root Regions 4.520ms
[15.867s][info][gc,marking  ] GC(28) Concurrent Mark
[15.867s][info][gc,marking  ] GC(28) Concurrent Mark From Roots
[15.867s][info][gc,task     ] GC(28) Using 2 workers of 2 for marking
[15.906s][info][gc,marking  ] GC(28) Concurrent Mark From Roots 39.467ms
[15.906s][info][gc,marking  ] GC(28) Concurrent Preclean
[15.906s][info][gc,marking  ] GC(28) Concurrent Preclean 0.147ms
[15.907s][info][gc,start    ] GC(28) Pause Remark
[15.911s][info][gc          ] GC(28) Pause Remark 36M->36M(64M) 4.657ms
[15.911s][info][gc,cpu      ] GC(28) User=0.05s Sys=0.02s Real=0.01s
[15.912s][info][gc,marking  ] GC(28) Concurrent Mark 45.166ms
[15.912s][info][gc,marking  ] GC(28) Concurrent Rebuild Remembered Sets
[15.932s][info][gc,marking  ] GC(28) Concurrent Rebuild Remembered Sets 20.307ms
[15.932s][info][gc,start    ] GC(28) Pause Cleanup
[15.933s][info][gc          ] GC(28) Pause Cleanup 37M->37M(64M) 0.128ms
[15.933s][info][gc,cpu      ] GC(28) User=0.00s Sys=0.00s Real=0.00s
[15.933s][info][gc,marking  ] GC(28) Concurrent Cleanup for Next Mark
[15.933s][info][gc,marking  ] GC(28) Concurrent Cleanup for Next Mark 0.312ms
[15.933s][info][gc          ] GC(28) Concurrent Mark Cycle 71.111ms
[16.130s][info][gc,start    ] GC(29) Pause Young (Normal) (G1 Evacuation Pause)
[16.130s][info][gc,task     ] GC(29) Using 8 workers of 8 for evacuation
[16.133s][info][gc,phases   ] GC(29)   Pre Evacuate Collection Set: 0.1ms
[16.133s][info][gc,phases   ] GC(29)   Merge Heap Roots: 0.1ms
[16.133s][info][gc,phases   ] GC(29)   Evacuate Collection Set: 2.8ms
[16.133s][info][gc,phases   ] GC(29)   Post Evacuate Collection Set: 0.5ms
[16.133s][info][gc,phases   ] GC(29)   Other: 0.2ms
[16.133s][info][gc,heap     ] GC(29) Eden regions: 12->0(14)
[16.133s][info][gc,heap     ] GC(29) Survivor regions: 3->2(2)
[16.133s][info][gc,heap     ] GC(29) Old regions: 33->35
[16.133s][info][gc,heap     ] GC(29) Archive regions: 0->0
[16.133s][info][gc,heap     ] GC(29) Humongous regions: 1->1
[16.133s][info][gc,metaspace] GC(29) Metaspace: 83912K(84544K)->83912K(84544K) NonClass: 72828K(73152K)->72828K(73152K) Class: 11084K(11392K)->11084K(11392K)
[16.133s][info][gc          ] GC(29) Pause Young (Normal) (G1 Evacuation Pause) 47M->36M(64M) 3.841ms
[16.133s][info][gc,cpu      ] GC(29) User=0.02s Sys=0.00s Real=0.00s
[16.556s][info][gc,start    ] GC(30) Pause Young (Concurrent Start) (G1 Evacuation Pause)
[16.557s][info][gc,task     ] GC(30) Using 8 workers of 8 for evacuation
[16.560s][info][gc,phases   ] GC(30)   Pre Evacuate Collection Set: 0.1ms
[16.560s][info][gc,phases   ] GC(30)   Merge Heap Roots: 0.1ms
[16.560s][info][gc,phases   ] GC(30)   Evacuate Collection Set: 2.5ms
[16.560s][info][gc,phases   ] GC(30)   Post Evacuate Collection Set: 0.4ms
[16.560s][info][gc,phases   ] GC(30)   Other: 0.2ms
[16.560s][info][gc,heap     ] GC(30) Eden regions: 14->0(14)
[16.560s][info][gc,heap     ] GC(30) Survivor regions: 2->2(2)
[16.560s][info][gc,heap     ] GC(30) Old regions: 35->35
[16.560s][info][gc,heap     ] GC(30) Archive regions: 0->0
[16.560s][info][gc,heap     ] GC(30) Humongous regions: 1->1
[16.560s][info][gc,metaspace] GC(30) Metaspace: 85359K(85952K)->85359K(85952K) NonClass: 74079K(74368K)->74079K(74368K) Class: 11279K(11584K)->11279K(11584K)
[16.560s][info][gc          ] GC(30) Pause Young (Concurrent Start) (G1 Evacuation Pause) 50M->37M(64M) 3.455ms
[16.560s][info][gc,cpu      ] GC(30) User=0.00s Sys=0.00s Real=0.00s
[16.560s][info][gc          ] GC(31) Concurrent Mark Cycle
[16.560s][info][gc,marking  ] GC(31) Concurrent Clear Claimed Marks
[16.560s][info][gc,marking  ] GC(31) Concurrent Clear Claimed Marks 0.051ms
[16.560s][info][gc,marking  ] GC(31) Concurrent Scan Root Regions
[16.563s][info][gc,marking  ] GC(31) Concurrent Scan Root Regions 3.345ms
[16.563s][info][gc,marking  ] GC(31) Concurrent Mark
[16.563s][info][gc,marking  ] GC(31) Concurrent Mark From Roots
[16.564s][info][gc,task     ] GC(31) Using 2 workers of 2 for marking
[16.609s][info][gc,marking  ] GC(31) Concurrent Mark From Roots 45.066ms
[16.609s][info][gc,marking  ] GC(31) Concurrent Preclean
[16.609s][info][gc,marking  ] GC(31) Concurrent Preclean 0.224ms
[16.609s][info][gc,start    ] GC(31) Pause Remark
[16.613s][info][gc          ] GC(31) Pause Remark 39M->39M(67M) 4.159ms
[16.613s][info][gc,cpu      ] GC(31) User=0.00s Sys=0.00s Real=0.00s
[16.613s][info][gc,marking  ] GC(31) Concurrent Mark 49.835ms
[16.613s][info][gc,marking  ] GC(31) Concurrent Rebuild Remembered Sets
[16.635s][info][gc,marking  ] GC(31) Concurrent Rebuild Remembered Sets 21.302ms
[16.635s][info][gc,start    ] GC(31) Pause Cleanup
[16.635s][info][gc          ] GC(31) Pause Cleanup 39M->39M(67M) 0.129ms
[16.635s][info][gc,cpu      ] GC(31) User=0.00s Sys=0.00s Real=0.00s
[16.635s][info][gc,marking  ] GC(31) Concurrent Cleanup for Next Mark
[16.635s][info][gc,marking  ] GC(31) Concurrent Cleanup for Next Mark 0.340ms
[16.635s][info][gc          ] GC(31) Concurrent Mark Cycle 75.422ms
[17.120s][info][gc,start    ] GC(32) Pause Young (Normal) (G1 Evacuation Pause)
[17.121s][info][gc,task     ] GC(32) Using 8 workers of 8 for evacuation
[17.125s][info][gc,phases   ] GC(32)   Pre Evacuate Collection Set: 0.1ms
[17.125s][info][gc,phases   ] GC(32)   Merge Heap Roots: 0.1ms
[17.125s][info][gc,phases   ] GC(32)   Evacuate Collection Set: 3.4ms
[17.125s][info][gc,phases   ] GC(32)   Post Evacuate Collection Set: 0.5ms
[17.125s][info][gc,phases   ] GC(32)   Other: 0.3ms
[17.125s][info][gc,heap     ] GC(32) Eden regions: 14->0(15)
[17.125s][info][gc,heap     ] GC(32) Survivor regions: 2->2(2)
[17.125s][info][gc,heap     ] GC(32) Old regions: 35->37
[17.125s][info][gc,heap     ] GC(32) Archive regions: 0->0
[17.125s][info][gc,heap     ] GC(32) Humongous regions: 1->1
[17.125s][info][gc,metaspace] GC(32) Metaspace: 86945K(87488K)->86945K(87488K) NonClass: 75469K(75712K)->75469K(75712K) Class: 11476K(11776K)->11476K(11776K)
[17.125s][info][gc          ] GC(32) Pause Young (Normal) (G1 Evacuation Pause) 51M->38M(67M) 4.609ms
[17.125s][info][gc,cpu      ] GC(32) User=0.02s Sys=0.00s Real=0.01s
[17.761s][info][gc,start    ] GC(33) Pause Young (Concurrent Start) (G1 Evacuation Pause)
[17.761s][info][gc,task     ] GC(33) Using 8 workers of 8 for evacuation
[17.766s][info][gc,phases   ] GC(33)   Pre Evacuate Collection Set: 0.2ms
[17.766s][info][gc,phases   ] GC(33)   Merge Heap Roots: 0.1ms
[17.766s][info][gc,phases   ] GC(33)   Evacuate Collection Set: 4.2ms
[17.766s][info][gc,phases   ] GC(33)   Post Evacuate Collection Set: 0.7ms
[17.766s][info][gc,phases   ] GC(33)   Other: 0.3ms
[17.766s][info][gc,heap     ] GC(33) Eden regions: 15->0(14)
[17.766s][info][gc,heap     ] GC(33) Survivor regions: 2->3(3)
[17.766s][info][gc,heap     ] GC(33) Old regions: 37->37
[17.766s][info][gc,heap     ] GC(33) Archive regions: 0->0
[17.766s][info][gc,heap     ] GC(33) Humongous regions: 1->1
[17.766s][info][gc,metaspace] GC(33) Metaspace: 88324K(88832K)->88324K(88832K) NonClass: 76602K(76864K)->76602K(76864K) Class: 11721K(11968K)->11721K(11968K)
[17.766s][info][gc          ] GC(33) Pause Young (Concurrent Start) (G1 Evacuation Pause) 53M->40M(67M) 5.698ms
[17.766s][info][gc,cpu      ] GC(33) User=0.02s Sys=0.00s Real=0.01s
[17.766s][info][gc          ] GC(34) Concurrent Mark Cycle
[17.766s][info][gc,marking  ] GC(34) Concurrent Clear Claimed Marks
[17.766s][info][gc,marking  ] GC(34) Concurrent Clear Claimed Marks 0.077ms
[17.766s][info][gc,marking  ] GC(34) Concurrent Scan Root Regions
[17.772s][info][gc,marking  ] GC(34) Concurrent Scan Root Regions 5.522ms
[17.772s][info][gc,marking  ] GC(34) Concurrent Mark
[17.772s][info][gc,marking  ] GC(34) Concurrent Mark From Roots
[17.772s][info][gc,task     ] GC(34) Using 2 workers of 2 for marking
[17.822s][info][gc,marking  ] GC(34) Concurrent Mark From Roots 49.993ms
[17.822s][info][gc,marking  ] GC(34) Concurrent Preclean
[17.822s][info][gc,marking  ] GC(34) Concurrent Preclean 0.281ms
[17.823s][info][gc,start    ] GC(34) Pause Remark
[17.827s][info][gc          ] GC(34) Pause Remark 45M->45M(79M) 4.408ms
[17.828s][info][gc,cpu      ] GC(34) User=0.00s Sys=0.00s Real=0.00s
[17.828s][info][gc,marking  ] GC(34) Concurrent Mark 55.592ms
[17.828s][info][gc,marking  ] GC(34) Concurrent Rebuild Remembered Sets
[17.852s][info][gc,marking  ] GC(34) Concurrent Rebuild Remembered Sets 24.407ms
[17.852s][info][gc,start    ] GC(34) Pause Cleanup
[17.852s][info][gc          ] GC(34) Pause Cleanup 46M->46M(79M) 0.109ms
[17.852s][info][gc,cpu      ] GC(34) User=0.00s Sys=0.00s Real=0.00s
[17.853s][info][gc,marking  ] GC(34) Concurrent Cleanup for Next Mark
[17.853s][info][gc,marking  ] GC(34) Concurrent Cleanup for Next Mark 0.195ms
[17.853s][info][gc          ] GC(34) Concurrent Mark Cycle 86.407ms
[17.975s][info][gc,start    ] GC(35) Pause Young (Prepare Mixed) (G1 Evacuation Pause)
[17.975s][info][gc,task     ] GC(35) Using 8 workers of 8 for evacuation
[17.981s][info][gc,phases   ] GC(35)   Pre Evacuate Collection Set: 0.1ms
[17.981s][info][gc,phases   ] GC(35)   Merge Heap Roots: 0.1ms
[17.981s][info][gc,phases   ] GC(35)   Evacuate Collection Set: 4.3ms
[17.981s][info][gc,phases   ] GC(35)   Post Evacuate Collection Set: 0.6ms
[17.981s][info][gc,phases   ] GC(35)   Other: 0.2ms
[17.981s][info][gc,heap     ] GC(35) Eden regions: 14->0(1)
[17.981s][info][gc,heap     ] GC(35) Survivor regions: 3->3(3)
[17.981s][info][gc,heap     ] GC(35) Old regions: 37->38
[17.981s][info][gc,heap     ] GC(35) Archive regions: 0->0
[17.981s][info][gc,heap     ] GC(35) Humongous regions: 1->1
[17.981s][info][gc,metaspace] GC(35) Metaspace: 88904K(89472K)->88904K(89472K) NonClass: 77109K(77440K)->77109K(77440K) Class: 11794K(12032K)->11794K(12032K)
[17.981s][info][gc          ] GC(35) Pause Young (Prepare Mixed) (G1 Evacuation Pause) 54M->41M(79M) 5.656ms
[17.981s][info][gc,cpu      ] GC(35) User=0.00s Sys=0.00s Real=0.01s
[18.007s][info][gc,start    ] GC(36) Pause Young (Mixed) (G1 Evacuation Pause)
[18.007s][info][gc,task     ] GC(36) Using 8 workers of 8 for evacuation
[18.012s][info][gc,phases   ] GC(36)   Pre Evacuate Collection Set: 0.2ms
[18.012s][info][gc,phases   ] GC(36)   Merge Heap Roots: 0.1ms
[18.012s][info][gc,phases   ] GC(36)   Evacuate Collection Set: 3.5ms
[18.012s][info][gc,phases   ] GC(36)   Post Evacuate Collection Set: 1.3ms
[18.012s][info][gc,phases   ] GC(36)   Other: 0.2ms
[18.012s][info][gc,heap     ] GC(36) Eden regions: 1->0(22)
[18.012s][info][gc,heap     ] GC(36) Survivor regions: 3->1(1)
[18.012s][info][gc,heap     ] GC(36) Old regions: 38->40
[18.013s][info][gc,heap     ] GC(36) Archive regions: 0->0
[18.013s][info][gc,heap     ] GC(36) Humongous regions: 1->1
[18.013s][info][gc,metaspace] GC(36) Metaspace: 88934K(89472K)->88934K(89472K) NonClass: 77137K(77440K)->77137K(77440K) Class: 11797K(12032K)->11797K(12032K)
[18.013s][info][gc          ] GC(36) Pause Young (Mixed) (G1 Evacuation Pause) 42M->40M(79M) 6.070ms
[18.013s][info][gc,cpu      ] GC(36) User=0.00s Sys=0.00s Real=0.00s
[65.052s][info][gc,start    ] GC(37) Pause Young (Concurrent Start) (G1 Evacuation Pause)
[65.052s][info][gc,task     ] GC(37) Using 8 workers of 8 for evacuation
[65.086s][info][gc,phases   ] GC(37)   Pre Evacuate Collection Set: 2.6ms
[65.087s][info][gc,phases   ] GC(37)   Merge Heap Roots: 0.2ms
[65.087s][info][gc,phases   ] GC(37)   Evacuate Collection Set: 30.4ms
[65.087s][info][gc,phases   ] GC(37)   Post Evacuate Collection Set: 0.9ms
[65.087s][info][gc,phases   ] GC(37)   Other: 0.4ms
[65.087s][info][gc,heap     ] GC(37) Eden regions: 22->0(21)
[65.087s][info][gc,heap     ] GC(37) Survivor regions: 1->3(3)
[65.087s][info][gc,heap     ] GC(37) Old regions: 40->40
[65.087s][info][gc,heap     ] GC(37) Archive regions: 0->0
[65.087s][info][gc,heap     ] GC(37) Humongous regions: 1->1
[65.087s][info][gc,metaspace] GC(37) Metaspace: 95831K(96448K)->95831K(96448K) NonClass: 83126K(83456K)->83126K(83456K) Class: 12704K(12992K)->12704K(12992K)
[65.087s][info][gc          ] GC(37) Pause Young (Concurrent Start) (G1 Evacuation Pause) 62M->42M(79M) 35.286ms
[65.087s][info][gc,cpu      ] GC(37) User=0.02s Sys=0.05s Real=0.04s
[65.088s][info][gc          ] GC(38) Concurrent Mark Cycle
[65.088s][info][gc,marking  ] GC(38) Concurrent Clear Claimed Marks
[65.088s][info][gc,marking  ] GC(38) Concurrent Clear Claimed Marks 0.126ms
[65.088s][info][gc,marking  ] GC(38) Concurrent Scan Root Regions
[65.104s][info][gc,marking  ] GC(38) Concurrent Scan Root Regions 16.180ms
[65.104s][info][gc,marking  ] GC(38) Concurrent Mark
[65.104s][info][gc,marking  ] GC(38) Concurrent Mark From Roots
[65.104s][info][gc,task     ] GC(38) Using 2 workers of 2 for marking
[65.200s][info][gc,marking  ] GC(38) Concurrent Mark From Roots 96.043ms
[65.200s][info][gc,marking  ] GC(38) Concurrent Preclean
[65.200s][info][gc,marking  ] GC(38) Concurrent Preclean 0.189ms
[65.218s][info][gc,start    ] GC(38) Pause Remark
[65.227s][info][gc          ] GC(38) Pause Remark 47M->47M(82M) 8.307ms
[65.227s][info][gc,cpu      ] GC(38) User=0.03s Sys=0.00s Real=0.01s
[65.247s][info][gc,marking  ] GC(38) Concurrent Mark 143.025ms
[65.247s][info][gc,marking  ] GC(38) Concurrent Rebuild Remembered Sets
[65.274s][info][gc,marking  ] GC(38) Concurrent Rebuild Remembered Sets 26.588ms
[65.274s][info][gc,start    ] GC(38) Pause Cleanup
[65.274s][info][gc          ] GC(38) Pause Cleanup 47M->47M(82M) 0.186ms
[65.274s][info][gc,cpu      ] GC(38) User=0.00s Sys=0.00s Real=0.00s
[65.275s][info][gc,marking  ] GC(38) Concurrent Cleanup for Next Mark
[65.275s][info][gc,marking  ] GC(38) Concurrent Cleanup for Next Mark 0.401ms
[65.275s][info][gc          ] GC(38) Concurrent Mark Cycle 187.681ms
[66.581s][info][gc,start    ] GC(39) Pause Young (Prepare Mixed) (G1 Evacuation Pause)
[66.582s][info][gc,task     ] GC(39) Using 8 workers of 8 for evacuation
[66.597s][info][gc,phases   ] GC(39)   Pre Evacuate Collection Set: 0.1ms
[66.597s][info][gc,phases   ] GC(39)   Merge Heap Roots: 0.1ms
[66.597s][info][gc,phases   ] GC(39)   Evacuate Collection Set: 15.0ms
[66.597s][info][gc,phases   ] GC(39)   Post Evacuate Collection Set: 0.5ms
[66.597s][info][gc,phases   ] GC(39)   Other: 0.2ms
[66.597s][info][gc,heap     ] GC(39) Eden regions: 21->0(1)
[66.597s][info][gc,heap     ] GC(39) Survivor regions: 3->3(3)
[66.597s][info][gc,heap     ] GC(39) Old regions: 40->42
[66.597s][info][gc,heap     ] GC(39) Archive regions: 0->0
[66.597s][info][gc,heap     ] GC(39) Humongous regions: 1->1
[66.597s][info][gc,metaspace] GC(39) Metaspace: 100119K(100736K)->100119K(100736K) NonClass: 86894K(87232K)->86894K(87232K) Class: 13225K(13504K)->13225K(13504K)
[66.598s][info][gc          ] GC(39) Pause Young (Prepare Mixed) (G1 Evacuation Pause) 63M->45M(82M) 16.070ms
[66.598s][info][gc,cpu      ] GC(39) User=0.02s Sys=0.00s Real=0.02s
[66.687s][info][gc,start    ] GC(40) Pause Young (Mixed) (G1 Evacuation Pause)
[66.687s][info][gc,task     ] GC(40) Using 8 workers of 8 for evacuation
[66.708s][info][gc,phases   ] GC(40)   Pre Evacuate Collection Set: 0.1ms
[66.708s][info][gc,phases   ] GC(40)   Merge Heap Roots: 0.1ms
[66.708s][info][gc,phases   ] GC(40)   Evacuate Collection Set: 19.2ms
[66.708s][info][gc,phases   ] GC(40)   Post Evacuate Collection Set: 1.9ms
[66.709s][info][gc,phases   ] GC(40)   Other: 0.2ms
[66.709s][info][gc,heap     ] GC(40) Eden regions: 1->0(53)
[66.709s][info][gc,heap     ] GC(40) Survivor regions: 3->1(1)
[66.709s][info][gc,heap     ] GC(40) Old regions: 42->44
[66.709s][info][gc,heap     ] GC(40) Archive regions: 0->0
[66.709s][info][gc,heap     ] GC(40) Humongous regions: 1->1
[66.709s][info][gc,metaspace] GC(40) Metaspace: 100392K(100928K)->100392K(100928K) NonClass: 87133K(87424K)->87133K(87424K) Class: 13259K(13504K)->13259K(13504K)
[66.709s][info][gc          ] GC(40) Pause Young (Mixed) (G1 Evacuation Pause) 46M->44M(133M) 21.721ms
[66.709s][info][gc,cpu      ] GC(40) User=0.00s Sys=0.00s Real=0.02s
