[0.009s][info][gc] Using G1
[0.010s][info][gc,init] Version: 17.0.8.1+1 (release)
[0.010s][info][gc,init] CPUs: 8 total, 8 available
[0.010s][info][gc,init] Memory: 7975M
[0.010s][info][gc,init] Large Page Support: Disabled
[0.010s][info][gc,init] NUMA Support: Disabled
[0.010s][info][gc,init] Compressed Oops: Enabled (32-bit)
[0.010s][info][gc,init] Heap Region Size: 1M
[0.010s][info][gc,init] Heap Min Capacity: 8M
[0.010s][info][gc,init] Heap Initial Capacity: 126M
[0.011s][info][gc,init] Heap Max Capacity: 1994M
[0.011s][info][gc,init] Pre-touch: Disabled
[0.011s][info][gc,init] Parallel Workers: 8
[0.011s][info][gc,init] Concurrent Workers: 2
[0.011s][info][gc,init] Concurrent Refinement Workers: 8
[0.011s][info][gc,init] Periodic GC: Disabled
[0.011s][info][gc,metaspace] CDS archive(s) not mapped
[0.011s][info][gc,metaspace] Compressed class space mapped at: 0x0000000100000000-0x0000000140000000, reserved size: 1073741824
[0.011s][info][gc,metaspace] Narrow klass base: 0x0000000000000000, Narrow klass shift: 3, Narrow klass range: 0x140000000
[0.620s][info][gc,start    ] GC(0) Pause Young (Normal) (G1 Evacuation Pause)
[0.620s][info][gc,task     ] GC(0) Using 3 workers of 8 for evacuation
[0.625s][info][gc,phases   ] GC(0)   Pre Evacuate Collection Set: 0.1ms
[0.625s][info][gc,phases   ] GC(0)   Merge Heap Roots: 0.1ms
[0.625s][info][gc,phases   ] GC(0)   Evacuate Collection Set: 3.2ms
[0.625s][info][gc,phases   ] GC(0)   Post Evacuate Collection Set: 0.9ms
[0.625s][info][gc,phases   ] GC(0)   Other: 0.2ms
[0.625s][info][gc,heap     ] GC(0) Eden regions: 23->0(26)
[0.625s][info][gc,heap     ] GC(0) Survivor regions: 0->3(3)
[0.625s][info][gc,heap     ] GC(0) Old regions: 0->5
[0.625s][info][gc,heap     ] GC(0) Archive regions: 0->0
[0.625s][info][gc,heap     ] GC(0) Humongous regions: 1->1
[0.625s][info][gc,metaspace] GC(0) Metaspace: 13723K(13888K)->13723K(13888K) NonClass: 12273K(12352K)->12273K(12352K) Class: 1449K(1536K)->1449K(1536K)
[0.625s][info][gc          ] GC(0) Pause Young (Normal) (G1 Evacuation Pause) 24M->8M(126M) 4.614ms
[0.625s][info][gc,cpu      ] GC(0) User=0.02s Sys=0.00s Real=0.00s
[0.993s][info][gc,start    ] GC(1) Pause Young (Normal) (G1 Evacuation Pause)
[0.993s][info][gc,task     ] GC(1) Using 4 workers of 8 for evacuation
[0.998s][info][gc,phases   ] GC(1)   Pre Evacuate Collection Set: 0.0ms
[0.998s][info][gc,phases   ] GC(1)   Merge Heap Roots: 0.0ms
[0.998s][info][gc,phases   ] GC(1)   Evacuate Collection Set: 4.0ms
[0.998s][info][gc,phases   ] GC(1)   Post Evacuate Collection Set: 0.6ms
[0.998s][info][gc,phases   ] GC(1)   Other: 0.1ms
[0.998s][info][gc,heap     ] GC(1) Eden regions: 26->0(64)
[0.998s][info][gc,heap     ] GC(1) Survivor regions: 3->3(4)
[0.998s][info][gc,heap     ] GC(1) Old regions: 5->8
[0.998s][info][gc,heap     ] GC(1) Archive regions: 0->0
[0.998s][info][gc,heap     ] GC(1) Humongous regions: 1->1
[0.998s][info][gc,metaspace] GC(1) Metaspace: 21093K(21312K)->21093K(21312K) NonClass: 18623K(18752K)->18623K(18752K) Class: 2470K(2560K)->2470K(2560K)
[0.998s][info][gc          ] GC(1) Pause Young (Normal) (G1 Evacuation Pause) 34M->10M(126M) 4.849ms
[0.998s][info][gc,cpu      ] GC(1) User=0.00s Sys=0.00s Real=0.01s
[1.013s][info][gc,start    ] GC(2) Pause Young (Concurrent Start) (Metadata GC Threshold)
[1.013s][info][gc,task     ] GC(2) Using 4 workers of 8 for evacuation
[1.015s][info][gc,phases   ] GC(2)   Pre Evacuate Collection Set: 0.1ms
[1.015s][info][gc,phases   ] GC(2)   Merge Heap Roots: 0.0ms
[1.015s][info][gc,phases   ] GC(2)   Evacuate Collection Set: 2.0ms
[1.015s][info][gc,phases   ] GC(2)   Post Evacuate Collection Set: 0.2ms
[1.015s][info][gc,phases   ] GC(2)   Other: 0.2ms
[1.015s][info][gc,heap     ] GC(2) Eden regions: 2->0(70)
[1.015s][info][gc,heap     ] GC(2) Survivor regions: 3->3(9)
[1.015s][info][gc,heap     ] GC(2) Old regions: 8->8
[1.015s][info][gc,heap     ] GC(2) Archive regions: 0->0
[1.015s][info][gc,heap     ] GC(2) Humongous regions: 1->1
[1.015s][info][gc,metaspace] GC(2) Metaspace: 21280K(21504K)->21280K(21504K) NonClass: 18777K(18880K)->18777K(18880K) Class: 2502K(2624K)->2502K(2624K)
[1.015s][info][gc          ] GC(2) Pause Young (Concurrent Start) (Metadata GC Threshold) 12M->10M(126M) 2.689ms
[1.015s][info][gc,cpu      ] GC(2) User=0.00s Sys=0.00s Real=0.00s
[1.015s][info][gc          ] GC(3) Concurrent Mark Cycle
[1.015s][info][gc,marking  ] GC(3) Concurrent Clear Claimed Marks
[1.015s][info][gc,marking  ] GC(3) Concurrent Clear Claimed Marks 0.019ms
[1.015s][info][gc,marking  ] GC(3) Concurrent Scan Root Regions
[1.017s][info][gc,marking  ] GC(3) Concurrent Scan Root Regions 1.994ms
[1.017s][info][gc,marking  ] GC(3) Concurrent Mark
[1.017s][info][gc,marking  ] GC(3) Concurrent Mark From Roots
[1.017s][info][gc,task     ] GC(3) Using 2 workers of 2 for marking
[1.020s][info][gc,marking  ] GC(3) Concurrent Mark From Roots 2.700ms
[1.020s][info][gc,marking  ] GC(3) Concurrent Preclean
[1.020s][info][gc,marking  ] GC(3) Concurrent Preclean 0.046ms
[1.020s][info][gc,start    ] GC(3) Pause Remark
[1.021s][info][gc          ] GC(3) Pause Remark 11M->11M(44M) 0.944ms
[1.021s][info][gc,cpu      ] GC(3) User=0.00s Sys=0.00s Real=0.00s
[1.021s][info][gc,marking  ] GC(3) Concurrent Mark 3.950ms
[1.021s][info][gc,marking  ] GC(3) Concurrent Rebuild Remembered Sets
[1.023s][info][gc,marking  ] GC(3) Concurrent Rebuild Remembered Sets 1.332ms
[1.025s][info][gc,start    ] GC(3) Pause Cleanup
[1.025s][info][gc          ] GC(3) Pause Cleanup 11M->11M(44M) 0.095ms
[1.025s][info][gc,cpu      ] GC(3) User=0.00s Sys=0.00s Real=0.00s
[1.025s][info][gc,marking  ] GC(3) Concurrent Cleanup for Next Mark
[1.025s][info][gc,marking  ] GC(3) Concurrent Cleanup for Next Mark 0.403ms
[1.025s][info][gc          ] GC(3) Concurrent Mark Cycle 9.854ms
[1.359s][info][gc,start    ] GC(4) Pause Young (Prepare Mixed) (G1 Preventive Collection)
[1.359s][info][gc,task     ] GC(4) Using 4 workers of 8 for evacuation
[1.365s][info][gc,phases   ] GC(4)   Pre Evacuate Collection Set: 0.1ms
[1.366s][info][gc,phases   ] GC(4)   Merge Heap Roots: 0.1ms
[1.366s][info][gc,phases   ] GC(4)   Evacuate Collection Set: 5.5ms
[1.366s][info][gc,phases   ] GC(4)   Post Evacuate Collection Set: 0.6ms
[1.366s][info][gc,phases   ] GC(4)   Other: 0.3ms
[1.366s][info][gc,heap     ] GC(4) Eden regions: 22->0(1)
[1.366s][info][gc,heap     ] GC(4) Survivor regions: 3->3(4)
[1.366s][info][gc,heap     ] GC(4) Old regions: 8->11
[1.366s][info][gc,heap     ] GC(4) Archive regions: 0->0
[1.366s][info][gc,heap     ] GC(4) Humongous regions: 1->1
[1.366s][info][gc,metaspace] GC(4) Metaspace: 26869K(27072K)->26869K(27072K) NonClass: 23742K(23872K)->23742K(23872K) Class: 3127K(3200K)->3127K(3200K)
[1.366s][info][gc          ] GC(4) Pause Young (Prepare Mixed) (G1 Preventive Collection) 32M->12M(44M) 6.549ms
[1.366s][info][gc,cpu      ] GC(4) User=0.00s Sys=0.00s Real=0.01s
[1.496s][info][gc,start    ] GC(5) Pause Young (Mixed) (G1 Evacuation Pause)
[1.496s][info][gc,task     ] GC(5) Using 4 workers of 8 for evacuation
[1.499s][info][gc,phases   ] GC(5)   Pre Evacuate Collection Set: 0.0ms
[1.499s][info][gc,phases   ] GC(5)   Merge Heap Roots: 0.0ms
[1.499s][info][gc,phases   ] GC(5)   Evacuate Collection Set: 2.2ms
[1.499s][info][gc,phases   ] GC(5)   Post Evacuate Collection Set: 0.4ms
[1.499s][info][gc,phases   ] GC(5)   Other: 0.2ms
[1.499s][info][gc,heap     ] GC(5) Eden regions: 1->0(17)
[1.499s][info][gc,heap     ] GC(5) Survivor regions: 3->1(1)
[1.499s][info][gc,heap     ] GC(5) Old regions: 11->11
[1.499s][info][gc,heap     ] GC(5) Archive regions: 0->0
[1.499s][info][gc,heap     ] GC(5) Humongous regions: 1->1
[1.499s][info][gc,metaspace] GC(5) Metaspace: 27111K(27328K)->27111K(27328K) NonClass: 23960K(24064K)->23960K(24064K) Class: 3150K(3264K)->3150K(3264K)
[1.499s][info][gc          ] GC(5) Pause Young (Mixed) (G1 Evacuation Pause) 13M->12M(44M) 2.989ms
[1.499s][info][gc,cpu      ] GC(5) User=0.02s Sys=0.02s Real=0.00s
[1.674s][info][gc,start    ] GC(6) Pause Young (Normal) (G1 Evacuation Pause)
[1.674s][info][gc,task     ] GC(6) Using 3 workers of 8 for evacuation
[1.676s][info][gc,phases   ] GC(6)   Pre Evacuate Collection Set: 0.0ms
[1.676s][info][gc,phases   ] GC(6)   Merge Heap Roots: 0.0ms
[1.676s][info][gc,phases   ] GC(6)   Evacuate Collection Set: 1.8ms
[1.676s][info][gc,phases   ] GC(6)   Post Evacuate Collection Set: 0.2ms
[1.676s][info][gc,phases   ] GC(6)   Other: 0.3ms
[1.676s][info][gc,heap     ] GC(6) Eden regions: 17->0(22)
[1.676s][info][gc,heap     ] GC(6) Survivor regions: 1->2(3)
[1.676s][info][gc,heap     ] GC(6) Old regions: 11->11
[1.676s][info][gc,heap     ] GC(6) Archive regions: 0->0
[1.676s][info][gc,heap     ] GC(6) Humongous regions: 1->1
[1.676s][info][gc,metaspace] GC(6) Metaspace: 29851K(30144K)->29851K(30144K) NonClass: 26373K(26496K)->26373K(26496K) Class: 3477K(3648K)->3477K(3648K)
[1.676s][info][gc          ] GC(6) Pause Young (Normal) (G1 Evacuation Pause) 29M->13M(53M) 2.429ms
[1.676s][info][gc,cpu      ] GC(6) User=0.00s Sys=0.00s Real=0.00s
[2.136s][info][gc,start    ] GC(7) Pause Young (Normal) (G1 Evacuation Pause)
[2.136s][info][gc,task     ] GC(7) Using 2 workers of 8 for evacuation
[2.140s][info][gc,phases   ] GC(7)   Pre Evacuate Collection Set: 0.0ms
[2.140s][info][gc,phases   ] GC(7)   Merge Heap Roots: 0.0ms
[2.140s][info][gc,phases   ] GC(7)   Evacuate Collection Set: 4.2ms
[2.140s][info][gc,phases   ] GC(7)   Post Evacuate Collection Set: 0.4ms
[2.140s][info][gc,phases   ] GC(7)   Other: 0.1ms
[2.140s][info][gc,heap     ] GC(7) Eden regions: 22->0(22)
[2.140s][info][gc,heap     ] GC(7) Survivor regions: 2->2(3)
[2.140s][info][gc,heap     ] GC(7) Old regions: 11->13
[2.140s][info][gc,heap     ] GC(7) Archive regions: 0->0
[2.140s][info][gc,heap     ] GC(7) Humongous regions: 1->1
[2.140s][info][gc,metaspace] GC(7) Metaspace: 32593K(32896K)->32593K(32896K) NonClass: 28835K(28992K)->28835K(28992K) Class: 3757K(3904K)->3757K(3904K)
[2.141s][info][gc          ] GC(7) Pause Young (Normal) (G1 Evacuation Pause) 35M->15M(53M) 4.952ms
[2.141s][info][gc,cpu      ] GC(7) User=0.00s Sys=0.00s Real=0.01s
[2.585s][info][gc,start    ] GC(8) Pause Young (Normal) (G1 Evacuation Pause)
[2.585s][info][gc,task     ] GC(8) Using 2 workers of 8 for evacuation
[2.589s][info][gc,phases   ] GC(8)   Pre Evacuate Collection Set: 0.0ms
[2.589s][info][gc,phases   ] GC(8)   Merge Heap Roots: 0.0ms
[2.589s][info][gc,phases   ] GC(8)   Evacuate Collection Set: 4.1ms
[2.589s][info][gc,phases   ] GC(8)   Post Evacuate Collection Set: 0.2ms
[2.589s][info][gc,phases   ] GC(8)   Other: 0.1ms
[2.589s][info][gc,heap     ] GC(8) Eden regions: 22->0(21)
[2.589s][info][gc,heap     ] GC(8) Survivor regions: 2->2(3)
[2.589s][info][gc,heap     ] GC(8) Old regions: 13->15
[2.589s][info][gc,heap     ] GC(8) Archive regions: 0->0
[2.589s][info][gc,heap     ] GC(8) Humongous regions: 1->1
[2.589s][info][gc,metaspace] GC(8) Metaspace: 35308K(35648K)->35308K(35648K) NonClass: 31205K(31360K)->31205K(31360K) Class: 4102K(4288K)->4102K(4288K)
[2.589s][info][gc          ] GC(8) Pause Young (Normal) (G1 Evacuation Pause) 37M->17M(53M) 4.620ms
[2.589s][info][gc,cpu      ] GC(8) User=0.00s Sys=0.00s Real=0.01s
[2.690s][info][gc,start    ] GC(9) Pause Young (Concurrent Start) (Metadata GC Threshold)
[2.690s][info][gc,task     ] GC(9) Using 2 workers of 8 for evacuation
[2.693s][info][gc,phases   ] GC(9)   Pre Evacuate Collection Set: 0.1ms
[2.693s][info][gc,phases   ] GC(9)   Merge Heap Roots: 0.0ms
[2.693s][info][gc,phases   ] GC(9)   Evacuate Collection Set: 2.8ms
[2.693s][info][gc,phases   ] GC(9)   Post Evacuate Collection Set: 0.2ms
[2.693s][info][gc,phases   ] GC(9)   Other: 0.2ms
[2.693s][info][gc,heap     ] GC(9) Eden regions: 6->0(21)
[2.693s][info][gc,heap     ] GC(9) Survivor regions: 2->1(3)
[2.693s][info][gc,heap     ] GC(9) Old regions: 15->17
[2.693s][info][gc,heap     ] GC(9) Archive regions: 0->0
[2.693s][info][gc,heap     ] GC(9) Humongous regions: 1->1
[2.693s][info][gc,metaspace] GC(9) Metaspace: 35835K(36096K)->35835K(36096K) NonClass: 31648K(31744K)->31648K(31744K) Class: 4187K(4352K)->4187K(4352K)
[2.693s][info][gc          ] GC(9) Pause Young (Concurrent Start) (Metadata GC Threshold) 22M->17M(53M) 3.399ms
[2.693s][info][gc,cpu      ] GC(9) User=0.00s Sys=0.00s Real=0.00s
[2.693s][info][gc          ] GC(10) Concurrent Mark Cycle
[2.693s][info][gc,marking  ] GC(10) Concurrent Clear Claimed Marks
[2.693s][info][gc,marking  ] GC(10) Concurrent Clear Claimed Marks 0.024ms
[2.693s][info][gc,marking  ] GC(10) Concurrent Scan Root Regions
[2.694s][info][gc,marking  ] GC(10) Concurrent Scan Root Regions 1.014ms
[2.694s][info][gc,marking  ] GC(10) Concurrent Mark
[2.694s][info][gc,marking  ] GC(10) Concurrent Mark From Roots
[2.694s][info][gc,task     ] GC(10) Using 2 workers of 2 for marking
[2.703s][info][gc,marking  ] GC(10) Concurrent Mark From Roots 8.957ms
[2.703s][info][gc,marking  ] GC(10) Concurrent Preclean
[2.704s][info][gc,marking  ] GC(10) Concurrent Preclean 0.166ms
[2.704s][info][gc,start    ] GC(10) Pause Remark
[2.706s][info][gc          ] GC(10) Pause Remark 18M->18M(53M) 2.638ms
[2.706s][info][gc,cpu      ] GC(10) User=0.00s Sys=0.00s Real=0.00s
[2.707s][info][gc,marking  ] GC(10) Concurrent Mark 12.225ms
[2.707s][info][gc,marking  ] GC(10) Concurrent Rebuild Remembered Sets
[2.712s][info][gc,marking  ] GC(10) Concurrent Rebuild Remembered Sets 5.852ms
[2.713s][info][gc,start    ] GC(10) Pause Cleanup
[2.713s][info][gc          ] GC(10) Pause Cleanup 18M->18M(53M) 0.090ms
[2.713s][info][gc,cpu      ] GC(10) User=0.00s Sys=0.00s Real=0.00s
[2.713s][info][gc,marking  ] GC(10) Concurrent Cleanup for Next Mark
[2.713s][info][gc,marking  ] GC(10) Concurrent Cleanup for Next Mark 0.448ms
[2.713s][info][gc          ] GC(10) Concurrent Mark Cycle 20.129ms
[3.112s][info][gc,start    ] GC(11) Pause Young (Normal) (G1 Evacuation Pause)
[3.112s][info][gc,task     ] GC(11) Using 2 workers of 8 for evacuation
[3.117s][info][gc,phases   ] GC(11)   Pre Evacuate Collection Set: 0.1ms
[3.117s][info][gc,phases   ] GC(11)   Merge Heap Roots: 0.1ms
[3.117s][info][gc,phases   ] GC(11)   Evacuate Collection Set: 3.7ms
[3.117s][info][gc,phases   ] GC(11)   Post Evacuate Collection Set: 0.5ms
[3.117s][info][gc,phases   ] GC(11)   Other: 0.2ms
[3.117s][info][gc,heap     ] GC(11) Eden regions: 21->0(21)
[3.117s][info][gc,heap     ] GC(11) Survivor regions: 1->2(3)
[3.117s][info][gc,heap     ] GC(11) Old regions: 17->17
[3.117s][info][gc,heap     ] GC(11) Archive regions: 0->0
[3.117s][info][gc,heap     ] GC(11) Humongous regions: 1->1
[3.117s][info][gc,metaspace] GC(11) Metaspace: 39183K(39488K)->39183K(39488K) NonClass: 34414K(34560K)->34414K(34560K) Class: 4768K(4928K)->4768K(4928K)
[3.117s][info][gc          ] GC(11) Pause Young (Normal) (G1 Evacuation Pause) 38M->19M(53M) 4.732ms
[3.117s][info][gc,cpu      ] GC(11) User=0.00s Sys=0.00s Real=0.01s
[3.572s][info][gc,start    ] GC(12) Pause Young (Normal) (G1 Evacuation Pause)
[3.572s][info][gc,task     ] GC(12) Using 2 workers of 8 for evacuation
[3.577s][info][gc,phases   ] GC(12)   Pre Evacuate Collection Set: 0.1ms
[3.577s][info][gc,phases   ] GC(12)   Merge Heap Roots: 0.1ms
[3.577s][info][gc,phases   ] GC(12)   Evacuate Collection Set: 5.2ms
[3.577s][info][gc,phases   ] GC(12)   Post Evacuate Collection Set: 0.3ms
[3.577s][info][gc,phases   ] GC(12)   Other: 0.1ms
[3.577s][info][gc,heap     ] GC(12) Eden regions: 21->0(19)
[3.577s][info][gc,heap     ] GC(12) Survivor regions: 2->3(3)
[3.577s][info][gc,heap     ] GC(12) Old regions: 17->18
[3.577s][info][gc,heap     ] GC(12) Archive regions: 0->0
[3.577s][info][gc,heap     ] GC(12) Humongous regions: 1->1
[3.577s][info][gc,metaspace] GC(12) Metaspace: 42850K(43200K)->42850K(43200K) NonClass: 37547K(37760K)->37547K(37760K) Class: 5303K(5440K)->5303K(5440K)
[3.577s][info][gc          ] GC(12) Pause Young (Normal) (G1 Evacuation Pause) 40M->21M(53M) 5.832ms
[3.577s][info][gc,cpu      ] GC(12) User=0.00s Sys=0.00s Real=0.01s
[4.053s][info][gc,start    ] GC(13) Pause Young (Normal) (G1 Evacuation Pause)
[4.053s][info][gc,task     ] GC(13) Using 2 workers of 8 for evacuation
[4.062s][info][gc,phases   ] GC(13)   Pre Evacuate Collection Set: 0.1ms
[4.062s][info][gc,phases   ] GC(13)   Merge Heap Roots: 0.1ms
[4.062s][info][gc,phases   ] GC(13)   Evacuate Collection Set: 8.4ms
[4.062s][info][gc,phases   ] GC(13)   Post Evacuate Collection Set: 0.5ms
[4.062s][info][gc,phases   ] GC(13)   Other: 0.3ms
[4.062s][info][gc,heap     ] GC(13) Eden regions: 19->0(24)
[4.062s][info][gc,heap     ] GC(13) Survivor regions: 3->3(3)
[4.062s][info][gc,heap     ] GC(13) Old regions: 18->21
[4.062s][info][gc,heap     ] GC(13) Archive regions: 0->0
[4.062s][info][gc,heap     ] GC(13) Humongous regions: 1->1
[4.062s][info][gc,metaspace] GC(13) Metaspace: 46633K(47040K)->46633K(47040K) NonClass: 40867K(41088K)->40867K(41088K) Class: 5766K(5952K)->5766K(5952K)
[4.063s][info][gc          ] GC(13) Pause Young (Normal) (G1 Evacuation Pause) 40M->23M(64M) 9.357ms
[4.063s][info][gc,cpu      ] GC(13) User=0.00s Sys=0.00s Real=0.01s
[4.606s][info][gc,start    ] GC(14) Pause Young (Normal) (G1 Evacuation Pause)
[4.606s][info][gc,task     ] GC(14) Using 8 workers of 8 for evacuation
[4.611s][info][gc,phases   ] GC(14)   Pre Evacuate Collection Set: 0.1ms
[4.611s][info][gc,phases   ] GC(14)   Merge Heap Roots: 0.1ms
[4.611s][info][gc,phases   ] GC(14)   Evacuate Collection Set: 3.8ms
[4.611s][info][gc,phases   ] GC(14)   Post Evacuate Collection Set: 0.3ms
[4.611s][info][gc,phases   ] GC(14)   Other: 0.1ms
[4.611s][info][gc,heap     ] GC(14) Eden regions: 24->0(24)
[4.611s][info][gc,heap     ] GC(14) Survivor regions: 3->4(4)
[4.611s][info][gc,heap     ] GC(14) Old regions: 21->21
[4.611s][info][gc,heap     ] GC(14) Archive regions: 0->0
[4.611s][info][gc,heap     ] GC(14) Humongous regions: 1->1
[4.611s][info][gc,metaspace] GC(14) Metaspace: 49519K(49984K)->49519K(49984K) NonClass: 43337K(43584K)->43337K(43584K) Class: 6181K(6400K)->6181K(6400K)
[4.611s][info][gc          ] GC(14) Pause Young (Normal) (G1 Evacuation Pause) 47M->24M(64M) 4.563ms
[4.611s][info][gc,cpu      ] GC(14) User=0.03s Sys=0.00s Real=0.00s
[5.301s][info][gc,start    ] GC(15) Pause Young (Normal) (G1 Evacuation Pause)
[5.301s][info][gc,task     ] GC(15) Using 8 workers of 8 for evacuation
[5.306s][info][gc,phases   ] GC(15)   Pre Evacuate Collection Set: 0.1ms
[5.307s][info][gc,phases   ] GC(15)   Merge Heap Roots: 0.1ms
[5.307s][info][gc,phases   ] GC(15)   Evacuate Collection Set: 4.4ms
[5.307s][info][gc,phases   ] GC(15)   Post Evacuate Collection Set: 0.6ms
[5.307s][info][gc,phases   ] GC(15)   Other: 0.2ms
[5.307s][info][gc,heap     ] GC(15) Eden regions: 24->0(24)
[5.307s][info][gc,heap     ] GC(15) Survivor regions: 4->3(4)
[5.307s][info][gc,heap     ] GC(15) Old regions: 21->23
[5.307s][info][gc,heap     ] GC(15) Archive regions: 0->0
[5.307s][info][gc,heap     ] GC(15) Humongous regions: 1->1
[5.307s][info][gc,metaspace] GC(15) Metaspace: 55833K(56256K)->55833K(56256K) NonClass: 48822K(49024K)->48822K(49024K) Class: 7011K(7232K)->7011K(7232K)
[5.307s][info][gc          ] GC(15) Pause Young (Normal) (G1 Evacuation Pause) 48M->26M(64M) 5.423ms
[5.307s][info][gc,cpu      ] GC(15) User=0.00s Sys=0.00s Real=0.00s
[5.683s][info][gc,start    ] GC(16) Pause Young (Concurrent Start) (Metadata GC Threshold)
[5.683s][info][gc,task     ] GC(16) Using 8 workers of 8 for evacuation
[5.686s][info][gc,phases   ] GC(16)   Pre Evacuate Collection Set: 0.1ms
[5.686s][info][gc,phases   ] GC(16)   Merge Heap Roots: 0.0ms
[5.686s][info][gc,phases   ] GC(16)   Evacuate Collection Set: 2.4ms
[5.686s][info][gc,phases   ] GC(16)   Post Evacuate Collection Set: 0.3ms
[5.686s][info][gc,phases   ] GC(16)   Other: 0.2ms
[5.686s][info][gc,heap     ] GC(16) Eden regions: 17->0(23)
[5.686s][info][gc,heap     ] GC(16) Survivor regions: 3->3(4)
[5.686s][info][gc,heap     ] GC(16) Old regions: 23->24
[5.686s][info][gc,heap     ] GC(16) Archive regions: 0->0
[5.686s][info][gc,heap     ] GC(16) Humongous regions: 1->1
[5.686s][info][gc,metaspace] GC(16) Metaspace: 59850K(60288K)->59850K(60288K) NonClass: 52215K(52480K)->52215K(52480K) Class: 7634K(7808K)->7634K(7808K)
[5.686s][info][gc          ] GC(16) Pause Young (Concurrent Start) (Metadata GC Threshold) 43M->27M(64M) 3.070ms
[5.686s][info][gc,cpu      ] GC(16) User=0.02s Sys=0.00s Real=0.00s
[5.686s][info][gc          ] GC(17) Concurrent Mark Cycle
[5.686s][info][gc,marking  ] GC(17) Concurrent Clear Claimed Marks
[5.686s][info][gc,marking  ] GC(17) Concurrent Clear Claimed Marks 0.068ms
[5.686s][info][gc,marking  ] GC(17) Concurrent Scan Root Regions
[5.688s][info][gc,marking  ] GC(17) Concurrent Scan Root Regions 2.347ms
[5.688s][info][gc,marking  ] GC(17) Concurrent Mark
[5.688s][info][gc,marking  ] GC(17) Concurrent Mark From Roots
[5.688s][info][gc,task     ] GC(17) Using 2 workers of 2 for marking
[5.700s][info][gc,marking  ] GC(17) Concurrent Mark From Roots 11.241ms
[5.700s][info][gc,marking  ] GC(17) Concurrent Preclean
[5.700s][info][gc,marking  ] GC(17) Concurrent Preclean 0.064ms
[5.700s][info][gc,start    ] GC(17) Pause Remark
[5.704s][info][gc          ] GC(17) Pause Remark 27M->27M(64M) 3.974ms
[5.704s][info][gc,cpu      ] GC(17) User=0.00s Sys=0.00s Real=0.00s
[5.704s][info][gc,marking  ] GC(17) Concurrent Mark 15.781ms
[5.704s][info][gc,marking  ] GC(17) Concurrent Rebuild Remembered Sets
[5.712s][info][gc,marking  ] GC(17) Concurrent Rebuild Remembered Sets 7.489ms
[5.712s][info][gc,start    ] GC(17) Pause Cleanup
[5.712s][info][gc          ] GC(17) Pause Cleanup 27M->27M(64M) 0.072ms
[5.712s][info][gc,cpu      ] GC(17) User=0.00s Sys=0.00s Real=0.00s
[5.712s][info][gc,marking  ] GC(17) Concurrent Cleanup for Next Mark
[5.713s][info][gc,marking  ] GC(17) Concurrent Cleanup for Next Mark 0.291ms
[5.713s][info][gc          ] GC(17) Concurrent Mark Cycle 26.751ms
[6.243s][info][gc,start    ] GC(18) Pause Young (Normal) (G1 Evacuation Pause)
[6.243s][info][gc,task     ] GC(18) Using 8 workers of 8 for evacuation
[6.247s][info][gc,phases   ] GC(18)   Pre Evacuate Collection Set: 0.1ms
[6.247s][info][gc,phases   ] GC(18)   Merge Heap Roots: 0.1ms
[6.247s][info][gc,phases   ] GC(18)   Evacuate Collection Set: 2.8ms
[6.247s][info][gc,phases   ] GC(18)   Post Evacuate Collection Set: 0.5ms
[6.247s][info][gc,phases   ] GC(18)   Other: 0.2ms
[6.247s][info][gc,heap     ] GC(18) Eden regions: 23->0(22)
[6.247s][info][gc,heap     ] GC(18) Survivor regions: 3->3(4)
[6.247s][info][gc,heap     ] GC(18) Old regions: 24->26
[6.247s][info][gc,heap     ] GC(18) Archive regions: 0->0
[6.247s][info][gc,heap     ] GC(18) Humongous regions: 1->1
[6.247s][info][gc,metaspace] GC(18) Metaspace: 66361K(66816K)->66361K(66816K) NonClass: 57671K(57920K)->57671K(57920K) Class: 8689K(8896K)->8689K(8896K)
[6.247s][info][gc          ] GC(18) Pause Young (Normal) (G1 Evacuation Pause) 50M->28M(64M) 3.734ms
[6.247s][info][gc,cpu      ] GC(18) User=0.00s Sys=0.00s Real=0.00s
[6.636s][info][gc,start    ] GC(19) Pause Young (Normal) (G1 Evacuation Pause)
[6.636s][info][gc,task     ] GC(19) Using 8 workers of 8 for evacuation
[6.641s][info][gc,phases   ] GC(19)   Pre Evacuate Collection Set: 0.0ms
[6.641s][info][gc,phases   ] GC(19)   Merge Heap Roots: 0.1ms
[6.641s][info][gc,phases   ] GC(19)   Evacuate Collection Set: 3.6ms
[6.641s][info][gc,phases   ] GC(19)   Post Evacuate Collection Set: 0.7ms
[6.641s][info][gc,phases   ] GC(19)   Other: 0.1ms
[6.641s][info][gc,heap     ] GC(19) Eden regions: 22->0(21)
[6.641s][info][gc,heap     ] GC(19) Survivor regions: 3->4(4)
[6.641s][info][gc,heap     ] GC(19) Old regions: 26->26
[6.641s][info][gc,heap     ] GC(19) Archive regions: 0->0
[6.641s][info][gc,heap     ] GC(19) Humongous regions: 1->1
[6.641s][info][gc,metaspace] GC(19) Metaspace: 70948K(71424K)->70948K(71424K) NonClass: 61542K(61824K)->61542K(61824K) Class: 9405K(9600K)->9405K(9600K)
[6.641s][info][gc          ] GC(19) Pause Young (Normal) (G1 Evacuation Pause) 50M->29M(64M) 4.644ms
[6.641s][info][gc,cpu      ] GC(19) User=0.03s Sys=0.00s Real=0.01s
[6.908s][info][gc,start    ] GC(20) Pause Young (Normal) (G1 Evacuation Pause)
[6.908s][info][gc,task     ] GC(20) Using 8 workers of 8 for evacuation
[6.912s][info][gc,phases   ] GC(20)   Pre Evacuate Collection Set: 0.1ms
[6.912s][info][gc,phases   ] GC(20)   Merge Heap Roots: 0.1ms
[6.912s][info][gc,phases   ] GC(20)   Evacuate Collection Set: 3.6ms
[6.912s][info][gc,phases   ] GC(20)   Post Evacuate Collection Set: 0.6ms
[6.912s][info][gc,phases   ] GC(20)   Other: 0.2ms
[6.912s][info][gc,heap     ] GC(20) Eden regions: 21->0(21)
[6.912s][info][gc,heap     ] GC(20) Survivor regions: 4->3(4)
[6.912s][info][gc,heap     ] GC(20) Old regions: 26->28
[6.912s][info][gc,heap     ] GC(20) Archive regions: 0->0
[6.912s][info][gc,heap     ] GC(20) Humongous regions: 1->1
[6.912s][info][gc,metaspace] GC(20) Metaspace: 73232K(73728K)->73232K(73728K) NonClass: 63534K(63808K)->63534K(63808K) Class: 9697K(9920K)->9697K(9920K)
[6.912s][info][gc          ] GC(20) Pause Young (Normal) (G1 Evacuation Pause) 50M->30M(64M) 4.737ms
[6.912s][info][gc,cpu      ] GC(20) User=0.00s Sys=0.00s Real=0.01s
[6.955s][info][gc,start    ] GC(21) Pause Young (Concurrent Start) (G1 Evacuation Pause)
[6.955s][info][gc,task     ] GC(21) Using 8 workers of 8 for evacuation
[6.958s][info][gc,phases   ] GC(21)   Pre Evacuate Collection Set: 0.1ms
[6.958s][info][gc,phases   ] GC(21)   Merge Heap Roots: 0.1ms
[6.958s][info][gc,phases   ] GC(21)   Evacuate Collection Set: 2.6ms
[6.958s][info][gc,phases   ] GC(21)   Post Evacuate Collection Set: 0.3ms
[6.958s][info][gc,phases   ] GC(21)   Other: 0.2ms
[6.958s][info][gc,heap     ] GC(21) Eden regions: 21->0(21)
[6.958s][info][gc,heap     ] GC(21) Survivor regions: 3->2(3)
[6.958s][info][gc,heap     ] GC(21) Old regions: 28->29
[6.958s][info][gc,heap     ] GC(21) Archive regions: 0->0
[6.958s][info][gc,heap     ] GC(21) Humongous regions: 1->1
[6.958s][info][gc,metaspace] GC(21) Metaspace: 73233K(73728K)->73233K(73728K) NonClass: 63535K(63808K)->63535K(63808K) Class: 9697K(9920K)->9697K(9920K)
[6.958s][info][gc          ] GC(21) Pause Young (Concurrent Start) (G1 Evacuation Pause) 51M->30M(64M) 3.465ms
[6.958s][info][gc,cpu      ] GC(21) User=0.00s Sys=0.00s Real=0.00s
[6.958s][info][gc          ] GC(22) Concurrent Mark Cycle
[6.958s][info][gc,marking  ] GC(22) Concurrent Clear Claimed Marks
[6.958s][info][gc,marking  ] GC(22) Concurrent Clear Claimed Marks 0.054ms
[6.958s][info][gc,marking  ] GC(22) Concurrent Scan Root Regions
[6.961s][info][gc,marking  ] GC(22) Concurrent Scan Root Regions 2.455ms
[6.961s][info][gc,marking  ] GC(22) Concurrent Mark
[6.961s][info][gc,marking  ] GC(22) Concurrent Mark From Roots
[6.961s][info][gc,task     ] GC(22) Using 2 workers of 2 for marking
[6.982s][info][gc,marking  ] GC(22) Concurrent Mark From Roots 21.566ms
[6.982s][info][gc,marking  ] GC(22) Concurrent Preclean
[6.983s][info][gc,marking  ] GC(22) Concurrent Preclean 0.291ms
[6.983s][info][gc,start    ] GC(22) Pause Remark
[6.986s][info][gc          ] GC(22) Pause Remark 40M->40M(70M) 3.443ms
[6.986s][info][gc,cpu      ] GC(22) User=0.00s Sys=0.00s Real=0.00s
[6.986s][info][gc,marking  ] GC(22) Concurrent Mark 25.790ms
[6.986s][info][gc,marking  ] GC(22) Concurrent Rebuild Remembered Sets
[6.998s][info][gc,marking  ] GC(22) Concurrent Rebuild Remembered Sets 11.364ms
[6.998s][info][gc,start    ] GC(22) Pause Cleanup
[6.998s][info][gc          ] GC(22) Pause Cleanup 41M->41M(70M) 0.103ms
[6.998s][info][gc,cpu      ] GC(22) User=0.00s Sys=0.00s Real=0.00s
[6.998s][info][gc,marking  ] GC(22) Concurrent Cleanup for Next Mark
[6.999s][info][gc,marking  ] GC(22) Concurrent Cleanup for Next Mark 0.253ms
[6.999s][info][gc          ] GC(22) Concurrent Mark Cycle 40.530ms
[7.212s][info][gc,start    ] GC(23) Pause Young (Normal) (G1 Evacuation Pause)
[7.212s][info][gc,task     ] GC(23) Using 8 workers of 8 for evacuation
[7.215s][info][gc,phases   ] GC(23)   Pre Evacuate Collection Set: 0.1ms
[7.215s][info][gc,phases   ] GC(23)   Merge Heap Roots: 0.1ms
[7.215s][info][gc,phases   ] GC(23)   Evacuate Collection Set: 2.6ms
[7.215s][info][gc,phases   ] GC(23)   Post Evacuate Collection Set: 0.4ms
[7.215s][info][gc,phases   ] GC(23)   Other: 0.2ms
[7.215s][info][gc,heap     ] GC(23) Eden regions: 21->0(27)
[7.215s][info][gc,heap     ] GC(23) Survivor regions: 2->2(3)
[7.215s][info][gc,heap     ] GC(23) Old regions: 29->29
[7.215s][info][gc,heap     ] GC(23) Archive regions: 0->0
[7.215s][info][gc,heap     ] GC(23) Humongous regions: 1->1
[7.215s][info][gc,metaspace] GC(23) Metaspace: 74494K(75008K)->74494K(75008K) NonClass: 64560K(64832K)->64560K(64832K) Class: 9934K(10176K)->9934K(10176K)
[7.215s][info][gc          ] GC(23) Pause Young (Normal) (G1 Evacuation Pause) 51M->31M(70M) 3.598ms
[7.215s][info][gc,cpu      ] GC(23) User=0.00s Sys=0.00s Real=0.00s
[7.642s][info][gc,start    ] GC(24) Pause Young (Normal) (G1 Evacuation Pause)
[7.642s][info][gc,task     ] GC(24) Using 8 workers of 8 for evacuation
[7.646s][info][gc,phases   ] GC(24)   Pre Evacuate Collection Set: 0.1ms
[7.646s][info][gc,phases   ] GC(24)   Merge Heap Roots: 0.1ms
[7.646s][info][gc,phases   ] GC(24)   Evacuate Collection Set: 3.6ms
[7.646s][info][gc,phases   ] GC(24)   Post Evacuate Collection Set: 0.5ms
[7.646s][info][gc,phases   ] GC(24)   Other: 0.3ms
[7.646s][info][gc,heap     ] GC(24) Eden regions: 27->0(34)
[7.646s][info][gc,heap     ] GC(24) Survivor regions: 2->4(4)
[7.646s][info][gc,heap     ] GC(24) Old regions: 29->29
[7.646s][info][gc,heap     ] GC(24) Archive regions: 0->0
[7.646s][info][gc,heap     ] GC(24) Humongous regions: 1->1
[7.646s][info][gc,metaspace] GC(24) Metaspace: 78084K(78656K)->78084K(78656K) NonClass: 67680K(67968K)->67680K(67968K) Class: 10404K(10688K)->10404K(10688K)
[7.646s][info][gc          ] GC(24) Pause Young (Normal) (G1 Evacuation Pause) 58M->32M(84M) 4.815ms
[7.646s][info][gc,cpu      ] GC(24) User=0.00s Sys=0.00s Real=0.01s
[8.402s][info][gc,start    ] GC(25) Pause Young (Normal) (G1 Evacuation Pause)
[8.402s][info][gc,task     ] GC(25) Using 8 workers of 8 for evacuation
[8.409s][info][gc,phases   ] GC(25)   Pre Evacuate Collection Set: 0.1ms
[8.409s][info][gc,phases   ] GC(25)   Merge Heap Roots: 0.1ms
[8.409s][info][gc,phases   ] GC(25)   Evacuate Collection Set: 5.3ms
[8.409s][info][gc,phases   ] GC(25)   Post Evacuate Collection Set: 0.7ms
[8.409s][info][gc,phases   ] GC(25)   Other: 0.3ms
[8.409s][info][gc,heap     ] GC(25) Eden regions: 34->0(31)
[8.409s][info][gc,heap     ] GC(25) Survivor regions: 4->5(5)
[8.409s][info][gc,heap     ] GC(25) Old regions: 29->30
[8.409s][info][gc,heap     ] GC(25) Archive regions: 0->0
[8.409s][info][gc,heap     ] GC(25) Humongous regions: 1->1
[8.409s][info][gc,metaspace] GC(25) Metaspace: 83995K(84608K)->83995K(84608K) NonClass: 72888K(73216K)->72888K(73216K) Class: 11106K(11392K)->11106K(11392K)
[8.409s][info][gc          ] GC(25) Pause Young (Normal) (G1 Evacuation Pause) 66M->35M(84M) 6.624ms
[8.409s][info][gc,cpu      ] GC(25) User=0.03s Sys=0.02s Real=0.01s
[9.094s][info][gc,start    ] GC(26) Pause Young (Normal) (G1 Evacuation Pause)
[9.094s][info][gc,task     ] GC(26) Using 8 workers of 8 for evacuation
[9.100s][info][gc,phases   ] GC(26)   Pre Evacuate Collection Set: 0.1ms
[9.100s][info][gc,phases   ] GC(26)   Merge Heap Roots: 0.1ms
[9.100s][info][gc,phases   ] GC(26)   Evacuate Collection Set: 5.3ms
[9.101s][info][gc,phases   ] GC(26)   Post Evacuate Collection Set: 0.5ms
[9.101s][info][gc,phases   ] GC(26)   Other: 0.2ms
[9.101s][info][gc,heap     ] GC(26) Eden regions: 31->0(30)
[9.101s][info][gc,heap     ] GC(26) Survivor regions: 5->3(5)
[9.101s][info][gc,heap     ] GC(26) Old regions: 30->35
[9.101s][info][gc,heap     ] GC(26) Archive regions: 0->0
[9.101s][info][gc,heap     ] GC(26) Humongous regions: 1->1
[9.101s][info][gc,metaspace] GC(26) Metaspace: 87261K(87744K)->87261K(87744K) NonClass: 75650K(75904K)->75650K(75904K) Class: 11610K(11840K)->11610K(11840K)
[9.101s][info][gc          ] GC(26) Pause Young (Normal) (G1 Evacuation Pause) 66M->37M(84M) 6.324ms
[9.101s][info][gc,cpu      ] GC(26) User=0.00s Sys=0.00s Real=0.01s
[9.610s][info][gc,start    ] GC(27) Pause Young (Normal) (G1 Evacuation Pause)
[9.610s][info][gc,task     ] GC(27) Using 8 workers of 8 for evacuation
[9.617s][info][gc,phases   ] GC(27)   Pre Evacuate Collection Set: 0.1ms
[9.617s][info][gc,phases   ] GC(27)   Merge Heap Roots: 0.1ms
[9.617s][info][gc,phases   ] GC(27)   Evacuate Collection Set: 5.6ms
[9.617s][info][gc,phases   ] GC(27)   Post Evacuate Collection Set: 0.7ms
[9.617s][info][gc,phases   ] GC(27)   Other: 0.3ms
[9.617s][info][gc,heap     ] GC(27) Eden regions: 30->0(28)
[9.617s][info][gc,heap     ] GC(27) Survivor regions: 3->5(5)
[9.617s][info][gc,heap     ] GC(27) Old regions: 35->35
[9.617s][info][gc,heap     ] GC(27) Archive regions: 0->0
[9.617s][info][gc,heap     ] GC(27) Humongous regions: 1->1
[9.617s][info][gc,metaspace] GC(27) Metaspace: 89685K(90240K)->89685K(90240K) NonClass: 77782K(78080K)->77782K(78080K) Class: 11903K(12160K)->11903K(12160K)
[9.617s][info][gc          ] GC(27) Pause Young (Normal) (G1 Evacuation Pause) 67M->39M(84M) 7.039ms
[9.617s][info][gc,cpu      ] GC(27) User=0.00s Sys=0.00s Real=0.01s
[9.961s][info][gc,start    ] GC(28) Pause Young (Normal) (G1 Evacuation Pause)
[9.961s][info][gc,task     ] GC(28) Using 8 workers of 8 for evacuation
[9.967s][info][gc,phases   ] GC(28)   Pre Evacuate Collection Set: 0.0ms
[9.967s][info][gc,phases   ] GC(28)   Merge Heap Roots: 0.1ms
[9.967s][info][gc,phases   ] GC(28)   Evacuate Collection Set: 4.5ms
[9.967s][info][gc,phases   ] GC(28)   Post Evacuate Collection Set: 0.8ms
[9.967s][info][gc,phases   ] GC(28)   Other: 0.2ms
[9.967s][info][gc,heap     ] GC(28) Eden regions: 28->0(26)
[9.967s][info][gc,heap     ] GC(28) Survivor regions: 5->5(5)
[9.967s][info][gc,heap     ] GC(28) Old regions: 35->37
[9.967s][info][gc,heap     ] GC(28) Archive regions: 0->0
[9.967s][info][gc,heap     ] GC(28) Humongous regions: 1->1
[9.967s][info][gc,metaspace] GC(28) Metaspace: 91237K(91840K)->91237K(91840K) NonClass: 79078K(79424K)->79078K(79424K) Class: 12158K(12416K)->12158K(12416K)
[9.967s][info][gc          ] GC(28) Pause Young (Normal) (G1 Evacuation Pause) 67M->41M(84M) 5.761ms
[9.967s][info][gc,cpu      ] GC(28) User=0.02s Sys=0.00s Real=0.01s
[29.224s][info][gc,start    ] GC(29) Pause Young (Concurrent Start) (G1 Evacuation Pause)
[29.224s][info][gc,task     ] GC(29) Using 8 workers of 8 for evacuation
[29.229s][info][gc,phases   ] GC(29)   Pre Evacuate Collection Set: 0.1ms
[29.229s][info][gc,phases   ] GC(29)   Merge Heap Roots: 0.1ms
[29.229s][info][gc,phases   ] GC(29)   Evacuate Collection Set: 4.4ms
[29.229s][info][gc,phases   ] GC(29)   Post Evacuate Collection Set: 0.6ms
[29.229s][info][gc,phases   ] GC(29)   Other: 0.2ms
[29.229s][info][gc,heap     ] GC(29) Eden regions: 26->0(25)
[29.229s][info][gc,heap     ] GC(29) Survivor regions: 5->4(4)
[29.229s][info][gc,heap     ] GC(29) Old regions: 37->39
[29.229s][info][gc,heap     ] GC(29) Archive regions: 0->0
[29.229s][info][gc,heap     ] GC(29) Humongous regions: 1->1
[29.229s][info][gc,metaspace] GC(29) Metaspace: 97485K(98112K)->97485K(98112K) NonClass: 84553K(84864K)->84553K(84864K) Class: 12932K(13248K)->12932K(13248K)
[29.229s][info][gc          ] GC(29) Pause Young (Concurrent Start) (G1 Evacuation Pause) 67M->43M(84M) 5.415ms
[29.229s][info][gc,cpu      ] GC(29) User=0.00s Sys=0.00s Real=0.01s
[29.230s][info][gc          ] GC(30) Concurrent Mark Cycle
[29.230s][info][gc,marking  ] GC(30) Concurrent Clear Claimed Marks
[29.230s][info][gc,marking  ] GC(30) Concurrent Clear Claimed Marks 0.098ms
[29.230s][info][gc,marking  ] GC(30) Concurrent Scan Root Regions
[29.237s][info][gc,marking  ] GC(30) Concurrent Scan Root Regions 7.748ms
[29.237s][info][gc,marking  ] GC(30) Concurrent Mark
[29.237s][info][gc,marking  ] GC(30) Concurrent Mark From Roots
[29.238s][info][gc,task     ] GC(30) Using 2 workers of 2 for marking
[29.269s][info][gc,marking  ] GC(30) Concurrent Mark From Roots 31.351ms
[29.269s][info][gc,marking  ] GC(30) Concurrent Preclean
[29.269s][info][gc,marking  ] GC(30) Concurrent Preclean 0.184ms
[29.269s][info][gc,start    ] GC(30) Pause Remark
[29.273s][info][gc          ] GC(30) Pause Remark 46M->46M(84M) 3.516ms
[29.273s][info][gc,cpu      ] GC(30) User=0.00s Sys=0.00s Real=0.00s
[29.273s][info][gc,marking  ] GC(30) Concurrent Mark 35.500ms
[29.273s][info][gc,marking  ] GC(30) Concurrent Rebuild Remembered Sets
[29.289s][info][gc,marking  ] GC(30) Concurrent Rebuild Remembered Sets 15.910ms
[29.290s][info][gc,start    ] GC(30) Pause Cleanup
[29.290s][info][gc          ] GC(30) Pause Cleanup 46M->46M(84M) 0.073ms
[29.290s][info][gc,cpu      ] GC(30) User=0.00s Sys=0.00s Real=0.00s
[29.290s][info][gc,marking  ] GC(30) Concurrent Cleanup for Next Mark
[29.290s][info][gc,marking  ] GC(30) Concurrent Cleanup for Next Mark 0.241ms
[29.290s][info][gc          ] GC(30) Concurrent Mark Cycle 60.705ms
[30.377s][info][gc,start    ] GC(31) Pause Young (Prepare Mixed) (G1 Evacuation Pause)
[30.377s][info][gc,task     ] GC(31) Using 8 workers of 8 for evacuation
[30.382s][info][gc,phases   ] GC(31)   Pre Evacuate Collection Set: 0.1ms
[30.382s][info][gc,phases   ] GC(31)   Merge Heap Roots: 0.1ms
[30.382s][info][gc,phases   ] GC(31)   Evacuate Collection Set: 3.7ms
[30.382s][info][gc,phases   ] GC(31)   Post Evacuate Collection Set: 1.0ms
[30.382s][info][gc,phases   ] GC(31)   Other: 0.1ms
[30.382s][info][gc,heap     ] GC(31) Eden regions: 25->0(1)
[30.382s][info][gc,heap     ] GC(31) Survivor regions: 4->3(4)
[30.382s][info][gc,heap     ] GC(31) Old regions: 39->43
[30.382s][info][gc,heap     ] GC(31) Archive regions: 0->0
[30.382s][info][gc,heap     ] GC(31) Humongous regions: 1->1
[30.382s][info][gc,metaspace] GC(31) Metaspace: 103757K(104384K)->103757K(104384K) NonClass: 89969K(90304K)->89969K(90304K) Class: 13787K(14080K)->13787K(14080K)
[30.382s][info][gc          ] GC(31) Pause Young (Prepare Mixed) (G1 Evacuation Pause) 68M->46M(84M) 5.221ms
[30.382s][info][gc,cpu      ] GC(31) User=0.00s Sys=0.00s Real=0.00s
[34.442s][info][gc,start    ] GC(32) Pause Young (Mixed) (G1 Evacuation Pause)
[34.442s][info][gc,task     ] GC(32) Using 8 workers of 8 for evacuation
[34.445s][info][gc,phases   ] GC(32)   Pre Evacuate Collection Set: 0.1ms
[34.445s][info][gc,phases   ] GC(32)   Merge Heap Roots: 0.1ms
[34.445s][info][gc,phases   ] GC(32)   Evacuate Collection Set: 2.6ms
[34.445s][info][gc,phases   ] GC(32)   Post Evacuate Collection Set: 0.8ms
[34.445s][info][gc,phases   ] GC(32)   Other: 0.1ms
[34.445s][info][gc,heap     ] GC(32) Eden regions: 1->0(22)
[34.445s][info][gc,heap     ] GC(32) Survivor regions: 3->1(1)
[34.445s][info][gc,heap     ] GC(32) Old regions: 43->45
[34.445s][info][gc,heap     ] GC(32) Archive regions: 0->0
[34.445s][info][gc,heap     ] GC(32) Humongous regions: 1->1
[34.445s][info][gc,metaspace] GC(32) Metaspace: 103923K(104576K)->103923K(104576K) NonClass: 90123K(90496K)->90123K(90496K) Class: 13800K(14080K)->13800K(14080K)
[34.446s][info][gc          ] GC(32) Pause Young (Mixed) (G1 Evacuation Pause) 47M->46M(84M) 3.808ms
[34.446s][info][gc,cpu      ] GC(32) User=0.00s Sys=0.00s Real=0.01s
